Archive member included to satisfy reference by file (symbol)

/opt/devkitpro/libogc/lib/cube/libogc.a(console.o)
                              main.o (CON_Init)
/opt/devkitpro/libogc/lib/cube/libogc.a(video.o)
                              /opt/devkitpro/libogc/lib/cube/libogc.a(console.o) (VIDEO_GetCurrentFramebuffer)
/opt/devkitpro/libogc/lib/cube/libogc.a(pad.o)
                              main.o (PAD_Init)
/opt/devkitpro/libogc/lib/cube/libogc.a(system.o)
                              /opt/devkitpro/libogc/lib/cube/libogc.a(video.o) (__SYS_LockSram)
/opt/devkitpro/libogc/lib/cube/libogc.a(system_asm.o)
                              /opt/devkitpro/libogc/lib/cube/libogc.a(system.o) (__reset)
/opt/devkitpro/libogc/lib/cube/libogc.a(cond.o)
                              /opt/devkitpro/libogc/lib/cube/libogc.a(system.o) (__lwp_cond_init)
/opt/devkitpro/libogc/lib/cube/libogc.a(decrementer.o)
                              /opt/devkitpro/libogc/lib/cube/libogc.a(system.o) (__decrementer_init)
/opt/devkitpro/libogc/lib/cube/libogc.a(message.o)
                              /opt/devkitpro/libogc/lib/cube/libogc.a(system.o) (__lwp_mqbox_init)
/opt/devkitpro/libogc/lib/cube/libogc.a(si.o)
                              /opt/devkitpro/libogc/lib/cube/libogc.a(pad.o) (SI_Busy)
/opt/devkitpro/libogc/lib/cube/libogc.a(ogc_crt0.o)
                              (_start)
/opt/devkitpro/libogc/lib/cube/libogc.a(console_font_8x16.o)
                              /opt/devkitpro/libogc/lib/cube/libogc.a(console.o) (console_font_8x16)
/opt/devkitpro/libogc/lib/cube/libogc.a(timesupp.o)
                              /opt/devkitpro/libogc/lib/cube/libogc.a(system.o) (gettick)
/opt/devkitpro/libogc/lib/cube/libogc.a(lock_supp.o)
                              /opt/devkitpro/libogc/lib/cube/libogc.a(system.o) (__syscall_lock_init)
/opt/devkitpro/libogc/lib/cube/libogc.a(usbgecko.o)
                              /opt/devkitpro/libogc/lib/cube/libogc.a(console.o) (usb_isgeckoalive)
/opt/devkitpro/libogc/lib/cube/libogc.a(sbrk.o)
                              /opt/devkitpro/libogc/lib/cube/libogc.a(system.o) (_sbrk_r)
/opt/devkitpro/libogc/lib/cube/libogc.a(malloc_lock.o)
                              /opt/devkitpro/libogc/lib/cube/libogc.a(system.o) (__memlock_init)
/opt/devkitpro/libogc/lib/cube/libogc.a(argv.o)
                              /opt/devkitpro/libogc/lib/cube/libogc.a(ogc_crt0.o) (__CheckARGV)
/opt/devkitpro/libogc/lib/cube/libogc.a(lwp_priority.o)
                              /opt/devkitpro/libogc/lib/cube/libogc.a(system.o) (__lwp_priority_init)
/opt/devkitpro/libogc/lib/cube/libogc.a(lwp_threadq.o)
                              /opt/devkitpro/libogc/lib/cube/libogc.a(cond.o) (__lwp_threadqueue_init)
/opt/devkitpro/libogc/lib/cube/libogc.a(lwp_threads.o)
                              /opt/devkitpro/libogc/lib/cube/libogc.a(cond.o) (_thr_executing)
/opt/devkitpro/libogc/lib/cube/libogc.a(lwp_messages.o)
                              /opt/devkitpro/libogc/lib/cube/libogc.a(message.o) (__lwpmq_initialize)
/opt/devkitpro/libogc/lib/cube/libogc.a(lwp.o)
                              /opt/devkitpro/libogc/lib/cube/libogc.a(system.o) (__lwp_sysinit)
/opt/devkitpro/libogc/lib/cube/libogc.a(lwp_handler.o)
                              /opt/devkitpro/libogc/lib/cube/libogc.a(lwp_threads.o) (_cpu_context_save_fp)
/opt/devkitpro/libogc/lib/cube/libogc.a(lwp_stack.o)
                              /opt/devkitpro/libogc/lib/cube/libogc.a(lwp_threads.o) (__lwp_stack_allocate)
/opt/devkitpro/libogc/lib/cube/libogc.a(lwp_mutex.o)
                              /opt/devkitpro/libogc/lib/cube/libogc.a(malloc_lock.o) (__lwp_mutex_initialize)
/opt/devkitpro/libogc/lib/cube/libogc.a(lwp_watchdog.o)
                              /opt/devkitpro/libogc/lib/cube/libogc.a(system.o) (__lwp_watchdog_init)
/opt/devkitpro/libogc/lib/cube/libogc.a(lwp_wkspace.o)
                              /opt/devkitpro/libogc/lib/cube/libogc.a(lwp_messages.o) (__wkspace_heap)
/opt/devkitpro/libogc/lib/cube/libogc.a(lwp_objmgr.o)
                              /opt/devkitpro/libogc/lib/cube/libogc.a(system.o) (__lwp_objmgr_initinfo)
/opt/devkitpro/libogc/lib/cube/libogc.a(lwp_heap.o)
                              /opt/devkitpro/libogc/lib/cube/libogc.a(lwp_wkspace.o) (__lwp_heap_init)
/opt/devkitpro/libogc/lib/cube/libogc.a(sys_state.o)
                              /opt/devkitpro/libogc/lib/cube/libogc.a(system.o) (_sys_state_curr)
/opt/devkitpro/libogc/lib/cube/libogc.a(exception.o)
                              /opt/devkitpro/libogc/lib/cube/libogc.a(system.o) (__systemcall_init)
/opt/devkitpro/libogc/lib/cube/libogc.a(irq.o)
                              /opt/devkitpro/libogc/lib/cube/libogc.a(video.o) (__UnmaskIrq)
/opt/devkitpro/libogc/lib/cube/libogc.a(irq_handler.o)
                              /opt/devkitpro/libogc/lib/cube/libogc.a(exception.o) (irq_exceptionhandler)
/opt/devkitpro/libogc/lib/cube/libogc.a(semaphore.o)
[...]
Memory Configuration

Name             Origin             Length             Attributes
*default*        0x00000000         0xffffffff

Linker script and memory map

                0x80003100                        . = 0x80003100

.init           0x80003100      0x194
 *crt0.o(*.init)
 .init          0x80003100      0x170 /opt/devkitpro/libogc/lib/cube/libogc.a(ogc_crt0.o)
                0x80003100                _start
                0x80003240                _memset
 *(.init)
 .init          0x80003270        0xc /opt/devkitpro/devkitPPC/bin/../lib/gcc/powerpc-eabi/13.1.0/ecrti.o
                0x80003270                __init
 .init          0x8000327c        0x4 /opt/devkitpro/devkitPPC/bin/../lib/gcc/powerpc-eabi/13.1.0/crtbegin.o
 .init          0x80003280        0x4 /opt/devkitpro/devkitPPC/bin/../lib/gcc/powerpc-eabi/13.1.0/crtend.o
 .init          0x80003284       0x10 /opt/devkitpro/devkitPPC/bin/../lib/gcc/powerpc-eabi/13.1.0/ecrtn.o

.rela.dyn       0x80003294        0x0
 .rela.iplt     0x80003294        0x0 /opt/devkitpro/devkitPPC/bin/../lib/gcc/powerpc-eabi/13.1.0/crtbegin.o

.plt
 *(.plt)

.interp
 *(.interp)

.hash
 *(.hash)

.dynsym
 *(.dynsym)

.dynstr
 *(.dynstr)

.gnu.version
 *(.gnu.version)

.gnu.version_d
 *(.gnu.version_d)

.gnu.version_r
 *(.gnu.version_r)

.rel.init
 *(.rel.init)

.rela.init
 *(.rela.init)

.rel.text
 *(.rel.text .rel.text.* .rel.gnu.linkonce.t.*)

.rela.text      0x80003294        0x0
 *(.rela.text .rela.text.* .rela.gnu.linkonce.t.*)
 .rela.text.__do_global_dtors_aux
                0x80003294        0x0 /opt/devkitpro/devkitPPC/bin/../lib/gcc/powerpc-eabi/13.1.0/crtbegin.o
 .rela.text.frame_dummy
                0x80003294        0x0 /opt/devkitpro/devkitPPC/bin/../lib/gcc/powerpc-eabi/13.1.0/crtbegin.o
 .rela.text.unlikely.abort
                0x80003294        0x0 /opt/devkitpro/devkitPPC/bin/../lib/gcc/powerpc-eabi/13.1.0/crtbegin.o
 .rela.text.__assert_func
                0x80003294        0x0 /opt/devkitpro/devkitPPC/bin/../lib/gcc/powerpc-eabi/13.1.0/crtbegin.o

.rel.fini
 *(.rel.fini)

.rela.fini
 *(.rela.fini)

.rel.rodata
 *(.rel.rodata .rel.rodata.* .rel.gnu.linkonce.r.*)

.rela.rodata
 *(.rela.rodata .rela.rodata.* .rela.gnu.linkonce.r.*)

.rel.data
 *(.rel.data .rel.data.* .rel.gnu.linkonce.d.*)

.rela.data
 *(.rela.data .rela.data.* .rela.gnu.linkonce.d.*)

.rel.tdata
 *(.rel.tdata .rel.tdata.* .rel.gnu.linkonce.td.*)

.rela.tdata
 *(.rela.tdata .rela.tdata.* .rela.gnu.linkonce.td.*)

.rel.tbss
 *(.rel.tbss .rel.tbss.* .rel.gnu.linkonce.tb.*)

.rela.tbss
 *(.rela.tbss .rela.tbss.* .rela.gnu.linkonce.tb.*)

.rel.ctors
 *(.rel.ctors)

.rela.ctors
 *(.rela.ctors)

.rel.dtors
 *(.rel.dtors)

.rela.dtors
 *(.rela.dtors)

.rel.got
 *(.rel.got)

.rela.got
 *(.rela.got)

.rela.got1
 *(.rela.got1)

.rela.got2
 *(.rela.got2)

.rel.sdata
 *(.rel.sdata .rel.sdata.* .rel.gnu.linkonce.s.*)

.rela.sdata
 *(.rela.sdata .rela.sdata.* .rela.gnu.linkonce.s.*)

.rel.sbss
 *(.rel.sbss .rel.sbss.* .rel.gnu.linkonce.sb.*)

.rela.sbss
 *(.rela.sbss .rela.sbss.* .rel.gnu.linkonce.sb.*)

.rel.sdata2
 *(.rel.sdata2 .rel.sdata2.* .rel.gnu.linkonce.s2.*)

.rela.sdata2
 *(.rela.sdata2 .rela.sdata2.* .rela.gnu.linkonce.s2.*)

.rel.sbss2
 *(.rel.sbss2 .rel.sbss2.* .rel.gnu.linkonce.sb2.*)

.rela.sbss2
 *(.rela.sbss2 .rela.sbss2.* .rela.gnu.linkonce.sb2.*)

.rel.bss
 *(.rel.bss .rel.bss.* .rel.gnu.linkonce.b.*)

.rela.bss
 *(.rela.bss .rela.bss.* .rela.gnu.linkonce.b.*)

.rel.plt
 *(.rel.plt)

.rela.plt
 *(.rela.plt)

.text           0x800032a0    0x1c380
 *(.text)
 .text          0x800032a0      0x434 /opt/devkitpro/libogc/lib/cube/libogc.a(system_asm.o)
                0x800032a0                __realmode
                0x800032b8                __configBATS
                0x8000338c                __InitFPRS
                0x800034b8                __InitPS
                0x80003514                __InitCache
                0x8000356c                __InitSystem
                0x800035e4                __flush_cache
                0x80003618                __reset
                0x80003688                __InitBATS
                0x800036a4                SYS_SwitchFiber
 *fill*         0x800036d4        0xc 00000000
 .text          0x800036e0      0x44c /opt/devkitpro/libogc/lib/cube/libogc.a(lwp_handler.o)
                0x800036e0                _cpu_context_save_fp
                0x80003820                _cpu_context_restore_fp
                0x80003960                _cpu_context_switch
                0x80003a40                _cpu_context_save
                0x80003ac0                _cpu_context_restore
 .text          0x80003b2c      0x1ac /opt/devkitpro/libogc/lib/cube/libogc.a(irq_handler.o)
                0x80003b2c                irq_exceptionhandler
 .text          0x80003cd8      0x4f4 /opt/devkitpro/libogc/lib/cube/libogc.a(cache_asm.o)
                0x80003cd8                DCFlashInvalidate
                0x80003cec                DCEnable
                0x80003d00                DCDisable
                0x80003d14                DCFreeze
                0x80003d28                DCUnfreeze
                0x80003d3c                DCTouchLoad
                0x80003d44                DCBlockZero
                0x80003d4c                DCBlockStore
                0x80003d54                DCBlockFlush
                0x80003d5c                DCBlockInvalidate
                0x80003d64                DCInvalidateRange
                0x80003d94                DCFlushRange
                0x80003dc8                DCStoreRange
                0x80003dfc                DCFlushRangeNoSync
                0x80003e2c                DCStoreRangeNoSync
                0x80003e5c                DCZeroRange
                0x80003e8c                DCTouchRange
                0x80003ebc                ICInvalidateRange
                0x80003ef4                ICFlashInvalidate
                0x80003f08                ICEnable
                0x80003f1c                ICDisable
                0x80003f30                ICFreeze
                0x80003f44                ICUnfreeze
                0x80003f58                ICBlockInvalidate
                0x80003f60                ICSync
                0x80003f68                L2Init
                0x80003fb0                L2Enable
                0x80003fcc                L2Disable
                0x80003fe4                L2GlobalInvalidate
                0x8000403c                __LCEnable
                0x80004108                LCDisable
                0x80004130                LCAllocOneTag
                0x80004144                LCAllocTags
                0x80004184                LCLoadBlocks
                0x800041a8                LCStoreBlocks
 .text          0x800041cc      0x1ac /opt/devkitpro/libogc/lib/cube/libogc.a(decrementer_handler.o)
                0x800041cc                dec_exceptionhandler
 .text          0x80004378      0x35c /opt/devkitpro/libogc/lib/cube/libogc.a(exception_handler.o)
                0x80004378                exceptionhandler_start
                0x800043f4                exceptionhandler_patch
                0x80004428                exceptionhandler_end
                0x8000442c                default_exceptionhandler
                0x8000455c                fpu_exceptionhandler
                0x800046a4                systemcallhandler_start
                0x800046d0                systemcallhandler_end
 .text          0x800046d4       0x48 /opt/devkitpro/devkitPPC/bin/../lib/gcc/powerpc-eabi/13.1.0/libgcc.a(eabi.o)
                0x800046d4                __eabi
 .text          0x8000471c       0x58 /opt/devkitpro/devkitPPC/bin/../lib/gcc/powerpc-eabi/13.1.0/libgcc.a(crtresxfpr.o)
                0x8000471c                _restfpr_14_x
                0x80004720                _restfpr_15_x
                0x80004724                _restfpr_16_x
                0x80004728                _restfpr_17_x
                0x8000472c                _restfpr_18_x
                0x80004730                _restfpr_19_x
                0x80004734                _restfpr_20_x
                0x80004738                _restfpr_21_x
                0x8000473c                _restfpr_22_x
                0x80004740                _restfpr_23_x
                0x80004744                _restfpr_24_x
                0x80004748                _restfpr_25_x
                0x8000474c                _restfpr_26_x
                0x80004750                _restfpr_27_x
                0x80004754                _restfpr_28_x
                0x80004758                _restfpr_29_x
                0x8000475c                _restfpr_30_x
                0x80004760                _restfpr_31_x
 .text          0x80004774       0x58 /opt/devkitpro/devkitPPC/bin/../lib/gcc/powerpc-eabi/13.1.0/libgcc.a(crtresxgpr.o)
                0x80004774                _restgpr_14_x
                0x80004778                _restgpr_15_x
                0x8000477c                _restgpr_16_x
                0x80004780                _restgpr_17_x
                0x80004784                _restgpr_18_x
                0x80004788                _restgpr_19_x
                0x8000478c                _restgpr_20_x
                0x80004790                _restgpr_21_x
                0x80004794                _restgpr_22_x
                0x80004798                _restgpr_23_x
                0x8000479c                _restgpr_24_x
                0x800047a0                _restgpr_25_x
                0x800047a4                _restgpr_26_x
                0x800047a8                _restgpr_27_x
                0x800047ac                _restgpr_28_x
                0x800047b0                _restgpr_29_x
                0x800047b4                _restgpr_30_x
                0x800047b8                _restgpr_31_x
 *(.text.*)
 .text.__do_global_dtors_aux
                0x800047cc       0xcc /opt/devkitpro/devkitPPC/bin/../lib/gcc/powerpc-eabi/13.1.0/crtbegin.o
 .text.frame_dummy
                0x80004898       0x24 /opt/devkitpro/devkitPPC/bin/../lib/gcc/powerpc-eabi/13.1.0/crtbegin.o
 .text.__crtmain
                0x800048bc       0x44 /opt/devkitpro/devkitPPC/bin/../lib/gcc/powerpc-eabi/13.1.0/../../../../powerpc-eabi/lib/crtmain.o
                0x800048c0                __crtmain
 .text.benchmark_fp32_matrix_mult
                0x80004900      0x2cc bench.o
                0x80004900                benchmark_fp32_matrix_mult
 .text.benchmark_bit_sieve
                0x80004bcc      0x194 bench.o
                0x80004bcc                benchmark_bit_sieve
 .text.quicksort
                0x80004d60      0x124 bench.o
                0x80004d60                quicksort
 .text.benchmark_sorting
                0x80004e84      0x18c bench.o
                0x80004e84                benchmark_sorting
 .text.benchmark_dft
                0x80005010      0x388 bench.o
                0x80005010                benchmark_dft
 .text.run_bench
                0x80005398      0x120 bench.o
                0x80005398                run_bench
 .text.Initialise
                0x800054b8       0xc0 main.o
                0x800054b8                Initialise
 .text.startup.main
                0x80005578       0x24 main.o
                0x80005578                main
 .text.__console_clear_line
                0x8000559c       0xb4 /opt/devkitpro/libogc/lib/cube/libogc.a(console.o)
 .text.__console_clear
                0x80005650       0xbc /opt/devkitpro/libogc/lib/cube/libogc.a(console.o)
 .text.__console_write
                0x8000570c      0x82c /opt/devkitpro/libogc/lib/cube/libogc.a(console.o)
                0x8000570c                __console_write
 .text.__console_init
                0x80005f38      0x120 /opt/devkitpro/libogc/lib/cube/libogc.a(console.o)
                0x80005f38                __console_init
 .text.CON_Init
                0x80006058        0x4 /opt/devkitpro/libogc/lib/cube/libogc.a(console.o)
                0x80006058                CON_Init
 .text.CON_EnableGecko
                0x8000605c      0x100 /opt/devkitpro/libogc/lib/cube/libogc.a(console.o)
                0x8000605c                CON_EnableGecko
 .text.__VIRetraceHandler
                0x8000615c      0x1fc /opt/devkitpro/libogc/lib/cube/libogc.a(video.o)
 .text.__setFbbRegs.constprop.0
                0x80006358      0x190 /opt/devkitpro/libogc/lib/cube/libogc.a(video.o)
 .text.VIDEO_Init
                0x800064e8      0x4c8 /opt/devkitpro/libogc/lib/cube/libogc.a(video.o)
                0x800064e8                VIDEO_Init
 .text.VIDEO_Configure
                0x800069b0      0x5ec /opt/devkitpro/libogc/lib/cube/libogc.a(video.o)
                0x800069b0                VIDEO_Configure
 .text.VIDEO_WaitVSync
                0x80006f9c       0x74 /opt/devkitpro/libogc/lib/cube/libogc.a(video.o)
                0x80006f9c                VIDEO_WaitVSync
 .text.VIDEO_SetFramebuffer
                0x80007010      0x108 /opt/devkitpro/libogc/lib/cube/libogc.a(video.o)
                0x80007010                VIDEO_SetFramebuffer
 .text.VIDEO_SetNextFramebuffer
                0x80007118       0x70 /opt/devkitpro/libogc/lib/cube/libogc.a(video.o)
                0x80007118                VIDEO_SetNextFramebuffer
 .text.VIDEO_Flush
                0x80007188       0xf4 /opt/devkitpro/libogc/lib/cube/libogc.a(video.o)
                0x80007188                VIDEO_Flush
 .text.VIDEO_SetBlack
                0x8000727c      0x15c /opt/devkitpro/libogc/lib/cube/libogc.a(video.o)
                0x8000727c                VIDEO_SetBlack
 .text.VIDEO_GetCurrentTvMode
                0x800073d8       0x78 /opt/devkitpro/libogc/lib/cube/libogc.a(video.o)
                0x800073d8                VIDEO_GetCurrentTvMode
 .text.VIDEO_GetPreferredMode
                0x80007450       0xf8 /opt/devkitpro/libogc/lib/cube/libogc.a(video.o)
                0x80007450                VIDEO_GetPreferredMode
 .text.VIDEO_GetCurrentLine
                0x80007548       0x9c /opt/devkitpro/libogc/lib/cube/libogc.a(video.o)
                0x80007548                VIDEO_GetCurrentLine
 .text.VIDEO_GetFrameBufferSize
                0x800075e4       0x34 /opt/devkitpro/libogc/lib/cube/libogc.a(video.o)
                0x800075e4                VIDEO_GetFrameBufferSize
 .text.SPEC1_MakeStatus
                0x80007618      0x104 /opt/devkitpro/libogc/lib/cube/libogc.a(pad.o)
 .text.__pad_samplinghandler
                0x8000771c        0x4 /opt/devkitpro/libogc/lib/cube/libogc.a(pad.o)
 .text.__pad_doreset
                0x80007720       0x50 /opt/devkitpro/libogc/lib/cube/libogc.a(pad.o)
 .text.__pad_updateorigin
                0x80007770       0xa4 /opt/devkitpro/libogc/lib/cube/libogc.a(pad.o)
 .text.__pad_disable
                0x80007814       0xbc /opt/devkitpro/libogc/lib/cube/libogc.a(pad.o)
 .text.__pad_receivecheckcallback
                0x800078d0       0x84 /opt/devkitpro/libogc/lib/cube/libogc.a(pad.o)
 .text.__pad_typeandstatuscallback
                0x80007954      0x1ac /opt/devkitpro/libogc/lib/cube/libogc.a(pad.o)
 .text.__pad_originupdatecallback
                0x80007b00       0x2c /opt/devkitpro/libogc/lib/cube/libogc.a(pad.o)
 .text.__pad_onreset
                0x80007b2c      0x108 /opt/devkitpro/libogc/lib/cube/libogc.a(pad.o)
 .text.SPEC2_MakeStatus
                0x80007c34      0x214 /opt/devkitpro/libogc/lib/cube/libogc.a(pad.o)
 .text.__pad_origincallback
                0x80007e48       0x74 /opt/devkitpro/libogc/lib/cube/libogc.a(pad.o)
 .text.__pad_probecallback
                0x80007ebc       0x88 /opt/devkitpro/libogc/lib/cube/libogc.a(pad.o)
 .text.__PADDisableRecalibration
                0x80007f44       0x64 /opt/devkitpro/libogc/lib/cube/libogc.a(pad.o)
                0x80007f44                __PADDisableRecalibration
 .text.PAD_Reset
                0x80007fa8       0xf0 /opt/devkitpro/libogc/lib/cube/libogc.a(pad.o)
                0x80007fa8                PAD_Reset
 .text.PAD_Read
                0x80008098      0x2d4 /opt/devkitpro/libogc/lib/cube/libogc.a(pad.o)
                0x80008098                PAD_Read
 .text.PAD_Init
                0x8000836c       0xf8 /opt/devkitpro/libogc/lib/cube/libogc.a(pad.o)
                0x8000836c                PAD_Init
 .text.PAD_ScanPads
                0x80008464      0x15c /opt/devkitpro/libogc/lib/cube/libogc.a(pad.o)
                0x80008464                PAD_ScanPads
 .text.PAD_ButtonsDown
                0x800085c0       0x40 /opt/devkitpro/libogc/lib/cube/libogc.a(pad.o)
                0x800085c0                PAD_ButtonsDown
 .text.__call_resetfuncs
                0x80008600       0xbc /opt/devkitpro/libogc/lib/cube/libogc.a(system.o)
 .text.__MEMInterruptHandler
                0x800086bc       0x14 /opt/devkitpro/libogc/lib/cube/libogc.a(system.o)
 .text.__RSWDefaultHandler
                0x800086d0        0x4 /opt/devkitpro/libogc/lib/cube/libogc.a(system.o)
 .text.__getrtc
                0x800086d4      0x13c /opt/devkitpro/libogc/lib/cube/libogc.a(system.o)
 .text.__sram_write
                0x80008810      0x130 /opt/devkitpro/libogc/lib/cube/libogc.a(system.o)
 .text.__sram_writecallback
                0x80008940       0x54 /opt/devkitpro/libogc/lib/cube/libogc.a(system.o)
 .text.__RSWHandler
                0x80008994       0xfc /opt/devkitpro/libogc/lib/cube/libogc.a(system.o)
 .text.__mem_onreset
                0x80008a90       0x48 /opt/devkitpro/libogc/lib/cube/libogc.a(system.o)
 .text.__unlocksram
                0x80008ad8      0x174 /opt/devkitpro/libogc/lib/cube/libogc.a(system.o)
 .text.__sys_alarmhandler
                0x80008c4c      0x154 /opt/devkitpro/libogc/lib/cube/libogc.a(system.o)
 .text.__syscall_malloc_lock
                0x80008da0        0x4 /opt/devkitpro/libogc/lib/cube/libogc.a(system.o)
                0x80008da0                __syscall_malloc_lock
 .text.__syscall_malloc_unlock
                0x80008da4        0x4 /opt/devkitpro/libogc/lib/cube/libogc.a(system.o)
                0x80008da4                __syscall_malloc_unlock
 .text.__SYS_LockSram
                0x80008da8       0x5c /opt/devkitpro/libogc/lib/cube/libogc.a(system.o)
                0x80008da8                __SYS_LockSram
 .text.__SYS_UnlockSram
                0x80008e04        0x8 /opt/devkitpro/libogc/lib/cube/libogc.a(system.o)
                0x80008e04                __SYS_UnlockSram
 .text.__SYS_GetRTC
                0x80008e0c       0xa0 /opt/devkitpro/libogc/lib/cube/libogc.a(system.o)
                0x80008e0c                __SYS_GetRTC
 .text.__SYS_SetBootTime
                0x80008eac      0x160 /opt/devkitpro/libogc/lib/cube/libogc.a(system.o)
                0x80008eac                __SYS_SetBootTime
 .text.__SYS_PreInit
                0x8000900c        0x4 /opt/devkitpro/libogc/lib/cube/libogc.a(system.o)
                0x8000900c                __SYS_PreInit
 .text.SYS_PreMain
                0x80009010        0x4 /opt/devkitpro/libogc/lib/cube/libogc.a(system.o)
                0x80009010                SYS_PreMain
 .text.SYS_ResetButtonDown
                0x80009014       0x18 /opt/devkitpro/libogc/lib/cube/libogc.a(system.o)
                0x80009014                SYS_ResetButtonDown
 .text.SYS_ResetSystem
                0x8000902c      0x2fc /opt/devkitpro/libogc/lib/cube/libogc.a(system.o)
                0x8000902c                SYS_ResetSystem
 .text.__reload
                0x80009328       0x80 /opt/devkitpro/libogc/lib/cube/libogc.a(system.o)
                0x80009328                __reload
 .text.__syscall_exit
                0x800093a8       0x90 /opt/devkitpro/libogc/lib/cube/libogc.a(system.o)
                0x800093a8                __syscall_exit
 .text.SYS_RegisterResetFunc
                0x80009438       0x78 /opt/devkitpro/libogc/lib/cube/libogc.a(system.o)
                0x80009438                SYS_RegisterResetFunc
 .text.SYS_SetArena1Lo
                0x800094b0       0x38 /opt/devkitpro/libogc/lib/cube/libogc.a(system.o)
                0x800094b0                SYS_SetArena1Lo
 .text.SYS_GetArena1Lo
                0x800094e8       0x38 /opt/devkitpro/libogc/lib/cube/libogc.a(system.o)
                0x800094e8                SYS_GetArena1Lo
 .text.SYS_GetArena1Hi
                0x80009520       0x38 /opt/devkitpro/libogc/lib/cube/libogc.a(system.o)
                0x80009520                SYS_GetArena1Hi
 .text.SYS_AllocateFramebuffer
                0x80009558       0x28 /opt/devkitpro/libogc/lib/cube/libogc.a(system.o)
                0x80009558                SYS_AllocateFramebuffer
 .text.SYS_CreateAlarm
                0x80009580       0xf0 /opt/devkitpro/libogc/lib/cube/libogc.a(system.o)
                0x80009580                SYS_CreateAlarm
 .text.SYS_SetAlarm
                0x80009670      0x20c /opt/devkitpro/libogc/lib/cube/libogc.a(system.o)
                0x80009670                SYS_SetAlarm
 .text.SYS_CancelAlarm
                0x8000987c       0xbc /opt/devkitpro/libogc/lib/cube/libogc.a(system.o)
                0x8000987c                SYS_CancelAlarm
 .text.SYS_GetWirelessID
                0x80009938       0x94 /opt/devkitpro/libogc/lib/cube/libogc.a(system.o)
                0x80009938                SYS_GetWirelessID
 .text.SYS_SetWirelessID
                0x800099cc       0x90 /opt/devkitpro/libogc/lib/cube/libogc.a(system.o)
                0x800099cc                SYS_SetWirelessID
 .text.SYS_SetGBSMode
                0x80009a5c       0xa8 /opt/devkitpro/libogc/lib/cube/libogc.a(system.o)
                0x80009a5c                SYS_SetGBSMode
 .text.__sram_init
                0x80009b04      0x1b8 /opt/devkitpro/libogc/lib/cube/libogc.a(system.o)
                0x80009b04                __sram_init
 .text.SYS_Init
                0x80009cbc      0x65c /opt/devkitpro/libogc/lib/cube/libogc.a(system.o)
                0x80009cbc                SYS_Init
 .text.SYS_Time
                0x8000a318       0x78 /opt/devkitpro/libogc/lib/cube/libogc.a(system.o)
                0x8000a318                SYS_Time
 .text.__lwp_cond_init
                0x8000a390       0x14 /opt/devkitpro/libogc/lib/cube/libogc.a(cond.o)
                0x8000a390                __lwp_cond_init
 .text.__decrementer_init
                0x8000a3a4        0x4 /opt/devkitpro/libogc/lib/cube/libogc.a(decrementer.o)
                0x8000a3a4                __decrementer_init
 .text.c_decrementer_handler
                0x8000a3a8        0xc /opt/devkitpro/libogc/lib/cube/libogc.a(decrementer.o)
                0x8000a3a8                c_decrementer_handler
 .text.__lwp_mqbox_init
                0x8000a3b4       0x14 /opt/devkitpro/libogc/lib/cube/libogc.a(message.o)
                0x8000a3b4                __lwp_mqbox_init
 .text.__si_transfer
                0x8000a3c8      0x1a4 /opt/devkitpro/libogc/lib/cube/libogc.a(si.o)
 .text.__si_alarmhandler
                0x8000a56c       0xdc /opt/devkitpro/libogc/lib/cube/libogc.a(si.o)
 .text.__si_completetransfer
                0x8000a648      0x1fc /opt/devkitpro/libogc/lib/cube/libogc.a(si.o)
 .text.__si_transfernext
                0x8000a844       0xe0 /opt/devkitpro/libogc/lib/cube/libogc.a(si.o)
 .text.SI_Busy  0x8000a924       0x18 /opt/devkitpro/libogc/lib/cube/libogc.a(si.o)
                0x8000a924                SI_Busy
 .text.SI_IsChanBusy
                0x8000a93c       0x38 /opt/devkitpro/libogc/lib/cube/libogc.a(si.o)
                0x8000a93c                SI_IsChanBusy
 .text.SI_SetXY
                0x8000a974       0x64 /opt/devkitpro/libogc/lib/cube/libogc.a(si.o)
                0x8000a974                SI_SetXY
 .text.SI_EnablePolling
                0x8000a9d8       0x80 /opt/devkitpro/libogc/lib/cube/libogc.a(si.o)
                0x8000a9d8                SI_EnablePolling
 .text.SI_DisablePolling
                0x8000aa58       0x58 /opt/devkitpro/libogc/lib/cube/libogc.a(si.o)
                0x8000aa58                SI_DisablePolling
 .text.SI_SetSamplingRate
                0x8000aab0       0xd8 /opt/devkitpro/libogc/lib/cube/libogc.a(si.o)
                0x8000aab0                SI_SetSamplingRate
 .text.SI_RefreshSamplingRate
                0x8000ab88        0x8 /opt/devkitpro/libogc/lib/cube/libogc.a(si.o)
                0x8000ab88                SI_RefreshSamplingRate
 .text.SI_GetStatus
                0x8000ab90       0x78 /opt/devkitpro/libogc/lib/cube/libogc.a(si.o)
                0x8000ab90                SI_GetStatus
 .text.SI_GetResponseRaw
                0x8000ac08       0xe8 /opt/devkitpro/libogc/lib/cube/libogc.a(si.o)
                0x8000ac08                SI_GetResponseRaw
 .text.SI_GetResponse
                0x8000acf0       0xb8 /opt/devkitpro/libogc/lib/cube/libogc.a(si.o)
                0x8000acf0                SI_GetResponse
 .text.SI_SetCommand
                0x8000ada8       0x10 /opt/devkitpro/libogc/lib/cube/libogc.a(si.o)
                0x8000ada8                SI_SetCommand
 .text.SI_Transfer
                0x8000adb8      0x294 /opt/devkitpro/libogc/lib/cube/libogc.a(si.o)
                0x8000adb8                SI_Transfer
 .text.__si_gettypecallback
                0x8000b04c      0x2c0 /opt/devkitpro/libogc/lib/cube/libogc.a(si.o)
 .text.__si_interrupthandler
                0x8000b30c      0x268 /opt/devkitpro/libogc/lib/cube/libogc.a(si.o)
 .text.SI_GetType
                0x8000b574      0x1f4 /opt/devkitpro/libogc/lib/cube/libogc.a(si.o)
                0x8000b574                SI_GetType
 .text.SI_GetTypeAsync
                0x8000b768      0x138 /opt/devkitpro/libogc/lib/cube/libogc.a(si.o)
                0x8000b768                SI_GetTypeAsync
 .text.SI_EnablePollingInterrupt
                0x8000b8a0       0x8c /opt/devkitpro/libogc/lib/cube/libogc.a(si.o)
                0x8000b8a0                SI_EnablePollingInterrupt
 .text.SI_UnregisterPollingHandler
                0x8000b92c       0xe0 /opt/devkitpro/libogc/lib/cube/libogc.a(si.o)
                0x8000b92c                SI_UnregisterPollingHandler
 .text.__si_init
                0x8000ba0c       0xe8 /opt/devkitpro/libogc/lib/cube/libogc.a(si.o)
                0x8000ba0c                __si_init
 .text.gettick  0x8000baf4        0x8 /opt/devkitpro/libogc/lib/cube/libogc.a(timesupp.o)
                0x8000baf4                gettick
 .text.gettime  0x8000bafc       0x18 /opt/devkitpro/libogc/lib/cube/libogc.a(timesupp.o)
                0x8000bafc                gettime
 .text.settime  0x8000bb14       0x14 /opt/devkitpro/libogc/lib/cube/libogc.a(timesupp.o)
                0x8000bb14                settime
 .text.diff_usec
                0x8000bb28       0x88 /opt/devkitpro/libogc/lib/cube/libogc.a(timesupp.o)
                0x8000bb28                diff_usec
 .text.__timesystem_init
                0x8000bbb0       0x1c /opt/devkitpro/libogc/lib/cube/libogc.a(timesupp.o)
                0x8000bbb0                __timesystem_init
 .text.udelay   0x8000bbcc       0xac /opt/devkitpro/libogc/lib/cube/libogc.a(timesupp.o)
                0x8000bbcc                udelay
 .text.__syscall_lock_init
                0x8000bc78       0x6c /opt/devkitpro/libogc/lib/cube/libogc.a(lock_supp.o)
                0x8000bc78                __syscall_lock_init
 .text.__syscall_lock_init_recursive
                0x8000bce4       0x6c /opt/devkitpro/libogc/lib/cube/libogc.a(lock_supp.o)
                0x8000bce4                __syscall_lock_init_recursive
 .text.__syscall_lock_close
                0x8000bd50       0x68 /opt/devkitpro/libogc/lib/cube/libogc.a(lock_supp.o)
                0x8000bd50                __syscall_lock_close
 .text.__syscall_lock_acquire
                0x8000bdb8       0x18 /opt/devkitpro/libogc/lib/cube/libogc.a(lock_supp.o)
                0x8000bdb8                __syscall_lock_acquire
 .text.__syscall_lock_release
                0x8000bdd0       0x18 /opt/devkitpro/libogc/lib/cube/libogc.a(lock_supp.o)
                0x8000bdd0                __syscall_lock_release
 .text.__usbgecko_exi_unlock
                0x8000bde8       0x34 /opt/devkitpro/libogc/lib/cube/libogc.a(usbgecko.o)
 .text.usb_isgeckoalive
                0x8000be1c      0x1bc /opt/devkitpro/libogc/lib/cube/libogc.a(usbgecko.o)
                0x8000be1c                usb_isgeckoalive
 .text.usb_sendbuffer_ex
                0x8000bfd8      0x214 /opt/devkitpro/libogc/lib/cube/libogc.a(usbgecko.o)
                0x8000bfd8                usb_sendbuffer_ex
 .text.usb_sendbuffer
                0x8000c1ec        0x8 /opt/devkitpro/libogc/lib/cube/libogc.a(usbgecko.o)
                0x8000c1ec                usb_sendbuffer
 .text.usb_sendbuffer_safe_ex
                0x8000c1f4      0x2a8 /opt/devkitpro/libogc/lib/cube/libogc.a(usbgecko.o)
                0x8000c1f4                usb_sendbuffer_safe_ex
 .text.usb_sendbuffer_safe
                0x8000c49c        0x8 /opt/devkitpro/libogc/lib/cube/libogc.a(usbgecko.o)
                0x8000c49c                usb_sendbuffer_safe
 .text._sbrk_r  0x8000c4a4       0xe0 /opt/devkitpro/libogc/lib/cube/libogc.a(sbrk.o)
                0x8000c4a4                _sbrk_r
 .text.__memlock_init
                0x8000c584       0x7c /opt/devkitpro/libogc/lib/cube/libogc.a(malloc_lock.o)
                0x8000c584                __memlock_init
 .text.__libogc_malloc_lock
                0x8000c600      0x1fc /opt/devkitpro/libogc/lib/cube/libogc.a(malloc_lock.o)
                0x8000c600                __libogc_malloc_lock
 .text.__libogc_malloc_unlock
                0x8000c7fc       0x64 /opt/devkitpro/libogc/lib/cube/libogc.a(malloc_lock.o)
                0x8000c7fc                __libogc_malloc_unlock
 .text.__CheckARGV
                0x8000c860       0x80 /opt/devkitpro/libogc/lib/cube/libogc.a(argv.o)
                0x8000c860                __CheckARGV
 .text.__lwp_priority_init
                0x8000c8e0       0x1c /opt/devkitpro/libogc/lib/cube/libogc.a(lwp_priority.o)
                0x8000c8e0                __lwp_priority_init
 .text.__lwp_threadqueue_enqueuefifo
                0x8000c8fc      0x12c /opt/devkitpro/libogc/lib/cube/libogc.a(lwp_threadq.o)
                0x8000c8fc                __lwp_threadqueue_enqueuefifo
 .text.__lwp_threadqueue_dequeuefifo
                0x8000ca28      0x134 /opt/devkitpro/libogc/lib/cube/libogc.a(lwp_threadq.o)
                0x8000ca28                __lwp_threadqueue_dequeuefifo
 .text.__lwp_threadqueue_enqueuepriority
                0x8000cb5c      0x334 /opt/devkitpro/libogc/lib/cube/libogc.a(lwp_threadq.o)
                0x8000cb5c                __lwp_threadqueue_enqueuepriority
 .text.__lwp_threadqueue_dequeuepriority
                0x8000ce90      0x1d8 /opt/devkitpro/libogc/lib/cube/libogc.a(lwp_threadq.o)
                0x8000ce90                __lwp_threadqueue_dequeuepriority
 .text.__lwp_threadqueue_init
                0x8000d068       0x64 /opt/devkitpro/libogc/lib/cube/libogc.a(lwp_threadq.o)
                0x8000d068                __lwp_threadqueue_init
 .text.__lwp_threadqueue_enqueue
                0x8000d0cc      0x138 /opt/devkitpro/libogc/lib/cube/libogc.a(lwp_threadq.o)
                0x8000d0cc                __lwp_threadqueue_enqueue
 .text.__lwp_threadqueue_dequeue
                0x8000d204       0x24 /opt/devkitpro/libogc/lib/cube/libogc.a(lwp_threadq.o)
                0x8000d204                __lwp_threadqueue_dequeue
 .text.__lwp_threadqueue_flush
                0x8000d228       0x68 /opt/devkitpro/libogc/lib/cube/libogc.a(lwp_threadq.o)
                0x8000d228                __lwp_threadqueue_flush
 .text.__lwp_threadqueue_extractfifo
                0x8000d290       0xe8 /opt/devkitpro/libogc/lib/cube/libogc.a(lwp_threadq.o)
                0x8000d290                __lwp_threadqueue_extractfifo
 .text.__lwp_threadqueue_extractpriority
                0x8000d378      0x148 /opt/devkitpro/libogc/lib/cube/libogc.a(lwp_threadq.o)
                0x8000d378                __lwp_threadqueue_extractpriority
 .text.__lwp_threadqueue_timeout
                0x8000d4c0       0xd0 /opt/devkitpro/libogc/lib/cube/libogc.a(lwp_threadq.o)
 .text.__lwp_threadqueue_extractproxy
                0x8000d590       0x64 /opt/devkitpro/libogc/lib/cube/libogc.a(lwp_threadq.o)
                0x8000d590                __lwp_threadqueue_extractproxy
 .text.__syscall_getreent
                0x8000d5f4       0x24 /opt/devkitpro/libogc/lib/cube/libogc.a(lwp_threads.o)
                0x8000d5f4                __syscall_getreent
 .text.__lwp_isr_in_progress
                0x8000d618        0x8 /opt/devkitpro/libogc/lib/cube/libogc.a(lwp_threads.o)
                0x8000d618                __lwp_isr_in_progress
 .text.__thread_dispatch_fp
                0x8000d620       0x88 /opt/devkitpro/libogc/lib/cube/libogc.a(lwp_threads.o)
                0x8000d620                __thread_dispatch_fp
 .text.__thread_dispatch
                0x8000d6a8       0xf4 /opt/devkitpro/libogc/lib/cube/libogc.a(lwp_threads.o)
                0x8000d6a8                __thread_dispatch
 .text.__lwp_thread_resettimeslice
                0x8000d79c       0xb4 /opt/devkitpro/libogc/lib/cube/libogc.a(lwp_threads.o)
                0x8000d79c                __lwp_thread_resettimeslice
 .text.__lwp_thread_tickle_timeslice
                0x8000d850       0xc8 /opt/devkitpro/libogc/lib/cube/libogc.a(lwp_threads.o)
                0x8000d850                __lwp_thread_tickle_timeslice
 .text.__lwp_thread_setstate
                0x8000d918      0x16c /opt/devkitpro/libogc/lib/cube/libogc.a(lwp_threads.o)
                0x8000d918                __lwp_thread_setstate
 .text.__lwp_thread_clearstate
                0x8000da84       0xe4 /opt/devkitpro/libogc/lib/cube/libogc.a(lwp_threads.o)
                0x8000da84                __lwp_thread_clearstate
 .text.__lwp_thread_settransient
                0x8000db68       0xb4 /opt/devkitpro/libogc/lib/cube/libogc.a(lwp_threads.o)
                0x8000db68                __lwp_thread_settransient
 .text.__lwp_thread_changepriority
                0x8000dc1c      0x1f8 /opt/devkitpro/libogc/lib/cube/libogc.a(lwp_threads.o)
                0x8000dc1c                __lwp_thread_changepriority
 .text.__lwp_thread_ready
                0x8000de14       0xf0 /opt/devkitpro/libogc/lib/cube/libogc.a(lwp_threads.o)
                0x8000de14                __lwp_thread_ready
 .text.__lwp_thread_init
                0x8000df04      0x160 /opt/devkitpro/libogc/lib/cube/libogc.a(lwp_threads.o)
                0x8000df04                __lwp_thread_init
 .text.__lwp_thread_close
                0x8000e064      0x144 /opt/devkitpro/libogc/lib/cube/libogc.a(lwp_threads.o)
                0x8000e064                __lwp_thread_close
 .text.__lwp_thread_handler
                0x8000e1a8       0xc0 /opt/devkitpro/libogc/lib/cube/libogc.a(lwp_threads.o)
 .text.__lwp_thread_closeall
                0x8000e268       0xb0 /opt/devkitpro/libogc/lib/cube/libogc.a(lwp_threads.o)
                0x8000e268                __lwp_thread_closeall
 .text.__lwp_thread_start
                0x8000e318      0x150 /opt/devkitpro/libogc/lib/cube/libogc.a(lwp_threads.o)
                0x8000e318                __lwp_thread_start
 .text.__lwp_thread_startmultitasking
                0x8000e468       0xac /opt/devkitpro/libogc/lib/cube/libogc.a(lwp_threads.o)
                0x8000e468                __lwp_thread_startmultitasking
 .text.__lwp_thread_stopmultitasking
                0x8000e514       0x58 /opt/devkitpro/libogc/lib/cube/libogc.a(lwp_threads.o)
                0x8000e514                __lwp_thread_stopmultitasking
 .text.__lwp_thread_coreinit
                0x8000e56c       0xc4 /opt/devkitpro/libogc/lib/cube/libogc.a(lwp_threads.o)
                0x8000e56c                __lwp_thread_coreinit
 .text.idle_func
                0x8000e630        0x4 /opt/devkitpro/libogc/lib/cube/libogc.a(lwp.o)
 .text.__lwp_sysinit
                0x8000e634      0x114 /opt/devkitpro/libogc/lib/cube/libogc.a(lwp.o)
                0x8000e634                __lwp_sysinit
 .text.LWP_InitQueue
                0x8000e748      0x140 /opt/devkitpro/libogc/lib/cube/libogc.a(lwp.o)
                0x8000e748                LWP_InitQueue
 .text.LWP_ThreadSleep
                0x8000e888       0xf8 /opt/devkitpro/libogc/lib/cube/libogc.a(lwp.o)
                0x8000e888                LWP_ThreadSleep
 .text.LWP_ThreadBroadcast
                0x8000e980       0x88 /opt/devkitpro/libogc/lib/cube/libogc.a(lwp.o)
                0x8000e980                LWP_ThreadBroadcast
 .text.__lwp_stack_allocate
                0x8000ea08       0x60 /opt/devkitpro/libogc/lib/cube/libogc.a(lwp_stack.o)
                0x8000ea08                __lwp_stack_allocate
 .text.__lwp_stack_free
                0x8000ea68       0x1c /opt/devkitpro/libogc/lib/cube/libogc.a(lwp_stack.o)
                0x8000ea68                __lwp_stack_free
 .text.__lwp_mutex_initialize
                0x8000ea84       0xa4 /opt/devkitpro/libogc/lib/cube/libogc.a(lwp_mutex.o)
                0x8000ea84                __lwp_mutex_initialize
 .text.__lwp_mutex_surrender
                0x8000eb28      0x14c /opt/devkitpro/libogc/lib/cube/libogc.a(lwp_mutex.o)
                0x8000eb28                __lwp_mutex_surrender
 .text.__lwp_mutex_seize_irq_blocking
                0x8000ec74       0xf8 /opt/devkitpro/libogc/lib/cube/libogc.a(lwp_mutex.o)
                0x8000ec74                __lwp_mutex_seize_irq_blocking
 .text.__lwp_mutex_flush
                0x8000ed6c        0x4 /opt/devkitpro/libogc/lib/cube/libogc.a(lwp_mutex.o)
                0x8000ed6c                __lwp_mutex_flush
 .text.__lwp_wd_settimer
                0x8000ed70       0xe0 /opt/devkitpro/libogc/lib/cube/libogc.a(lwp_watchdog.o)
 .text.__lwp_watchdog_init
                0x8000ee50       0x2c /opt/devkitpro/libogc/lib/cube/libogc.a(lwp_watchdog.o)
                0x8000ee50                __lwp_watchdog_init
 .text.__lwp_wd_insert
                0x8000ee7c      0x194 /opt/devkitpro/libogc/lib/cube/libogc.a(lwp_watchdog.o)
                0x8000ee7c                __lwp_wd_insert
 .text.__lwp_wd_remove
                0x8000f010      0x138 /opt/devkitpro/libogc/lib/cube/libogc.a(lwp_watchdog.o)
                0x8000f010                __lwp_wd_remove
 .text.__lwp_wd_tickle
                0x8000f148      0x120 /opt/devkitpro/libogc/lib/cube/libogc.a(lwp_watchdog.o)
                0x8000f148                __lwp_wd_tickle
 .text.__lwp_wkspace_init
                0x8000f268       0xc0 /opt/devkitpro/libogc/lib/cube/libogc.a(lwp_wkspace.o)
                0x8000f268                __lwp_wkspace_init
 .text.__lwp_objmgr_initinfo
                0x8000f328      0x1a0 /opt/devkitpro/libogc/lib/cube/libogc.a(lwp_objmgr.o)
                0x8000f328                __lwp_objmgr_initinfo
 .text.__lwp_objmgr_getisrdisable
                0x8000f4c8       0x60 /opt/devkitpro/libogc/lib/cube/libogc.a(lwp_objmgr.o)
                0x8000f4c8                __lwp_objmgr_getisrdisable
 .text.__lwp_objmgr_getnoprotection
                0x8000f528       0x24 /opt/devkitpro/libogc/lib/cube/libogc.a(lwp_objmgr.o)
                0x8000f528                __lwp_objmgr_getnoprotection
 .text.__lwp_objmgr_get
                0x8000f54c       0x6c /opt/devkitpro/libogc/lib/cube/libogc.a(lwp_objmgr.o)
                0x8000f54c                __lwp_objmgr_get
 .text.__lwp_objmgr_allocate
                0x8000f5b8       0x88 /opt/devkitpro/libogc/lib/cube/libogc.a(lwp_objmgr.o)
                0x8000f5b8                __lwp_objmgr_allocate
 .text.__lwp_objmgr_free
                0x8000f640       0x60 /opt/devkitpro/libogc/lib/cube/libogc.a(lwp_objmgr.o)
                0x8000f640                __lwp_objmgr_free
 .text.__lwp_heap_init
                0x8000f6a0       0xa4 /opt/devkitpro/libogc/lib/cube/libogc.a(lwp_heap.o)
                0x8000f6a0                __lwp_heap_init
 .text.__lwp_heap_allocate
                0x8000f744      0x160 /opt/devkitpro/libogc/lib/cube/libogc.a(lwp_heap.o)
                0x8000f744                __lwp_heap_allocate
 .text.__lwp_heap_free
                0x8000f8a4      0x188 /opt/devkitpro/libogc/lib/cube/libogc.a(lwp_heap.o)
                0x8000f8a4                __lwp_heap_free
 .text.__systemcall_init
                0x8000fa2c       0x70 /opt/devkitpro/libogc/lib/cube/libogc.a(exception.o)
                0x8000fa2c                __systemcall_init
 .text.__exception_init
                0x8000fa9c      0x120 /opt/devkitpro/libogc/lib/cube/libogc.a(exception.o)
                0x8000fa9c                __exception_init
 .text.__exception_close
                0x8000fbbc       0xac /opt/devkitpro/libogc/lib/cube/libogc.a(exception.o)
                0x8000fbbc                __exception_close
 .text.__exception_closeall
                0x8000fc68       0x80 /opt/devkitpro/libogc/lib/cube/libogc.a(exception.o)
                0x8000fc68                __exception_closeall
 .text.c_default_exceptionhandler
                0x8000fce8      0x464 /opt/devkitpro/libogc/lib/cube/libogc.a(exception.o)
                0x8000fce8                c_default_exceptionhandler
 .text.__SetInterrupts
                0x8001014c      0x25c /opt/devkitpro/libogc/lib/cube/libogc.a(irq.o)
 .text.c_irqdispatcher
                0x800103a8      0x278 /opt/devkitpro/libogc/lib/cube/libogc.a(irq.o)
                0x800103a8                c_irqdispatcher
 .text.__UnmaskIrq
                0x80010620       0x84 /opt/devkitpro/libogc/lib/cube/libogc.a(irq.o)
                0x80010620                __UnmaskIrq
 .text.__MaskIrq
                0x800106a4       0x84 /opt/devkitpro/libogc/lib/cube/libogc.a(irq.o)
                0x800106a4                __MaskIrq
 .text.__irq_init
                0x80010728       0x84 /opt/devkitpro/libogc/lib/cube/libogc.a(irq.o)
                0x80010728                __irq_init
 .text.IRQ_Request
                0x800107ac       0x50 /opt/devkitpro/libogc/lib/cube/libogc.a(irq.o)
                0x800107ac                IRQ_Request
 .text.IRQ_GetHandler
                0x800107fc       0x44 /opt/devkitpro/libogc/lib/cube/libogc.a(irq.o)
                0x800107fc                IRQ_GetHandler
 .text.__lwp_sema_init
                0x80010840       0x14 /opt/devkitpro/libogc/lib/cube/libogc.a(semaphore.o)
                0x80010840                __lwp_sema_init
 .text.__exi_irq_handler
                0x80010854       0x58 /opt/devkitpro/libogc/lib/cube/libogc.a(exi.o)
 .text.__ext_irq_handler
                0x800108ac       0xc8 /opt/devkitpro/libogc/lib/cube/libogc.a(exi.o)
 .text.__tc_irq_handler
                0x80010974      0x178 /opt/devkitpro/libogc/lib/cube/libogc.a(exi.o)
 .text.__exi_probe
                0x80010aec      0x214 /opt/devkitpro/libogc/lib/cube/libogc.a(exi.o)
 .text.__exi_attach
                0x80010d00      0x104 /opt/devkitpro/libogc/lib/cube/libogc.a(exi.o)
 .text.EXI_Lock
                0x80010e04      0x218 /opt/devkitpro/libogc/lib/cube/libogc.a(exi.o)
                0x80010e04                EXI_Lock
 .text.EXI_Unlock
                0x8001101c      0x224 /opt/devkitpro/libogc/lib/cube/libogc.a(exi.o)
                0x8001101c                EXI_Unlock
 .text.EXI_Select
                0x80011240      0x208 /opt/devkitpro/libogc/lib/cube/libogc.a(exi.o)
                0x80011240                EXI_Select
 .text.EXI_Deselect
                0x80011448      0x16c /opt/devkitpro/libogc/lib/cube/libogc.a(exi.o)
                0x80011448                EXI_Deselect
 .text.EXI_Sync
                0x800115b4      0x108 /opt/devkitpro/libogc/lib/cube/libogc.a(exi.o)
                0x800115b4                EXI_Sync
 .text.EXI_Imm  0x800116bc      0x1f8 /opt/devkitpro/libogc/lib/cube/libogc.a(exi.o)
                0x800116bc                EXI_Imm
 .text.EXI_ImmEx
                0x800118b4       0xd8 /opt/devkitpro/libogc/lib/cube/libogc.a(exi.o)
                0x800118b4                EXI_ImmEx
 .text.EXI_Dma  0x8001198c      0x16c /opt/devkitpro/libogc/lib/cube/libogc.a(exi.o)
                0x8001198c                EXI_Dma
 .text.EXI_Detach
                0x80011af8       0xb0 /opt/devkitpro/libogc/lib/cube/libogc.a(exi.o)
                0x80011af8                EXI_Detach
 .text.EXI_GetID
                0x80011ba8      0x338 /opt/devkitpro/libogc/lib/cube/libogc.a(exi.o)
                0x80011ba8                EXI_GetID
 .text.__unlocked_handler
                0x80011ee0       0x28 /opt/devkitpro/libogc/lib/cube/libogc.a(exi.o)
 .text.EXI_ProbeReset
                0x80011f08       0x70 /opt/devkitpro/libogc/lib/cube/libogc.a(exi.o)
                0x80011f08                EXI_ProbeReset
 .text.__exi_init
                0x80011f78      0x188 /opt/devkitpro/libogc/lib/cube/libogc.a(exi.o)
                0x80011f78                __exi_init
 .text.__lwp_mutex_locksupp.constprop.0
                0x80012100      0x2a8 /opt/devkitpro/libogc/lib/cube/libogc.a(mutex.o)
 .text.__lwp_mutex_init
                0x800123a8       0x14 /opt/devkitpro/libogc/lib/cube/libogc.a(mutex.o)
                0x800123a8                __lwp_mutex_init
 .text.LWP_MutexInit
                0x800123bc      0x100 /opt/devkitpro/libogc/lib/cube/libogc.a(mutex.o)
                0x800123bc                LWP_MutexInit
 .text.LWP_MutexDestroy
                0x800124bc       0xf0 /opt/devkitpro/libogc/lib/cube/libogc.a(mutex.o)
                0x800124bc                LWP_MutexDestroy
 .text.LWP_MutexLock
                0x800125ac        0x8 /opt/devkitpro/libogc/lib/cube/libogc.a(mutex.o)
                0x800125ac                LWP_MutexLock
 .text.LWP_MutexUnlock
                0x800125b4       0x9c /opt/devkitpro/libogc/lib/cube/libogc.a(mutex.o)
                0x800125b4                LWP_MutexUnlock
 .text.GX_AbortFrame
                0x80012650      0x290 /opt/devkitpro/libogc/lib/cube/libogc.a(gx.o)
                0x80012650                GX_AbortFrame
 .text.number   0x800128e0      0x318 /opt/devkitpro/libogc/lib/cube/libogc.a(kprintf.o)
 .text.kvsprintf
                0x80012bf8      0x888 /opt/devkitpro/libogc/lib/cube/libogc.a(kprintf.o)
                0x80012bf8                kvsprintf
 .text.kprintf  0x80013480       0xac /opt/devkitpro/libogc/lib/cube/libogc.a(kprintf.o)
                0x80013480                kprintf
 .text.__lwp_queue_initialize
                0x8001352c       0x98 /opt/devkitpro/libogc/lib/cube/libogc.a(lwp_queue.o)
                0x8001352c                __lwp_queue_initialize
 .text.__lwp_queue_get
                0x800135c4       0x74 /opt/devkitpro/libogc/lib/cube/libogc.a(lwp_queue.o)
                0x800135c4                __lwp_queue_get
 .text.__lwp_queue_append
                0x80013638       0x4c /opt/devkitpro/libogc/lib/cube/libogc.a(lwp_queue.o)
                0x80013638                __lwp_queue_append
 .text.sincos   0x80013684       0x58 /opt/devkitpro/devkitPPC/bin/../lib/gcc/powerpc-eabi/13.1.0/../../../../powerpc-eabi/lib/libm.a(libm_a-w_sincos.o)
                0x80013684                sincos
 .text.sin      0x800136dc       0xe0 /opt/devkitpro/devkitPPC/bin/../lib/gcc/powerpc-eabi/13.1.0/../../../../powerpc-eabi/lib/libm.a(libm_a-s_sin.o)
                0x800136dc                sin
 .text.__ieee754_rem_pio2
                0x800137bc      0x3e8 /opt/devkitpro/devkitPPC/bin/../lib/gcc/powerpc-eabi/13.1.0/../../../../powerpc-eabi/lib/libm.a(libm_a-e_rem_pio2.o)
                0x800137bc                __ieee754_rem_pio2
 .text.__kernel_rem_pio2
                0x80013ba4      0xeb0 /opt/devkitpro/devkitPPC/bin/../lib/gcc/powerpc-eabi/13.1.0/../../../../powerpc-eabi/lib/libm.a(libm_a-k_rem_pio2.o)
                0x80013ba4                __kernel_rem_pio2
 .text.scalbn   0x80014a54      0x194 /opt/devkitpro/devkitPPC/bin/../lib/gcc/powerpc-eabi/13.1.0/../../../../powerpc-eabi/lib/libm.a(libm_a-s_scalbn.o)
                0x80014a54                scalbn
 .text.__kernel_sin
                0x80014be8       0xcc /opt/devkitpro/devkitPPC/bin/../lib/gcc/powerpc-eabi/13.1.0/../../../../powerpc-eabi/lib/libm.a(libm_a-k_sin.o)
                0x80014be8                __kernel_sin
 .text.cos      0x80014cb4       0xdc /opt/devkitpro/devkitPPC/bin/../lib/gcc/powerpc-eabi/13.1.0/../../../../powerpc-eabi/lib/libm.a(libm_a-s_cos.o)
                0x80014cb4                cos
 .text.floor    0x80014d90      0x180 /opt/devkitpro/devkitPPC/bin/../lib/gcc/powerpc-eabi/13.1.0/../../../../powerpc-eabi/lib/libm.a(libm_a-s_floor.o)
                0x80014d90                floor
 .text.__kernel_cos
                0x80014f10      0x188 /opt/devkitpro/devkitPPC/bin/../lib/gcc/powerpc-eabi/13.1.0/../../../../powerpc-eabi/lib/libm.a(libm_a-k_cos.o)
                0x80014f10                __kernel_cos
 .text.fabs     0x80015098       0x28 /opt/devkitpro/devkitPPC/bin/../lib/gcc/powerpc-eabi/13.1.0/../../../../powerpc-eabi/lib/libm.a(libm_a-s_fabs.o)
                0x80015098                fabs
 .text.__udivdi3
                0x800150c0      0x3bc /opt/devkitpro/devkitPPC/bin/../lib/gcc/powerpc-eabi/13.1.0/libgcc.a(_udivdi3.o)
                0x800150c0                __udivdi3
 .text.__umoddi3
                0x8001547c      0x390 /opt/devkitpro/devkitPPC/bin/../lib/gcc/powerpc-eabi/13.1.0/libgcc.a(_umoddi3.o)
                0x8001547c                __umoddi3
 .text.unlikely.abort
                0x8001580c       0x34 /opt/devkitpro/devkitPPC/bin/../lib/gcc/powerpc-eabi/13.1.0/../../../../powerpc-eabi/lib/libsysbase.a(libsysbase_libsysbase_a-abort.o)
                0x8001580c                abort
 .text.build_argv
                0x80015840      0x118 /opt/devkitpro/devkitPPC/bin/../lib/gcc/powerpc-eabi/13.1.0/../../../../powerpc-eabi/lib/libsysbase.a(libsysbase_libsysbase_a-build_argv.o)
                0x80015840                build_argv
 .text.__getreent
                0x80015958       0x20 /opt/devkitpro/devkitPPC/bin/../lib/gcc/powerpc-eabi/13.1.0/../../../../powerpc-eabi/lib/libsysbase.a(libsysbase_libsysbase_a-getreent.o)
                0x80015958                __getreent
 .text.null_write
                0x80015978        0x8 /opt/devkitpro/devkitPPC/bin/../lib/gcc/powerpc-eabi/13.1.0/../../../../powerpc-eabi/lib/libsysbase.a(libsysbase_libsysbase_a-iosupport.o)
 .text._exit    0x80015980       0x28 /opt/devkitpro/devkitPPC/bin/../lib/gcc/powerpc-eabi/13.1.0/../../../../powerpc-eabi/lib/libsysbase.a(libsysbase_libsysbase_a-_exit.o)
                0x80015980                _exit
 .text.rand     0x800159a8       0x60 /opt/devkitpro/devkitPPC/bin/../lib/gcc/powerpc-eabi/13.1.0/../../../../powerpc-eabi/lib/libc.a(libc_a-rand.o)
                0x800159a8                rand
 .text.memset   0x80015a08      0x198 /opt/devkitpro/devkitPPC/bin/../lib/gcc/powerpc-eabi/13.1.0/../../../../powerpc-eabi/lib/libc.a(libc_a-memset.o)
                0x80015a08                memset
 .text.memcpy   0x80015ba0      0x124 /opt/devkitpro/devkitPPC/bin/../lib/gcc/powerpc-eabi/13.1.0/../../../../powerpc-eabi/lib/libc.a(libc_a-memcpy.o)
                0x80015ba0                memcpy
 .text.setvbuf  0x80015cc4      0x2d0 /opt/devkitpro/devkitPPC/bin/../lib/gcc/powerpc-eabi/13.1.0/../../../../powerpc-eabi/lib/libc.a(libc_a-setvbuf.o)
                0x80015cc4                setvbuf
 .text.memmove  0x80015f94      0x1bc /opt/devkitpro/devkitPPC/bin/../lib/gcc/powerpc-eabi/13.1.0/../../../../powerpc-eabi/lib/libc.a(libc_a-memmove.o)
                0x80015f94                memmove
 .text.calloc   0x80016150       0x40 /opt/devkitpro/devkitPPC/bin/../lib/gcc/powerpc-eabi/13.1.0/../../../../powerpc-eabi/lib/libc.a(libc_a-calloc.o)
                0x80016150                calloc
 .text.__errno  0x80016190       0x20 /opt/devkitpro/devkitPPC/bin/../lib/gcc/powerpc-eabi/13.1.0/../../../../powerpc-eabi/lib/libc.a(libc_a-errno.o)
                0x80016190                __errno
 .text._calloc_r
                0x800161b0      0x100 /opt/devkitpro/devkitPPC/bin/../lib/gcc/powerpc-eabi/13.1.0/../../../../powerpc-eabi/lib/libc.a(libc_a-callocr.o)
                0x800161b0                _calloc_r
 .text.strlen   0x800162b0       0x80 /opt/devkitpro/devkitPPC/bin/../lib/gcc/powerpc-eabi/13.1.0/../../../../powerpc-eabi/lib/libc.a(libc_a-strlen.o)
                0x800162b0                strlen
 .text._malloc_r
                0x80016330      0x85c /opt/devkitpro/devkitPPC/bin/../lib/gcc/powerpc-eabi/13.1.0/../../../../powerpc-eabi/lib/libc.a(libc_a-mallocr.o)
                0x80016330                _malloc_r
 .text._malloc_trim_r
                0x80016b8c      0x138 /opt/devkitpro/devkitPPC/bin/../lib/gcc/powerpc-eabi/13.1.0/../../../../powerpc-eabi/lib/libc.a(libc_a-freer.o)
                0x80016b8c                _malloc_trim_r
 .text._free_r  0x80016cc4      0x330 /opt/devkitpro/devkitPPC/bin/../lib/gcc/powerpc-eabi/13.1.0/../../../../powerpc-eabi/lib/libc.a(libc_a-freer.o)
                0x80016cc4                _free_r
 .text.malloc   0x80016ff4       0x58 /opt/devkitpro/devkitPPC/bin/../lib/gcc/powerpc-eabi/13.1.0/../../../../powerpc-eabi/lib/libc.a(libc_a-malloc.o)
                0x80016ff4                malloc
 .text.free     0x8001704c       0x30 /opt/devkitpro/devkitPPC/bin/../lib/gcc/powerpc-eabi/13.1.0/../../../../powerpc-eabi/lib/libc.a(libc_a-malloc.o)
                0x8001704c                free
 .text._reclaim_reent
                0x8001707c      0x10c /opt/devkitpro/devkitPPC/bin/../lib/gcc/powerpc-eabi/13.1.0/../../../../powerpc-eabi/lib/libc.a(libc_a-reent.o)
                0x8001707c                _reclaim_reent
 .text._fwrite_r
                0x80017188      0x1a8 /opt/devkitpro/devkitPPC/bin/../lib/gcc/powerpc-eabi/13.1.0/../../../../powerpc-eabi/lib/libc.a(libc_a-fwrite.o)
                0x80017188                _fwrite_r
 .text.fwrite   0x80017330       0x60 /opt/devkitpro/devkitPPC/bin/../lib/gcc/powerpc-eabi/13.1.0/../../../../powerpc-eabi/lib/libc.a(libc_a-fwrite.o)
                0x80017330                fwrite
 .text.stdio_exit_handler
                0x80017390       0x1c /opt/devkitpro/devkitPPC/bin/../lib/gcc/powerpc-eabi/13.1.0/../../../../powerpc-eabi/lib/libc.a(libc_a-findfp.o)
 .text.cleanup_stdio
                0x800173ac       0x88 /opt/devkitpro/devkitPPC/bin/../lib/gcc/powerpc-eabi/13.1.0/../../../../powerpc-eabi/lib/libc.a(libc_a-findfp.o)
 .text.global_stdio_init.part.0
                0x80017434      0x184 /opt/devkitpro/devkitPPC/bin/../lib/gcc/powerpc-eabi/13.1.0/../../../../powerpc-eabi/lib/libc.a(libc_a-findfp.o)
 .text.__sinit  0x800175b8       0xa4 /opt/devkitpro/devkitPPC/bin/../lib/gcc/powerpc-eabi/13.1.0/../../../../powerpc-eabi/lib/libc.a(libc_a-findfp.o)
                0x800175b8                __sinit
 .text.__sfp_lock_acquire
                0x8001765c       0x40 /opt/devkitpro/devkitPPC/bin/../lib/gcc/powerpc-eabi/13.1.0/../../../../powerpc-eabi/lib/libc.a(libc_a-findfp.o)
                0x8001765c                __sfp_lock_acquire
 .text.__sfp_lock_release
                0x8001769c        0xc /opt/devkitpro/devkitPPC/bin/../lib/gcc/powerpc-eabi/13.1.0/../../../../powerpc-eabi/lib/libc.a(libc_a-findfp.o)
                0x8001769c                __sfp_lock_release
 .text.__sfvwrite_r
                0x800176a8      0x5b0 /opt/devkitpro/devkitPPC/bin/../lib/gcc/powerpc-eabi/13.1.0/../../../../powerpc-eabi/lib/libc.a(libc_a-fvwrite.o)
                0x800176a8                __sfvwrite_r
 .text.exit     0x80017c58       0x3c /opt/devkitpro/devkitPPC/bin/../lib/gcc/powerpc-eabi/13.1.0/../../../../powerpc-eabi/lib/libc.a(libc_a-exit.o)
                0x80017c58                exit
 .text.memchr   0x80017c94      0x1b0 /opt/devkitpro/devkitPPC/bin/../lib/gcc/powerpc-eabi/13.1.0/../../../../powerpc-eabi/lib/libc.a(libc_a-memchr.o)
                0x80017c94                memchr
 .text.write    0x80017e44       0x50 /opt/devkitpro/devkitPPC/bin/../lib/gcc/powerpc-eabi/13.1.0/../../../../powerpc-eabi/lib/libc.a(libc_a-syswrite.o)
                0x80017e44                write
 .text.strnlen  0x80017e94       0xc8 /opt/devkitpro/devkitPPC/bin/../lib/gcc/powerpc-eabi/13.1.0/../../../../powerpc-eabi/lib/libc.a(libc_a-strnlen.o)
                0x80017e94                strnlen
 .text.printf   0x80017f5c       0x9c /opt/devkitpro/devkitPPC/bin/../lib/gcc/powerpc-eabi/13.1.0/../../../../powerpc-eabi/lib/libc.a(libc_a-printf.o)
                0x80017f5c                printf
 .text.memalign
                0x80017ff8       0x40 /opt/devkitpro/devkitPPC/bin/../lib/gcc/powerpc-eabi/13.1.0/../../../../powerpc-eabi/lib/libc.a(libc_a-malign.o)
                0x80017ff8                memalign
 .text._fwalk_sglue
                0x80018038       0xb4 /opt/devkitpro/devkitPPC/bin/../lib/gcc/powerpc-eabi/13.1.0/../../../../powerpc-eabi/lib/libc.a(libc_a-fwalk.o)
                0x80018038                _fwalk_sglue
 .text._vfprintf_r
                0x800180ec     0x2478 /opt/devkitpro/devkitPPC/bin/../lib/gcc/powerpc-eabi/13.1.0/../../../../powerpc-eabi/lib/libc.a(libc_a-vfprintf.o)
                0x800180ec                _vfprintf_r
 .text.__sbprintf
                0x8001a564      0x100 /opt/devkitpro/devkitPPC/bin/../lib/gcc/powerpc-eabi/13.1.0/../../../../powerpc-eabi/lib/libc.a(libc_a-vfprintf.o)
 .text.__smakebuf_r
                0x8001a664      0x190 /opt/devkitpro/devkitPPC/bin/../lib/gcc/powerpc-eabi/13.1.0/../../../../powerpc-eabi/lib/libc.a(libc_a-makebuf.o)
                0x8001a664                __smakebuf_r
 .text.__swhatbuf_r
                0x8001a7f4       0xec /opt/devkitpro/devkitPPC/bin/../lib/gcc/powerpc-eabi/13.1.0/../../../../powerpc-eabi/lib/libc.a(libc_a-makebuf.o)
                0x8001a7f4                __swhatbuf_r
 .text.__locale_mb_cur_max
                0x8001a8e0       0x4c /opt/devkitpro/devkitPPC/bin/../lib/gcc/powerpc-eabi/13.1.0/../../../../powerpc-eabi/lib/libc.a(libc_a-locale.o)
                0x8001a8e0                __locale_mb_cur_max
 .text._wcsrtombs_r
                0x8001a92c       0x10 /opt/devkitpro/devkitPPC/bin/../lib/gcc/powerpc-eabi/13.1.0/../../../../powerpc-eabi/lib/libc.a(libc_a-wcsrtombs.o)
                0x8001a92c                _wcsrtombs_r
 .text.__utf8_mbtowc
                0x8001a93c      0x300 /opt/devkitpro/devkitPPC/bin/../lib/gcc/powerpc-eabi/13.1.0/../../../../powerpc-eabi/lib/libc.a(libc_a-mbtowc_r.o)
                0x8001a93c                __utf8_mbtowc
 .text.__sflush_r
                0x8001ac3c      0x2f4 /opt/devkitpro/devkitPPC/bin/../lib/gcc/powerpc-eabi/13.1.0/../../../../powerpc-eabi/lib/libc.a(libc_a-fflush.o)
                0x8001ac3c                __sflush_r
 .text._fflush_r
                0x8001af30      0x108 /opt/devkitpro/devkitPPC/bin/../lib/gcc/powerpc-eabi/13.1.0/../../../../powerpc-eabi/lib/libc.a(libc_a-fflush.o)
                0x8001af30                _fflush_r
 .text._wcrtomb_r
                0x8001b038      0x110 /opt/devkitpro/devkitPPC/bin/../lib/gcc/powerpc-eabi/13.1.0/../../../../powerpc-eabi/lib/libc.a(libc_a-wcrtomb.o)
                0x8001b038                _wcrtomb_r
 .text._memalign_r
                0x8001b148      0x1dc /opt/devkitpro/devkitPPC/bin/../lib/gcc/powerpc-eabi/13.1.0/../../../../powerpc-eabi/lib/libc.a(libc_a-malignr.o)
                0x8001b148                _memalign_r
 .text.quorem   0x8001b324      0x30c /opt/devkitpro/devkitPPC/bin/../lib/gcc/powerpc-eabi/13.1.0/../../../../powerpc-eabi/lib/libc.a(libc_a-dtoa.o)
 .text._dtoa_r  0x8001b630     0x1470 /opt/devkitpro/devkitPPC/bin/../lib/gcc/powerpc-eabi/13.1.0/../../../../powerpc-eabi/lib/libc.a(libc_a-dtoa.o)
                0x8001b630                _dtoa_r
 .text.__swsetup_r
                0x8001caa0      0x16c /opt/devkitpro/devkitPPC/bin/../lib/gcc/powerpc-eabi/13.1.0/../../../../powerpc-eabi/lib/libc.a(libc_a-wsetup.o)
                0x8001caa0                __swsetup_r
 .text._wcsnrtombs_l
                0x8001cc0c      0x214 /opt/devkitpro/devkitPPC/bin/../lib/gcc/powerpc-eabi/13.1.0/../../../../powerpc-eabi/lib/libc.a(libc_a-wcsnrtombs.o)
                0x8001cc0c                _wcsnrtombs_l
 .text._wcsnrtombs_r
                0x8001ce20       0xd8 /opt/devkitpro/devkitPPC/bin/../lib/gcc/powerpc-eabi/13.1.0/../../../../powerpc-eabi/lib/libc.a(libc_a-wcsnrtombs.o)
                0x8001ce20                _wcsnrtombs_r
 .text._fclose_r
                0x8001cef8      0x1e0 /opt/devkitpro/devkitPPC/bin/../lib/gcc/powerpc-eabi/13.1.0/../../../../powerpc-eabi/lib/libc.a(libc_a-fclose.o)
                0x8001cef8                _fclose_r
 .text.__utf8_wctomb
                0x8001d0d8      0x108 /opt/devkitpro/devkitPPC/bin/../lib/gcc/powerpc-eabi/13.1.0/../../../../powerpc-eabi/lib/libc.a(libc_a-wctomb_r.o)
                0x8001d0d8                __utf8_wctomb
 .text.startup.register_fini
                0x8001d1e0        0xc /opt/devkitpro/devkitPPC/bin/../lib/gcc/powerpc-eabi/13.1.0/../../../../powerpc-eabi/lib/libc.a(libc_a-__call_atexit.o)
 .text.__call_exitprocs
                0x8001d1ec      0x200 /opt/devkitpro/devkitPPC/bin/../lib/gcc/powerpc-eabi/13.1.0/../../../../powerpc-eabi/lib/libc.a(libc_a-__call_atexit.o)
                0x8001d1ec                __call_exitprocs
 .text.__sread  0x8001d3ec       0x74 /opt/devkitpro/devkitPPC/bin/../lib/gcc/powerpc-eabi/13.1.0/../../../../powerpc-eabi/lib/libc.a(libc_a-stdio.o)
                0x8001d3ec                __sread
 .text.__swrite
                0x8001d460       0xb8 /opt/devkitpro/devkitPPC/bin/../lib/gcc/powerpc-eabi/13.1.0/../../../../powerpc-eabi/lib/libc.a(libc_a-stdio.o)
                0x8001d460                __swrite
 .text.__sseek  0x8001d518       0x70 /opt/devkitpro/devkitPPC/bin/../lib/gcc/powerpc-eabi/13.1.0/../../../../powerpc-eabi/lib/libc.a(libc_a-stdio.o)
                0x8001d518                __sseek
 .text.__sclose
                0x8001d588        0x8 /opt/devkitpro/devkitPPC/bin/../lib/gcc/powerpc-eabi/13.1.0/../../../../powerpc-eabi/lib/libc.a(libc_a-stdio.o)
                0x8001d588                __sclose
 .text._realloc_r
                0x8001d590      0x584 /opt/devkitpro/devkitPPC/bin/../lib/gcc/powerpc-eabi/13.1.0/../../../../powerpc-eabi/lib/libc.a(libc_a-reallocr.o)
                0x8001d590                _realloc_r
 .text.atexit   0x8001db14       0x14 /opt/devkitpro/devkitPPC/bin/../lib/gcc/powerpc-eabi/13.1.0/../../../../powerpc-eabi/lib/libc.a(libc_a-atexit.o)
                0x8001db14                atexit
 .text.frexp    0x8001db28       0x90 /opt/devkitpro/devkitPPC/bin/../lib/gcc/powerpc-eabi/13.1.0/../../../../powerpc-eabi/lib/libc.a(libm_a-s_frexp.o)
                0x8001db28                frexp
 .text.strncpy  0x8001dbb8      0x108 /opt/devkitpro/devkitPPC/bin/../lib/gcc/powerpc-eabi/13.1.0/../../../../powerpc-eabi/lib/libc.a(libc_a-strncpy.o)
                0x8001dbb8                strncpy
 .text.__sprint_r
                0x8001dcc0       0x60 /opt/devkitpro/devkitPPC/bin/../lib/gcc/powerpc-eabi/13.1.0/../../../../powerpc-eabi/lib/libc.a(libc_a-sprint_r.o)
                0x8001dcc0                __sprint_r
 .text._Balloc  0x8001dd20       0xe0 /opt/devkitpro/devkitPPC/bin/../lib/gcc/powerpc-eabi/13.1.0/../../../../powerpc-eabi/lib/libc.a(libc_a-mprec.o)
                0x8001dd20                _Balloc
 .text._Bfree   0x8001de00       0x24 /opt/devkitpro/devkitPPC/bin/../lib/gcc/powerpc-eabi/13.1.0/../../../../powerpc-eabi/lib/libc.a(libc_a-mprec.o)
                0x8001de00                _Bfree
 .text.__multadd
                0x8001de24      0x154 /opt/devkitpro/devkitPPC/bin/../lib/gcc/powerpc-eabi/13.1.0/../../../../powerpc-eabi/lib/libc.a(libc_a-mprec.o)
                0x8001de24                __multadd
 .text.__hi0bits
                0x8001df78       0x7c /opt/devkitpro/devkitPPC/bin/../lib/gcc/powerpc-eabi/13.1.0/../../../../powerpc-eabi/lib/libc.a(libc_a-mprec.o)
                0x8001df78                __hi0bits
 .text.__lo0bits
                0x8001dff4       0xb4 /opt/devkitpro/devkitPPC/bin/../lib/gcc/powerpc-eabi/13.1.0/../../../../powerpc-eabi/lib/libc.a(libc_a-mprec.o)
                0x8001dff4                __lo0bits
 .text.__i2b    0x8001e0a8      0x108 /opt/devkitpro/devkitPPC/bin/../lib/gcc/powerpc-eabi/13.1.0/../../../../powerpc-eabi/lib/libc.a(libc_a-mprec.o)
                0x8001e0a8                __i2b
 .text.__multiply
                0x8001e1b0      0x310 /opt/devkitpro/devkitPPC/bin/../lib/gcc/powerpc-eabi/13.1.0/../../../../powerpc-eabi/lib/libc.a(libc_a-mprec.o)
                0x8001e1b0                __multiply
 .text.__pow5mult
                0x8001e4c0      0x17c /opt/devkitpro/devkitPPC/bin/../lib/gcc/powerpc-eabi/13.1.0/../../../../powerpc-eabi/lib/libc.a(libc_a-mprec.o)
                0x8001e4c0                __pow5mult
 .text.__lshift
                0x8001e63c      0x26c /opt/devkitpro/devkitPPC/bin/../lib/gcc/powerpc-eabi/13.1.0/../../../../powerpc-eabi/lib/libc.a(libc_a-mprec.o)
                0x8001e63c                __lshift
 .text.__mcmp   0x8001e8a8       0xdc /opt/devkitpro/devkitPPC/bin/../lib/gcc/powerpc-eabi/13.1.0/../../../../powerpc-eabi/lib/libc.a(libc_a-mprec.o)
                0x8001e8a8                __mcmp
 .text.__mdiff  0x8001e984      0x318 /opt/devkitpro/devkitPPC/bin/../lib/gcc/powerpc-eabi/13.1.0/../../../../powerpc-eabi/lib/libc.a(libc_a-mprec.o)
                0x8001e984                __mdiff
 .text.__d2b    0x8001ec9c      0x1a0 /opt/devkitpro/devkitPPC/bin/../lib/gcc/powerpc-eabi/13.1.0/../../../../powerpc-eabi/lib/libc.a(libc_a-mprec.o)
                0x8001ec9c                __d2b
 .text._localeconv_r
                0x8001ee3c       0x4c /opt/devkitpro/devkitPPC/bin/../lib/gcc/powerpc-eabi/13.1.0/../../../../powerpc-eabi/lib/libc.a(libc_a-localeconv.o)
                0x8001ee3c                _localeconv_r
 .text.__register_exitproc
                0x8001ee88      0x12c /opt/devkitpro/devkitPPC/bin/../lib/gcc/powerpc-eabi/13.1.0/../../../../powerpc-eabi/lib/libc.a(libc_a-__atexit.o)
                0x8001ee88                __register_exitproc
 .text.__assert_func
                0x8001efb4       0x24 /opt/devkitpro/devkitPPC/bin/../lib/gcc/powerpc-eabi/13.1.0/../../../../powerpc-eabi/lib/libsysbase.a(libsysbase_libsysbase_a-assert.o)
                0x8001efb4                __assert_func
 .text.__flockfile
                0x8001efd8       0x38 /opt/devkitpro/devkitPPC/bin/../lib/gcc/powerpc-eabi/13.1.0/../../../../powerpc-eabi/lib/libsysbase.a(libsysbase_libsysbase_a-flock.o)
                0x8001efd8                __flockfile
 .text.__funlockfile
                0x8001f010        0x8 /opt/devkitpro/devkitPPC/bin/../lib/gcc/powerpc-eabi/13.1.0/../../../../powerpc-eabi/lib/libsysbase.a(libsysbase_libsysbase_a-flock.o)
                0x8001f010                __funlockfile
 .text._fstat_r
                0x8001f018       0xb0 /opt/devkitpro/devkitPPC/bin/../lib/gcc/powerpc-eabi/13.1.0/../../../../powerpc-eabi/lib/libsysbase.a(libsysbase_libsysbase_a-fstat.o)
                0x8001f018                _fstat_r
 .text.__get_handle
                0x8001f0c8       0x90 /opt/devkitpro/devkitPPC/bin/../lib/gcc/powerpc-eabi/13.1.0/../../../../powerpc-eabi/lib/libsysbase.a(libsysbase_libsysbase_a-handle_manager.o)
                0x8001f0c8                __get_handle
 .text._close_r
                0x8001f158      0x178 /opt/devkitpro/devkitPPC/bin/../lib/gcc/powerpc-eabi/13.1.0/../../../../powerpc-eabi/lib/libsysbase.a(libsysbase_libsysbase_a-handle_manager.o)
                0x8001f158                _close_r
 .text._isatty_r
                0x8001f2d0        0x8 /opt/devkitpro/devkitPPC/bin/../lib/gcc/powerpc-eabi/13.1.0/../../../../powerpc-eabi/lib/libsysbase.a(libsysbase_libsysbase_a-isatty.o)
                0x8001f2d0                _isatty_r
 .text._lseek_r
                0x8001f2d8       0xe0 /opt/devkitpro/devkitPPC/bin/../lib/gcc/powerpc-eabi/13.1.0/../../../../powerpc-eabi/lib/libsysbase.a(libsysbase_libsysbase_a-lseek.o)
                0x8001f2d8                _lseek_r
 .text._read_r  0x8001f3b8       0xc4 /opt/devkitpro/devkitPPC/bin/../lib/gcc/powerpc-eabi/13.1.0/../../../../powerpc-eabi/lib/libsysbase.a(libsysbase_libsysbase_a-read.o)
                0x8001f3b8                _read_r
 .text.__libc_lock_init
                0x8001f47c       0x14 /opt/devkitpro/devkitPPC/bin/../lib/gcc/powerpc-eabi/13.1.0/../../../../powerpc-eabi/lib/libsysbase.a(libsysbase_libsysbase_a-syscall_support.o)
                0x8001f47c                __libc_lock_init
 .text.__libc_lock_acquire
                0x8001f490       0x14 /opt/devkitpro/devkitPPC/bin/../lib/gcc/powerpc-eabi/13.1.0/../../../../powerpc-eabi/lib/libsysbase.a(libsysbase_libsysbase_a-syscall_support.o)
                0x8001f490                __libc_lock_acquire
 .text.__libc_lock_release
                0x8001f4a4       0x14 /opt/devkitpro/devkitPPC/bin/../lib/gcc/powerpc-eabi/13.1.0/../../../../powerpc-eabi/lib/libsysbase.a(libsysbase_libsysbase_a-syscall_support.o)
                0x8001f4a4                __libc_lock_release
 .text.__libc_lock_close
                0x8001f4b8       0x14 /opt/devkitpro/devkitPPC/bin/../lib/gcc/powerpc-eabi/13.1.0/../../../../powerpc-eabi/lib/libsysbase.a(libsysbase_libsysbase_a-syscall_support.o)
                0x8001f4b8                __libc_lock_close
 .text.__libc_lock_init_recursive
                0x8001f4cc       0x14 /opt/devkitpro/devkitPPC/bin/../lib/gcc/powerpc-eabi/13.1.0/../../../../powerpc-eabi/lib/libsysbase.a(libsysbase_libsysbase_a-syscall_support.o)
                0x8001f4cc                __libc_lock_init_recursive
 .text.__malloc_lock
                0x8001f4e0       0x14 /opt/devkitpro/devkitPPC/bin/../lib/gcc/powerpc-eabi/13.1.0/../../../../powerpc-eabi/lib/libsysbase.a(libsysbase_libsysbase_a-syscall_support.o)
                0x8001f4e0                __malloc_lock
 .text.__malloc_unlock
                0x8001f4f4       0x14 /opt/devkitpro/devkitPPC/bin/../lib/gcc/powerpc-eabi/13.1.0/../../../../powerpc-eabi/lib/libsysbase.a(libsysbase_libsysbase_a-syscall_support.o)
                0x8001f4f4                __malloc_unlock
 .text._write_r
                0x8001f508       0xc4 /opt/devkitpro/devkitPPC/bin/../lib/gcc/powerpc-eabi/13.1.0/../../../../powerpc-eabi/lib/libsysbase.a(libsysbase_libsysbase_a-write.o)
                0x8001f508                _write_r
 .text.__do_global_ctors_aux
                0x8001f5cc       0x50 /opt/devkitpro/devkitPPC/bin/../lib/gcc/powerpc-eabi/13.1.0/crtend.o
 *(.gnu.warning)
 *(.gnu.linkonce.t.*)
                0x8001f620                        . = ALIGN (0x20)
 *fill*         0x8001f61c        0x4 00000000

.glink          0x8001f620        0x0
 .glink         0x8001f620        0x0 /opt/devkitpro/devkitPPC/bin/../lib/gcc/powerpc-eabi/13.1.0/crtbegin.o

.fini           0x8001f620       0x20
 *(.fini)
 .fini          0x8001f620        0xc /opt/devkitpro/devkitPPC/bin/../lib/gcc/powerpc-eabi/13.1.0/ecrti.o
                0x8001f620                __fini
 .fini          0x8001f62c        0x4 /opt/devkitpro/devkitPPC/bin/../lib/gcc/powerpc-eabi/13.1.0/crtbegin.o
 .fini          0x8001f630       0x10 /opt/devkitpro/devkitPPC/bin/../lib/gcc/powerpc-eabi/13.1.0/ecrtn.o
                0x8001f640                        . = ALIGN (0x20)
                [!provide]                        PROVIDE (__etext = .)
                [!provide]                        PROVIDE (_etext = .)
                [!provide]                        PROVIDE (etext = .)

.rodata         0x8001f640     0x13e0
 *(.rodata)
 *(.rodata.*)
 .rodata.print_result.str1.4
                0x8001f640      0x4f1 bench.o
                                 0x12 (size before relaxing)
 .rodata.benchmark_fp32_matrix_mult.str1.4
                0x8001fb31       0x1b bench.o
 .rodata.benchmark_bit_sieve.str1.4
                0x8001fb31       0x14 bench.o
 .rodata.benchmark_sorting.str1.4
                0x8001fb31       0x34 bench.o
 .rodata.benchmark_monte_carlo_pi.str1.4
                0x8001fb31       0x11 bench.o
 .rodata.benchmark_dft.str1.4
                0x8001fb31        0xe bench.o
 *fill*         0x8001fb31        0x3 
 .rodata.cst4   0x8001fb34       0x54 bench.o
                                 0x14 (size before relaxing)
 .rodata.cst8   0x8001fb88       0xe8 bench.o
                                  0x8 (size before relaxing)
 .rodata.__console_write
                0x8001fc70       0xec /opt/devkitpro/libogc/lib/cube/libogc.a(console.o)
 .rodata.color_table
                0x8001fd5c       0x40 /opt/devkitpro/libogc/lib/cube/libogc.a(console.o)
 .rodata.str1.4
                0x8001fd9c        0x7 /opt/devkitpro/libogc/lib/cube/libogc.a(console.o)
 .rodata.dotab_stdout
                0x8001fd9c       0x80 /opt/devkitpro/libogc/lib/cube/libogc.a(console.o)
                0x8001fd9c                dotab_stdout
 .rodata.CSWTCH.140
                0x8001fe1c       0x5c /opt/devkitpro/libogc/lib/cube/libogc.a(video.o)
 .rodata.video_timing
                0x8001fe78      0x110 /opt/devkitpro/libogc/lib/cube/libogc.a(video.o)
 .rodata._dsp_initcode
                0x8001ff88       0x80 /opt/devkitpro/libogc/lib/cube/libogc.a(system.o)
 .rodata.c_default_exceptionhandler.str1.4
                0x80020008      0x267 /opt/devkitpro/libogc/lib/cube/libogc.a(exception.o)
 .rodata.str1.4
                0x80020008       0xa0 /opt/devkitpro/libogc/lib/cube/libogc.a(exception.o)
 .rodata.exception_name
                0x80020008       0x3c /opt/devkitpro/libogc/lib/cube/libogc.a(exception.o)
 .rodata.exception_location
                0x80020044       0x3c /opt/devkitpro/libogc/lib/cube/libogc.a(exception.o)
 .rodata.__SetInterrupts
                0x80020080       0x6c /opt/devkitpro/libogc/lib/cube/libogc.a(irq.o)
 .rodata._irqPrio
                0x800200ec       0x2c /opt/devkitpro/libogc/lib/cube/libogc.a(irq.o)
 .rodata.number.str1.4
                0x80020118       0x4d /opt/devkitpro/libogc/lib/cube/libogc.a(kprintf.o)
 .rodata.kvsprintf.str1.4
                0x80020118        0x7 /opt/devkitpro/libogc/lib/cube/libogc.a(kprintf.o)
 .rodata.kvsprintf
                0x80020118      0x2e4 /opt/devkitpro/libogc/lib/cube/libogc.a(kprintf.o)
 .rodata.cst4   0x800203fc        0x4 /opt/devkitpro/devkitPPC/bin/../lib/gcc/powerpc-eabi/13.1.0/../../../../powerpc-eabi/lib/libm.a(libm_a-s_sin.o)
 .rodata.npio2_hw
                0x800203fc       0x80 /opt/devkitpro/devkitPPC/bin/../lib/gcc/powerpc-eabi/13.1.0/../../../../powerpc-eabi/lib/libm.a(libm_a-e_rem_pio2.o)
 .rodata.two_over_pi
                0x8002047c      0x108 /opt/devkitpro/devkitPPC/bin/../lib/gcc/powerpc-eabi/13.1.0/../../../../powerpc-eabi/lib/libm.a(libm_a-e_rem_pio2.o)
 .rodata.cst4   0x80020584       0x10 /opt/devkitpro/devkitPPC/bin/../lib/gcc/powerpc-eabi/13.1.0/../../../../powerpc-eabi/lib/libm.a(libm_a-e_rem_pio2.o)
 .rodata.cst8   0x80020584       0x38 /opt/devkitpro/devkitPPC/bin/../lib/gcc/powerpc-eabi/13.1.0/../../../../powerpc-eabi/lib/libm.a(libm_a-e_rem_pio2.o)
 *fill*         0x80020584        0x4 
 .rodata.PIo2   0x80020588       0x40 /opt/devkitpro/devkitPPC/bin/../lib/gcc/powerpc-eabi/13.1.0/../../../../powerpc-eabi/lib/libm.a(libm_a-k_rem_pio2.o)
 .rodata.init_jk
                0x800205c8       0x10 /opt/devkitpro/devkitPPC/bin/../lib/gcc/powerpc-eabi/13.1.0/../../../../powerpc-eabi/lib/libm.a(libm_a-k_rem_pio2.o)
 .rodata.cst4   0x800205d8       0x24 /opt/devkitpro/devkitPPC/bin/../lib/gcc/powerpc-eabi/13.1.0/../../../../powerpc-eabi/lib/libm.a(libm_a-k_rem_pio2.o)
 .rodata.cst4   0x800205d8        0x8 /opt/devkitpro/devkitPPC/bin/../lib/gcc/powerpc-eabi/13.1.0/../../../../powerpc-eabi/lib/libm.a(libm_a-s_scalbn.o)
 .rodata.cst8   0x800205d8       0x20 /opt/devkitpro/devkitPPC/bin/../lib/gcc/powerpc-eabi/13.1.0/../../../../powerpc-eabi/lib/libm.a(libm_a-s_scalbn.o)
 .rodata.cst8   0x800205d8       0x38 /opt/devkitpro/devkitPPC/bin/../lib/gcc/powerpc-eabi/13.1.0/../../../../powerpc-eabi/lib/libm.a(libm_a-k_sin.o)
 .rodata.cst4   0x800205d8        0x4 /opt/devkitpro/devkitPPC/bin/../lib/gcc/powerpc-eabi/13.1.0/../../../../powerpc-eabi/lib/libm.a(libm_a-k_sin.o)
 .rodata.cst4   0x800205d8        0x4 /opt/devkitpro/devkitPPC/bin/../lib/gcc/powerpc-eabi/13.1.0/../../../../powerpc-eabi/lib/libm.a(libm_a-s_cos.o)
 .rodata.cst8   0x800205d8        0x8 /opt/devkitpro/devkitPPC/bin/../lib/gcc/powerpc-eabi/13.1.0/../../../../powerpc-eabi/lib/libm.a(libm_a-s_floor.o)
 .rodata.cst4   0x800205d8        0x4 /opt/devkitpro/devkitPPC/bin/../lib/gcc/powerpc-eabi/13.1.0/../../../../powerpc-eabi/lib/libm.a(libm_a-s_floor.o)
 .rodata.cst4   0x800205d8       0x10 /opt/devkitpro/devkitPPC/bin/../lib/gcc/powerpc-eabi/13.1.0/../../../../powerpc-eabi/lib/libm.a(libm_a-k_cos.o)
 .rodata.cst8   0x800205d8       0x30 /opt/devkitpro/devkitPPC/bin/../lib/gcc/powerpc-eabi/13.1.0/../../../../powerpc-eabi/lib/libm.a(libm_a-k_cos.o)
 .rodata.AddDevice.str1.4
                0x800205d8        0x8 /opt/devkitpro/devkitPPC/bin/../lib/gcc/powerpc-eabi/13.1.0/../../../../powerpc-eabi/lib/libsysbase.a(libsysbase_libsysbase_a-iosupport.o)
 .rodata.dotab_stdnull
                0x800205d8       0x80 /opt/devkitpro/devkitPPC/bin/../lib/gcc/powerpc-eabi/13.1.0/../../../../powerpc-eabi/lib/libsysbase.a(libsysbase_libsysbase_a-iosupport.o)
                0x800205d8                dotab_stdnull
 .rodata._ctype_
                0x80020658      0x101 /opt/devkitpro/devkitPPC/bin/../lib/gcc/powerpc-eabi/13.1.0/../../../../powerpc-eabi/lib/libc.a(libc_a-ctype_.o)
                0x80020658                _ctype_
 .rodata._vfprintf_r.str1.1
                0x80020759       0x3b /opt/devkitpro/devkitPPC/bin/../lib/gcc/powerpc-eabi/13.1.0/../../../../powerpc-eabi/lib/libc.a(libc_a-vfprintf.o)
 .rodata._vfprintf_r
                0x80020794      0x16c /opt/devkitpro/devkitPPC/bin/../lib/gcc/powerpc-eabi/13.1.0/../../../../powerpc-eabi/lib/libc.a(libc_a-vfprintf.o)
 .rodata.zeroes.0
                0x80020900       0x10 /opt/devkitpro/devkitPPC/bin/../lib/gcc/powerpc-eabi/13.1.0/../../../../powerpc-eabi/lib/libc.a(libc_a-vfprintf.o)
 .rodata.blanks.1
                0x80020910       0x10 /opt/devkitpro/devkitPPC/bin/../lib/gcc/powerpc-eabi/13.1.0/../../../../powerpc-eabi/lib/libc.a(libc_a-vfprintf.o)
 .rodata.cst4   0x80020920       0x14 /opt/devkitpro/devkitPPC/bin/../lib/gcc/powerpc-eabi/13.1.0/../../../../powerpc-eabi/lib/libc.a(libc_a-vfprintf.o)
 .rodata.cst8   0x80020920        0x8 /opt/devkitpro/devkitPPC/bin/../lib/gcc/powerpc-eabi/13.1.0/../../../../powerpc-eabi/lib/libc.a(libc_a-vfprintf.o)
 .rodata.str1.4
                0x80020920       0x4c /opt/devkitpro/devkitPPC/bin/../lib/gcc/powerpc-eabi/13.1.0/../../../../powerpc-eabi/lib/libc.a(libc_a-locale.o)
 .rodata._dtoa_r.str1.4
                0x80020920       0x64 /opt/devkitpro/devkitPPC/bin/../lib/gcc/powerpc-eabi/13.1.0/../../../../powerpc-eabi/lib/libc.a(libc_a-dtoa.o)
 .rodata.cst4   0x80020920       0x24 /opt/devkitpro/devkitPPC/bin/../lib/gcc/powerpc-eabi/13.1.0/../../../../powerpc-eabi/lib/libc.a(libc_a-dtoa.o)
 .rodata.cst8   0x80020920       0x18 /opt/devkitpro/devkitPPC/bin/../lib/gcc/powerpc-eabi/13.1.0/../../../../powerpc-eabi/lib/libc.a(libc_a-dtoa.o)
 .rodata.cst4   0x80020920        0x4 /opt/devkitpro/devkitPPC/bin/../lib/gcc/powerpc-eabi/13.1.0/../../../../powerpc-eabi/lib/libc.a(libm_a-s_frexp.o)
 .rodata.__multadd.str1.4
                0x80020920       0x51 /opt/devkitpro/devkitPPC/bin/../lib/gcc/powerpc-eabi/13.1.0/../../../../powerpc-eabi/lib/libc.a(libc_a-mprec.o)
 .rodata.p05.0  0x80020920        0xc /opt/devkitpro/devkitPPC/bin/../lib/gcc/powerpc-eabi/13.1.0/../../../../powerpc-eabi/lib/libc.a(libc_a-mprec.o)
 *fill*         0x8002092c        0x4 
 .rodata.__mprec_bigtens
                0x80020930       0x28 /opt/devkitpro/devkitPPC/bin/../lib/gcc/powerpc-eabi/13.1.0/../../../../powerpc-eabi/lib/libc.a(libc_a-mprec.o)
                0x80020930                __mprec_bigtens
 .rodata.__mprec_tens
                0x80020958       0xc8 /opt/devkitpro/devkitPPC/bin/../lib/gcc/powerpc-eabi/13.1.0/../../../../powerpc-eabi/lib/libc.a(libc_a-mprec.o)
                0x80020958                __mprec_tens
 *(.gnu.linkonce.r.*)

.eh_frame_hdr   0x80020a20      0xac4
 .eh_frame_hdr  0x80020a20      0xac4 /opt/devkitpro/devkitPPC/bin/../lib/gcc/powerpc-eabi/13.1.0/../../../../powerpc-eabi/lib/crtmain.o
                0x80020a20                __GNU_EH_FRAME_HDR

.rodata1
 *(.rodata1)

.sdata2         0x800214e4        0x4
                0x800214e4                        PROVIDE (_SDA2_BASE_ = .)
 *(.sdata2)
 .sdata2        0x800214e4        0x0 /opt/devkitpro/devkitPPC/bin/../lib/gcc/powerpc-eabi/13.1.0/ecrti.o
                0x800214e4                __SDATA2_START__
 .sdata2        0x800214e4        0x0 /opt/devkitpro/devkitPPC/bin/../lib/gcc/powerpc-eabi/13.1.0/crtbegin.o
 *(.sdata2.*)
 .sdata2.__sys_inIPL
                0x800214e4        0x4 /opt/devkitpro/libogc/lib/cube/libogc.a(system.o)
 *(.gnu.linkonce.s2.*)

.sbss2          0x800214e8        0x0
 *(.sbss2)
 .sbss2         0x800214e8        0x0 /opt/devkitpro/devkitPPC/bin/../lib/gcc/powerpc-eabi/13.1.0/ecrtn.o
 *(.sbss2.*)
 *(.gnu.linkonce.sb2.*)
                0x800214e8                        . = ALIGN (0x4)
                [!provide]                        PROVIDE (__preinit_array_start = .)

.preinit_array
 *(.preinit_array)
                [!provide]                        PROVIDE (__preinit_array_end = .)
                [!provide]                        PROVIDE (__init_array_start = .)

.init_array
 *(.init_array)
                [!provide]                        PROVIDE (__init_array_end = .)
                [!provide]                        PROVIDE (__fini_array_start = .)

.fini_array
 *(.fini_array)
                [!provide]                        PROVIDE (__fini_array_end = .)

.data           0x800214e8     0x29f8
 *(.data)
 .data          0x800214e8       0x10 /opt/devkitpro/libogc/lib/cube/libogc.a(system_asm.o)
 .data          0x800214f8        0x4 /opt/devkitpro/devkitPPC/bin/../lib/gcc/powerpc-eabi/13.1.0/libgcc.a(eabi.o)
 *(.data.*)
 .data.TVEurgb60Hz480Prog
                0x800214fc       0x3c /opt/devkitpro/libogc/lib/cube/libogc.a(video.o)
                0x800214fc                TVEurgb60Hz480Prog
 .data.TVEurgb60Hz480IntDf
                0x80021538       0x3c /opt/devkitpro/libogc/lib/cube/libogc.a(video.o)
                0x80021538                TVEurgb60Hz480IntDf
 .data.TVPal576ProgScale
                0x80021574       0x3c /opt/devkitpro/libogc/lib/cube/libogc.a(video.o)
                0x80021574                TVPal576ProgScale
 .data.TVPal576IntDfScale
                0x800215b0       0x3c /opt/devkitpro/libogc/lib/cube/libogc.a(video.o)
                0x800215b0                TVPal576IntDfScale
 .data.TVMpal480Prog
                0x800215ec       0x3c /opt/devkitpro/libogc/lib/cube/libogc.a(video.o)
                0x800215ec                TVMpal480Prog
 .data.TVMpal480IntDf
                0x80021628       0x3c /opt/devkitpro/libogc/lib/cube/libogc.a(video.o)
                0x80021628                TVMpal480IntDf
 .data.TVNtsc480Prog
                0x80021664       0x3c /opt/devkitpro/libogc/lib/cube/libogc.a(video.o)
                0x80021664                TVNtsc480Prog
 .data.TVNtsc480IntDf
                0x800216a0       0x3c /opt/devkitpro/libogc/lib/cube/libogc.a(video.o)
                0x800216a0                TVNtsc480IntDf
 .data.pad_resetinfo
                0x800216dc       0x10 /opt/devkitpro/libogc/lib/cube/libogc.a(pad.o)
 .data.mem_resetinfo
                0x800216ec       0x10 /opt/devkitpro/libogc/lib/cube/libogc.a(system.o)
 .data.si_type  0x800216fc       0x10 /opt/devkitpro/libogc/lib/cube/libogc.a(si.o)
 .data.xy       0x8002170c       0x60 /opt/devkitpro/libogc/lib/cube/libogc.a(si.o)
 .data.sicntrl  0x8002176c       0x14 /opt/devkitpro/libogc/lib/cube/libogc.a(si.o)
 .data.console_font_8x16
                0x80021780     0x1000 /opt/devkitpro/libogc/lib/cube/libogc.a(console_font_8x16.o)
                0x80021780                console_font_8x16
 .data.devoptab_list
                0x80022780       0x8c /opt/devkitpro/devkitPPC/bin/../lib/gcc/powerpc-eabi/13.1.0/../../../../powerpc-eabi/lib/libsysbase.a(libsysbase_libsysbase_a-iosupport.o)
                0x80022780                devoptab_list
 *fill*         0x8002280c        0x4 
 .data._impure_data
                0x80022810      0x120 /opt/devkitpro/devkitPPC/bin/../lib/gcc/powerpc-eabi/13.1.0/../../../../powerpc-eabi/lib/libc.a(libc_a-impure.o)
                0x80022810                _impure_data
 .data.__malloc_av_
                0x80022930      0x408 /opt/devkitpro/devkitPPC/bin/../lib/gcc/powerpc-eabi/13.1.0/../../../../powerpc-eabi/lib/libc.a(libc_a-mallocr.o)
                0x80022930                __malloc_av_
 .data.__sglue  0x80022d38        0xc /opt/devkitpro/devkitPPC/bin/../lib/gcc/powerpc-eabi/13.1.0/../../../../powerpc-eabi/lib/libc.a(libc_a-findfp.o)
                0x80022d38                __sglue
 .data.__global_locale
                0x80022d44      0x16c /opt/devkitpro/devkitPPC/bin/../lib/gcc/powerpc-eabi/13.1.0/../../../../powerpc-eabi/lib/libc.a(libc_a-locale.o)
                0x80022d44                __global_locale
 .data.handles  0x80022eb0     0x1000 /opt/devkitpro/devkitPPC/bin/../lib/gcc/powerpc-eabi/13.1.0/../../../../powerpc-eabi/lib/libsysbase.a(libsysbase_libsysbase_a-handle_manager.o)
 .data.__stderr_handle
                0x80023eb0        0xc /opt/devkitpro/devkitPPC/bin/../lib/gcc/powerpc-eabi/13.1.0/../../../../powerpc-eabi/lib/libsysbase.a(libsysbase_libsysbase_a-handle_manager.o)
 .data.__stdout_handle
                0x80023ebc        0xc /opt/devkitpro/devkitPPC/bin/../lib/gcc/powerpc-eabi/13.1.0/../../../../powerpc-eabi/lib/libsysbase.a(libsysbase_libsysbase_a-handle_manager.o)
 .data.__stdin_handle
                0x80023ec8        0xc /opt/devkitpro/devkitPPC/bin/../lib/gcc/powerpc-eabi/13.1.0/../../../../powerpc-eabi/lib/libsysbase.a(libsysbase_libsysbase_a-handle_manager.o)
 *(.gnu.linkonce.d.*)
                0x80023ee0                        . = ALIGN (0x20)
 *fill*         0x80023ed4        0xc 

.branch_lt      0x80023ee0        0x0
 .branch_lt     0x80023ee0        0x0 /opt/devkitpro/devkitPPC/bin/../lib/gcc/powerpc-eabi/13.1.0/crtbegin.o

.data1
 *(.data1)

.tdata
 *(.tdata .tdata.* .gnu.linkonce.td.*)

.tbss
 *(.tbss .tbss.* .gnu.linkonce.tb.*)
 *(.tcommon)

.eh_frame       0x80023ee0     0x4234
 *(.eh_frame)
 .eh_frame      0x80023ee0        0x0 /opt/devkitpro/devkitPPC/bin/../lib/gcc/powerpc-eabi/13.1.0/ecrti.o
                0x80023ee0                __EH_FRAME_BEGIN__
 .eh_frame      0x80023ee0        0x0 /opt/devkitpro/devkitPPC/bin/../lib/gcc/powerpc-eabi/13.1.0/crtbegin.o
 .eh_frame      0x80023ee0        0x0 /opt/devkitpro/devkitPPC/bin/../lib/gcc/powerpc-eabi/13.1.0/crtbegin.o
 .eh_frame      0x80023ee0       0x34 /opt/devkitpro/devkitPPC/bin/../lib/gcc/powerpc-eabi/13.1.0/../../../../powerpc-eabi/lib/crtmain.o
 .eh_frame      0x80023f14      0x1d8 bench.o
                                0x254 (size before relaxing)
 .eh_frame      0x800240ec       0x48 main.o
                                 0x5c (size before relaxing)
 .eh_frame      0x80024134      0x150 /opt/devkitpro/libogc/lib/cube/libogc.a(console.o)
                                0x214 (size before relaxing)
 .eh_frame      0x80024284      0x218 /opt/devkitpro/libogc/lib/cube/libogc.a(video.o)
                                0x2f4 (size before relaxing)
 .eh_frame      0x8002449c      0x30c /opt/devkitpro/libogc/lib/cube/libogc.a(pad.o)
                                0x4d0 (size before relaxing)
 .eh_frame      0x800247a8      0x57c /opt/devkitpro/libogc/lib/cube/libogc.a(system.o)
                                0xad4 (size before relaxing)
 .eh_frame      0x80024d24       0x14 /opt/devkitpro/libogc/lib/cube/libogc.a(cond.o)
                                0x1ec (size before relaxing)
 .eh_frame      0x80024d38       0x28 /opt/devkitpro/libogc/lib/cube/libogc.a(decrementer.o)
                                 0x3c (size before relaxing)
 .eh_frame      0x80024d60       0x14 /opt/devkitpro/libogc/lib/cube/libogc.a(message.o)
                                0x178 (size before relaxing)
 .eh_frame      0x80024d74      0x464 /opt/devkitpro/libogc/lib/cube/libogc.a(si.o)
                                0x53c (size before relaxing)
 .eh_frame      0x800251d8       0xa4 /opt/devkitpro/libogc/lib/cube/libogc.a(timesupp.o)
                                0x1ec (size before relaxing)
 .eh_frame      0x8002527c       0xd0 /opt/devkitpro/libogc/lib/cube/libogc.a(lock_supp.o)
                                 0xe4 (size before relaxing)
 .eh_frame      0x8002534c      0x154 /opt/devkitpro/libogc/lib/cube/libogc.a(usbgecko.o)
                                0x3f4 (size before relaxing)
 .eh_frame      0x800254a0       0x3c /opt/devkitpro/libogc/lib/cube/libogc.a(sbrk.o)
                                 0x50 (size before relaxing)
 .eh_frame      0x800254dc       0x74 /opt/devkitpro/libogc/lib/cube/libogc.a(malloc_lock.o)
                                 0x88 (size before relaxing)
 .eh_frame      0x80025550       0x20 /opt/devkitpro/libogc/lib/cube/libogc.a(argv.o)
                                 0x34 (size before relaxing)
 .eh_frame      0x80025570       0x14 /opt/devkitpro/libogc/lib/cube/libogc.a(lwp_priority.o)
                                 0x28 (size before relaxing)
 .eh_frame      0x80025584      0x268 /opt/devkitpro/libogc/lib/cube/libogc.a(lwp_threadq.o)
                                0x2cc (size before relaxing)
 .eh_frame      0x800257ec      0x2ac /opt/devkitpro/libogc/lib/cube/libogc.a(lwp_threads.o)
                                0x394 (size before relaxing)
 .eh_frame      0x80025a98        0x0 /opt/devkitpro/libogc/lib/cube/libogc.a(lwp_messages.o)
                                0x270 (size before relaxing)
 .eh_frame      0x80025a98       0xfc /opt/devkitpro/libogc/lib/cube/libogc.a(lwp.o)
                                0x418 (size before relaxing)
 .eh_frame      0x80025b94       0x3c /opt/devkitpro/libogc/lib/cube/libogc.a(lwp_stack.o)
                                 0x50 (size before relaxing)
 .eh_frame      0x80025bd0       0x9c /opt/devkitpro/libogc/lib/cube/libogc.a(lwp_mutex.o)
                                 0xb0 (size before relaxing)
 .eh_frame      0x80025c6c      0x124 /opt/devkitpro/libogc/lib/cube/libogc.a(lwp_watchdog.o)
                                0x1a0 (size before relaxing)
 .eh_frame      0x80025d90       0x30 /opt/devkitpro/libogc/lib/cube/libogc.a(lwp_wkspace.o)
                                 0xa8 (size before relaxing)
 .eh_frame      0x80025dc0       0xb8 /opt/devkitpro/libogc/lib/cube/libogc.a(lwp_objmgr.o)
                                 0xe0 (size before relaxing)
 .eh_frame      0x80025e78       0x3c /opt/devkitpro/libogc/lib/cube/libogc.a(lwp_heap.o)
                                 0x64 (size before relaxing)
 .eh_frame      0x80025eb4       0xec /opt/devkitpro/libogc/lib/cube/libogc.a(exception.o)
                                0x160 (size before relaxing)
 .eh_frame      0x80025fa0       0xc8 /opt/devkitpro/libogc/lib/cube/libogc.a(irq.o)
                                0x118 (size before relaxing)
 .eh_frame      0x80026068       0x14 /opt/devkitpro/libogc/lib/cube/libogc.a(semaphore.o)
                                0x158 (size before relaxing)
 .eh_frame      0x8002607c      0x4fc /opt/devkitpro/libogc/lib/cube/libogc.a(exi.o)
                                0x7e4 (size before relaxing)
 .eh_frame      0x80026578      0x124 /opt/devkitpro/libogc/lib/cube/libogc.a(mutex.o)
                                0x14c (size before relaxing)
 .eh_frame      0x8002669c       0x30 /opt/devkitpro/libogc/lib/cube/libogc.a(gx.o)
                               0x1634 (size before relaxing)
 .eh_frame      0x800266cc      0x104 /opt/devkitpro/libogc/lib/cube/libogc.a(kprintf.o)
                                0x118 (size before relaxing)
 .eh_frame      0x800267d0       0x3c /opt/devkitpro/libogc/lib/cube/libogc.a(lwp_queue.o)
                                 0x78 (size before relaxing)
 .eh_frame      0x8002680c        0x0 /opt/devkitpro/libogc/lib/cube/libogc.a(lwp_sema.o)
                                 0x8c (size before relaxing)
 .eh_frame      0x8002680c        0x0 /opt/devkitpro/devkitPPC/bin/../lib/gcc/powerpc-eabi/13.1.0/../../../../powerpc-eabi/lib/libm.a(libm_a-sf_cos.o)
                                 0x54 (size before relaxing)
 .eh_frame      0x8002680c        0x0 /opt/devkitpro/devkitPPC/bin/../lib/gcc/powerpc-eabi/13.1.0/../../../../powerpc-eabi/lib/libm.a(libm_a-wf_sqrt.o)
                                 0x54 (size before relaxing)
 .eh_frame      0x8002680c        0x0 /opt/devkitpro/devkitPPC/bin/../lib/gcc/powerpc-eabi/13.1.0/../../../../powerpc-eabi/lib/libm.a(libm_a-kf_cos.o)
                                 0x38 (size before relaxing)
 .eh_frame      0x8002680c       0x2c /opt/devkitpro/devkitPPC/bin/../lib/gcc/powerpc-eabi/13.1.0/../../../../powerpc-eabi/lib/libm.a(libm_a-w_sincos.o)
                                 0x40 (size before relaxing)
 .eh_frame      0x80026838        0x0 /opt/devkitpro/devkitPPC/bin/../lib/gcc/powerpc-eabi/13.1.0/../../../../powerpc-eabi/lib/libm.a(libm_a-ef_sqrt.o)
                                 0x3c (size before relaxing)
 .eh_frame      0x80026838        0x0 /opt/devkitpro/devkitPPC/bin/../lib/gcc/powerpc-eabi/13.1.0/../../../../powerpc-eabi/lib/libm.a(libm_a-kf_sin.o)
                                 0x34 (size before relaxing)
 .eh_frame      0x80026838       0x40 /opt/devkitpro/devkitPPC/bin/../lib/gcc/powerpc-eabi/13.1.0/../../../../powerpc-eabi/lib/libm.a(libm_a-s_sin.o)
                                 0x54 (size before relaxing)
 .eh_frame      0x80026878        0x0 /opt/devkitpro/devkitPPC/bin/../lib/gcc/powerpc-eabi/13.1.0/../../../../powerpc-eabi/lib/libm.a(libm_a-ef_rem_pio2.o)
                                 0x80 (size before relaxing)
 .eh_frame      0x80026878        0x0 /opt/devkitpro/devkitPPC/bin/../lib/gcc/powerpc-eabi/13.1.0/../../../../powerpc-eabi/lib/libm.a(libm_a-sf_fabs.o)
                                 0x2c (size before relaxing)