Archive member included to satisfy reference by file (symbol)

/opt/blocksds/core/libs/libnds/lib/libnds9.a(IntrWait.s.o)
                              build/console_both_screens/source/main.c.o (swiWaitForVBlank)
/opt/blocksds/core/libs/libnds/lib/libnds9.a(mpu_setup.s.o)
                              /opt/blocksds/core/sys/crts/ds_arm9_crt0.o (__libnds_mpu_setup)
/opt/blocksds/core/libs/libnds/lib/libnds9.a(memset.s.o)
                              build/console_both_screens/source/bench.c.o (memset)
/opt/blocksds/core/libs/libnds/lib/libnds9.a(initSystem.c.o)
                              /opt/blocksds/core/sys/crts/ds_arm9_crt0.o (initSystem)
/opt/blocksds/core/libs/libnds/lib/libnds9.a(gurumeditation.c.o)
                              /opt/blocksds/core/libs/libnds/lib/libnds9.a(initSystem.c.o) (releaseExceptionHandler)
/opt/blocksds/core/libs/libnds/lib/libnds9.a(exceptions.c.o)
                              /opt/blocksds/core/libs/libnds/lib/libnds9.a(gurumeditation.c.o) (setExceptionHandler)
/opt/blocksds/core/libs/libnds/lib/libnds9.a(securearea.c.o)
                              /opt/blocksds/core/sys/crts/ds_arm9_crt0.o (__secure_area__)
/opt/blocksds/core/libs/libnds/lib/libnds9.a(system.c.o)
                              /opt/blocksds/core/libs/libnds/lib/libnds9.a(initSystem.c.o) (systemValueHandler)
/opt/blocksds/core/libs/libnds/lib/libnds9.a(console.c.o)
                              build/console_both_screens/source/main.c.o (consoleSelect)
/opt/blocksds/core/libs/libnds/lib/libnds9.a(crt0_argv.c.o)
                              /opt/blocksds/core/sys/crts/ds_arm9_crt0.o (build_argv)
/opt/blocksds/core/libs/libnds/lib/libnds9.a(iob.c.o)
                              build/console_both_screens/source/bench.c.o (stderr)
/opt/blocksds/core/libs/libnds/lib/libnds9.a(video.c.o)
                              /opt/blocksds/core/libs/libnds/lib/libnds9.a(console.c.o) (setBrightness)
/opt/blocksds/core/libs/libnds/lib/libnds9.a(background.c.o)
                              /opt/blocksds/core/libs/libnds/lib/libnds9.a(console.c.o) (bgState)
/opt/blocksds/core/libs/libnds/lib/libnds9.a(keyboard.c.o)
                              /opt/blocksds/core/libs/libnds/lib/libnds9.a(iob.c.o) (keyboardUpdate)
/opt/blocksds/core/libs/libnds/lib/libnds9.a(threads.c.o)
                              /opt/blocksds/core/libs/libnds/lib/libnds9.a(iob.c.o) (cothread_yield_irq)
/opt/blocksds/core/libs/libnds/lib/libnds9.a(debugprint.c.o)
                              /opt/blocksds/core/libs/libnds/lib/libnds9.a(console.c.o) (nocash_putc_buffered)
/opt/blocksds/core/libs/libnds/lib/libnds9.a(coroutine.c.o)
                              /opt/blocksds/core/libs/libnds/lib/libnds9.a(threads.c.o) (__ndsabi_coro_make_noctx)
/opt/blocksds/core/libs/libnds/lib/libnds9.a(interrupts.c.o)
                              /opt/blocksds/core/libs/libnds/lib/libnds9.a(initSystem.c.o) (irqInit)
/opt/blocksds/core/libs/libnds/lib/libnds9.a(locks.c.o)
                              /opt/blocksds/core/libs/libnds/lib/libnds9.a(threads.c.o) (__retarget_lock_acquire)
/opt/blocksds/core/libs/libnds/lib/libnds9.a(exit.c.o)
                              /opt/blocksds/core/sys/crts/ds_arm9_crt0.o (__libnds_exit)
/opt/blocksds/core/libs/libnds/lib/libnds9.a(sbrk.c.o)
                              /opt/blocksds/core/sys/crts/ds_arm9_crt0.o (fake_heap_start)
/opt/blocksds/core/libs/libnds/lib/libnds9.a(timers.c.o)
                              build/console_both_screens/source/bench.c.o (cpuStartTiming)
/opt/blocksds/core/libs/libnds/lib/libnds9.a(decompress.c.o)
                              /opt/blocksds/core/libs/libnds/lib/libnds9.a(keyboard.c.o) (decompress)
/opt/blocksds/core/libs/libnds/lib/libnds9.a(fifosystem.c.o)
                              /opt/blocksds/core/libs/libnds/lib/libnds9.a(initSystem.c.o) (fifoSetValue32Handler)
/opt/blocksds/core/libs/libnds/lib/libnds9.a(default_font.png.o)
                              /opt/blocksds/core/libs/libnds/lib/libnds9.a(console.c.o) (default_fontTiles)
/opt/blocksds/core/libs/libnds/lib/libnds9.a(keyboardGfx.png.o)
                              /opt/blocksds/core/libs/libnds/lib/libnds9.a(keyboard.c.o) (keyboardGfxPal)
/opt/blocksds/core/libs/libnds/lib/libnds9.a(cp15.s.o)
                              /opt/blocksds/core/libs/libnds/lib/libnds9.a(mpu_setup.s.o) (CP15_CleanAndFlushDCache)
/opt/blocksds/core/libs/libnds/lib/libnds9.a(exceptionHandler.s.o)
                              /opt/blocksds/core/libs/libnds/lib/libnds9.a(exceptions.c.o) (enterException)
/opt/blocksds/core/libs/libnds/lib/libnds9.a(cpu_clock.s.o)
                              /opt/blocksds/core/libs/libnds/lib/libnds9.a(initSystem.c.o) (setCpuClock)
/opt/blocksds/core/libs/libnds/lib/libnds9.a(aeabi_read_tp.s.o)
                              /opt/blocksds/core/libs/libnds/lib/libnds9.a(threads.c.o) (__aeabi_read_tp)
/opt/blocksds/core/libs/libnds/lib/libnds9.a(interruptDispatcher.s.o)
[...]
Memory Configuration

Name             Origin             Length             Attributes
ewram            0x02000000         0x00380000
dtcm             0x02ff0000         0x00004000
itcm             0x01000000         0x00008000
*default*        0x00000000         0xffffffff

Linker script and memory map

                0x00000000                        PROVIDE (__dtcm_data_size = 0x0)
                0x00000001                        ASSERT (((__dtcm_data_size & 0x3) == 0x0), __dtcm_data_size must be a multiple of 4)
                0x00004000                        PROVIDE (__dldi_size = 0x4000)
                0x00000040                        PROVIDE (__dtcm_reserved_size = 0x40)
                0x00000001                        ASSERT (((__dtcm_reserved_size & 0x3) == 0x0), __dtcm_reserved_size must be a multiple of 4)
                0x00000100                        PROVIDE (__svc_stack_size = 0x100)
                0x00000001                        ASSERT (((__svc_stack_size & 0x3) == 0x0), __svc_stack_size must be a multiple of 4)
                0x00000100                        PROVIDE (__irq_stack_size = 0x100)
                0x00000001                        ASSERT (((__irq_stack_size & 0x3) == 0x0), __irq_stack_size must be a multiple of 4)
                0x00000000                        PROVIDE (__usr_stack_size = 0x0)
                0x00000001                        ASSERT (((__usr_stack_size & 0x3) == 0x0), __usr_stack_size must be a multiple of 4)
                0x02380000                        __ewram_end = (ORIGIN (ewram) + LENGTH (ewram))
                0x02380000                        __eheap_end = (ORIGIN (ewram) + LENGTH (ewram))
                0x02ff0000                        __dtcm_start = ORIGIN (dtcm)
                0x02ff4000                        __dtcm_top = (ORIGIN (dtcm) + LENGTH (dtcm))
                0x02ff3ff8                        __irq_flags = (__dtcm_top - 0x8)
                0x02ff3ffc                        __irq_vector = (__dtcm_top - 0x4)
                0x02ff3fc0                        __sp_svc = (__dtcm_top - __dtcm_reserved_size)
                0x02ff3ec0                        __sp_irq = (__sp_svc - __svc_stack_size)
                0x02ff3dc0                        __sp_usr = ((__sp_irq - __irq_stack_size) - __dtcm_data_size)
                0x02ff0000                        __dtcm_data_start = (__dtcm_data_size > 0x0)?__sp_usr:ORIGIN (dtcm)
                0x02ff3dc0                        __dtcm_data_top = (__dtcm_data_size > 0x0)?(__sp_irq - __irq_stack_size):(__sp_usr - __usr_stack_size)
                0x0000000e                        __dldi_log2_size = (LOG2CEIL ((__dldi_size + 0x1)) - 0x1)

.secure         0x02000000      0x800
 *(.secure)
 .secure        0x02000000      0x800 /opt/blocksds/core/libs/libnds/lib/libnds9.a(securearea.c.o)
                0x02000000                __secure_area__

.crt0           0x02000800      0x2e8
                0x02000800                        __text_start = .
 *(.crt0)
 .crt0          0x02000800      0x2e8 /opt/blocksds/core/sys/crts/ds_arm9_crt0.o
                0x02000800                _start
                0x02000ae8                        . = ALIGN (0x4)

.dldi           0x02000ae8        0x0
                0x02000ae8                        __dldi_start = .
 *(.dldi)
                0x02000ae8                        . = ALIGN (0x4)
                0x02000ae8                        __dldi_data_end = .
                0x02000ae8                        __dldi_end = (__dldi_data_end > __dldi_start)?(__dldi_start + __dldi_size):__dldi_start
                0x02000ae8                        . = __dldi_end
                0x02000ae8                        . = ALIGN (0x4)

.plt
 *(.plt)

.init           0x02000ae8        0x8
 *(SORT_NONE(.init))
 .init          0x02000ae8        0x8 /opt/wonderful/toolchain/gcc-arm-none-eabi/lib/gcc/arm-none-eabi/14.2.0/thumb/arm946e-s/crtn.o

.text           0x02000af0     0x7860
 *(EXCLUDE_FILE(*.twl* *.itcm*) .text)
 .text          0x02000af0       0x14 /opt/wonderful/toolchain/gcc-arm-none-eabi/lib/gcc/arm-none-eabi/14.2.0/thumb/arm946e-s/libgcc.a(_thumb1_case_uqi.o)
                0x02000af0                __gnu_thumb1_case_uqi
 .text          0x02000b04       0x14 /opt/wonderful/toolchain/gcc-arm-none-eabi/lib/gcc/arm-none-eabi/14.2.0/thumb/arm946e-s/libgcc.a(_thumb1_case_uhi.o)
                0x02000b04                __gnu_thumb1_case_uhi
 .text          0x02000b18      0x214 /opt/wonderful/toolchain/gcc-arm-none-eabi/lib/gcc/arm-none-eabi/14.2.0/thumb/arm946e-s/libgcc.a(_udivsi3.o)
                0x02000b18                __udivsi3
                0x02000b18                __aeabi_uidiv
                0x02000d0c                __aeabi_uidivmod
 .text          0x02000d2c      0x248 /opt/wonderful/toolchain/gcc-arm-none-eabi/lib/gcc/arm-none-eabi/14.2.0/thumb/arm946e-s/libgcc.a(_divsi3.o)
                0x02000d2c                __aeabi_idiv
                0x02000d2c                __divsi3
                0x02000f54                __aeabi_idivmod
 .text          0x02000f74        0x4 /opt/wonderful/toolchain/gcc-arm-none-eabi/lib/gcc/arm-none-eabi/14.2.0/thumb/arm946e-s/libgcc.a(_dvmd_tls.o)
                0x02000f74                __aeabi_ldiv0
                0x02000f74                __aeabi_idiv0
 .text          0x02000f78       0x18 /opt/wonderful/toolchain/gcc-arm-none-eabi/lib/gcc/arm-none-eabi/14.2.0/thumb/arm946e-s/libgcc.a(_lshrdi3.o)
                0x02000f78                __aeabi_llsr
                0x02000f78                __lshrdi3
 .text          0x02000f90       0x1c /opt/wonderful/toolchain/gcc-arm-none-eabi/lib/gcc/arm-none-eabi/14.2.0/thumb/arm946e-s/libgcc.a(_ashrdi3.o)
                0x02000f90                __ashrdi3
                0x02000f90                __aeabi_lasr
 .text          0x02000fac       0x18 /opt/wonderful/toolchain/gcc-arm-none-eabi/lib/gcc/arm-none-eabi/14.2.0/thumb/arm946e-s/libgcc.a(_ashldi3.o)
                0x02000fac                __ashldi3
                0x02000fac                __aeabi_llsl
 .text          0x02000fc4      0x3c0 /opt/wonderful/toolchain/gcc-arm-none-eabi/lib/gcc/arm-none-eabi/14.2.0/thumb/arm946e-s/libgcc.a(_arm_addsubdf3.o)
                0x02000fc4                __aeabi_drsub
                0x02000fcc                __subdf3
                0x02000fcc                __aeabi_dsub
                0x02000fd0                __adddf3
                0x02000fd0                __aeabi_dadd
                0x0200127c                __aeabi_ui2d
                0x0200127c                __floatunsidf
                0x020012a0                __floatsidf
                0x020012a0                __aeabi_i2d
                0x020012c8                __extendsfdf2
                0x020012c8                __aeabi_f2d
                0x02001310                __aeabi_ul2d
                0x02001310                __floatundidf
                0x02001324                __aeabi_l2d
                0x02001324                __floatdidf
 .text          0x02001384      0x470 /opt/wonderful/toolchain/gcc-arm-none-eabi/lib/gcc/arm-none-eabi/14.2.0/thumb/arm946e-s/libgcc.a(_arm_muldivdf3.o)
                0x02001384                __muldf3
                0x02001384                __aeabi_dmul
                0x020015f0                __aeabi_ddiv
                0x020015f0                __divdf3
 .text          0x020017f4      0x12c /opt/wonderful/toolchain/gcc-arm-none-eabi/lib/gcc/arm-none-eabi/14.2.0/thumb/arm946e-s/libgcc.a(_arm_cmpdf2.o)
                0x020017f4                __gtdf2
                0x020017f4                __gedf2
                0x020017fc                __ledf2
                0x020017fc                __ltdf2
                0x02001804                __cmpdf2
                0x02001804                __eqdf2
                0x02001804                __nedf2
                0x0200188c                __aeabi_cdrcmple
                0x020018a8                __aeabi_cdcmpeq
                0x020018a8                __aeabi_cdcmple
                0x020018bc                __aeabi_dcmpeq
                0x020018d0                __aeabi_dcmplt
                0x020018e4                __aeabi_dcmple
                0x020018f8                __aeabi_dcmpge
                0x0200190c                __aeabi_dcmpgt
 .text          0x02001920       0x5c /opt/wonderful/toolchain/gcc-arm-none-eabi/lib/gcc/arm-none-eabi/14.2.0/thumb/arm946e-s/libgcc.a(_arm_fixdfsi.o)
                0x02001920                __fixdfsi
                0x02001920                __aeabi_d2iz
 .text          0x0200197c       0xa0 /opt/wonderful/toolchain/gcc-arm-none-eabi/lib/gcc/arm-none-eabi/14.2.0/thumb/arm946e-s/libgcc.a(_arm_truncdfsf2.o)
                0x0200197c                __aeabi_d2f
                0x0200197c                __truncdfsf2
 .text          0x02001a1c      0x250 /opt/wonderful/toolchain/gcc-arm-none-eabi/lib/gcc/arm-none-eabi/14.2.0/thumb/arm946e-s/libgcc.a(_arm_addsubsf3.o)
                0x02001a1c                __aeabi_frsub
                0x02001a24                __subsf3
                0x02001a24                __aeabi_fsub
                0x02001a28                __aeabi_fadd
                0x02001a28                __addsf3
                0x02001bb8                __floatunsisf
                0x02001bb8                __aeabi_ui2f
                0x02001bc0                __floatsisf
                0x02001bc0                __aeabi_i2f
                0x02001be0                __floatundisf
                0x02001be0                __aeabi_ul2f
                0x02001bf0                __floatdisf
                0x02001bf0                __aeabi_l2f
 .text          0x02001c6c      0x2f8 /opt/wonderful/toolchain/gcc-arm-none-eabi/lib/gcc/arm-none-eabi/14.2.0/thumb/arm946e-s/libgcc.a(_arm_muldivsf3.o)
                0x02001c6c                __mulsf3
                0x02001c6c                __aeabi_fmul
                0x02001e04                __aeabi_fdiv
                0x02001e04                __divsf3
 .text          0x02001f64        0x8 /opt/wonderful/toolchain/gcc-arm-none-eabi/lib/gcc/arm-none-eabi/14.2.0/thumb/arm946e-s/libgcc.a(_clzsi2.o)
                0x02001f64                __clzsi2
 .text          0x02001f6c       0x3c /opt/wonderful/toolchain/gcc-arm-none-eabi/lib/gcc/arm-none-eabi/14.2.0/thumb/arm946e-s/libgcc.a(_aeabi_uldivmod.o)
                0x02001f6c                __aeabi_uldivmod
 .text          0x02001fa8       0x60 /opt/wonderful/toolchain/gcc-arm-none-eabi/lib/gcc/arm-none-eabi/14.2.0/thumb/arm946e-s/libgcc.a(_muldi3.o)
                0x02001fa8                __aeabi_lmul
                0x02001fa8                __muldi3
 .text          0x02002008      0x198 /opt/wonderful/toolchain/gcc-arm-none-eabi/lib/gcc/arm-none-eabi/14.2.0/thumb/arm946e-s/libgcc.a(_udivmoddi4.o)
                0x02002008                __udivmoddi4
 .text          0x020021a0       0x14 /opt/wonderful/toolchain/gcc-arm-none-eabi/lib/gcc/arm-none-eabi/14.2.0/thumb/arm946e-s/libgcc.a(_clzdi2.o)
                0x020021a0                __clzdi2
 *(EXCLUDE_FILE(*.twl* *.itcm*) .stub)
 *(EXCLUDE_FILE(*.twl* *.itcm*) .text.*)
 .text.benchmark_fp32_matrix_mult
                0x020021b4      0x254 build/console_both_screens/source/bench.c.o
                0x020021b4                benchmark_fp32_matrix_mult
 .text.benchmark_bit_sieve
                0x02002408      0x170 build/console_both_screens/source/bench.c.o
                0x02002408                benchmark_bit_sieve
 .text.quicksort
                0x02002578       0xb0 build/console_both_screens/source/bench.c.o
                0x02002578                quicksort
 .text.benchmark_sorting
                0x02002628      0x164 build/console_both_screens/source/bench.c.o
                0x02002628                benchmark_sorting
 .text.benchmark_dft
                0x0200278c      0x394 build/console_both_screens/source/bench.c.o
                0x0200278c                benchmark_dft
 .text.run_bench
                0x02002b20      0x134 build/console_both_screens/source/bench.c.o
                0x02002b20                run_bench
 .text.startup.main
                0x02002c54       0x68 build/console_both_screens/source/main.c.o
                0x02002c54                main
 .text.swiWaitForVBlank
                0x02002cbc        0x8 /opt/blocksds/core/libs/libnds/lib/libnds9.a(IntrWait.s.o)
                0x02002cbc                swiWaitForVBlank
 .text.swiIntrWait
                0x02002cc4       0x70 /opt/blocksds/core/libs/libnds/lib/libnds9.a(IntrWait.s.o)
                0x02002cc4                swiIntrWait
 .text.__libnds_mpu_setup
                0x02002d34      0x1c4 /opt/blocksds/core/libs/libnds/lib/libnds9.a(mpu_setup.s.o)
                0x02002d34                __libnds_mpu_setup
 .text.memUncached
                0x02002ef8       0x20 /opt/blocksds/core/libs/libnds/lib/libnds9.a(mpu_setup.s.o)
                0x02002ef8                memUncached
 .text.__aeabi_memset
                0x02002f18       0x9c /opt/blocksds/core/libs/libnds/lib/libnds9.a(memset.s.o)
                0x02002f18                __aeabi_memset
                0x02002f3c                __aeabi_memset8
                0x02002f3c                __aeabi_memset4
                0x02002f48                __ndsabi_wordset4
                0x02002f4c                __ndsabi_lwordset4
 .text.__ndsabi_memset1
                0x02002fb4       0x10 /opt/blocksds/core/libs/libnds/lib/libnds9.a(memset.s.o)
                0x02002fb4                __ndsabi_memset1
 .text.memset   0x02002fc4       0x1c /opt/blocksds/core/libs/libnds/lib/libnds9.a(memset.s.o)
                0x02002fc4                memset
 .text.initSystem
                0x02002fe0      0x184 /opt/blocksds/core/libs/libnds/lib/libnds9.a(initSystem.c.o)
                0x02002fe0                initSystem
 .text.releaseCrashHandler
                0x02003164       0x78 /opt/blocksds/core/libs/libnds/lib/libnds9.a(gurumeditation.c.o)
 .text.releaseExceptionHandler
                0x020031dc       0x10 /opt/blocksds/core/libs/libnds/lib/libnds9.a(gurumeditation.c.o)
                0x020031dc                releaseExceptionHandler
 .text.libndsCrash
                0x020031ec        0xc /opt/blocksds/core/libs/libnds/lib/libnds9.a(gurumeditation.c.o)
                0x020031ec                libndsCrash
 .text.setExceptionHandler
                0x020031f8       0x18 /opt/blocksds/core/libs/libnds/lib/libnds9.a(exceptions.c.o)
                0x020031f8                setExceptionHandler
 .text.systemValueHandler
                0x02003210       0x44 /opt/blocksds/core/libs/libnds/lib/libnds9.a(system.c.o)
                0x02003210                systemValueHandler
 .text.systemMsgHandler
                0x02003254       0x2c /opt/blocksds/core/libs/libnds/lib/libnds9.a(system.c.o)
                0x02003254                systemMsgHandler
 .text.powerOn  0x02003280       0x2c /opt/blocksds/core/libs/libnds/lib/libnds9.a(system.c.o)
                0x02003280                powerOn
 .text.newRow   0x020032ac       0x88 /opt/blocksds/core/libs/libnds/lib/libnds9.a(console.c.o)
 .text.consolePrintChar.part.0
                0x02003334      0x100 /opt/blocksds/core/libs/libnds/lib/libnds9.a(console.c.o)
 .text.consoleSelect
                0x02003434       0x28 /opt/blocksds/core/libs/libnds/lib/libnds9.a(console.c.o)
                0x02003434                consoleSelect
 .text.consolePrintChar
                0x0200345c       0x2c /opt/blocksds/core/libs/libnds/lib/libnds9.a(console.c.o)
                0x0200345c                consolePrintChar
 .text.con_write
                0x02003488      0x33c /opt/blocksds/core/libs/libnds/lib/libnds9.a(console.c.o)
 .text.consoleLoadFont
                0x020037c4      0x268 /opt/blocksds/core/libs/libnds/lib/libnds9.a(console.c.o)
                0x020037c4                consoleLoadFont
 .text.consoleInitEx
                0x02003a2c      0x1b8 /opt/blocksds/core/libs/libnds/lib/libnds9.a(console.c.o)
                0x02003a2c                consoleInitEx
 .text.consoleInit
                0x02003be4       0x28 /opt/blocksds/core/libs/libnds/lib/libnds9.a(console.c.o)
                0x02003be4                consoleInit
 .text.consoleDemoInit
                0x02003c0c       0x48 /opt/blocksds/core/libs/libnds/lib/libnds9.a(console.c.o)
                0x02003c0c                consoleDemoInit
 .text.build_argv
                0x02003c54       0x58 /opt/blocksds/core/libs/libnds/lib/libnds9.a(crt0_argv.c.o)
                0x02003c54                build_argv
 .text.putc_buffered
                0x02003cac       0x98 /opt/blocksds/core/libs/libnds/lib/libnds9.a(iob.c.o)
 .text.stderr_putc_buffered
                0x02003d44       0x20 /opt/blocksds/core/libs/libnds/lib/libnds9.a(iob.c.o)
 .text.stdout_putc_buffered
                0x02003d64       0x40 /opt/blocksds/core/libs/libnds/lib/libnds9.a(iob.c.o)
 .text.setBrightness
                0x02003da4       0x40 /opt/blocksds/core/libs/libnds/lib/libnds9.a(video.c.o)
                0x02003da4                setBrightness
 .text.vramDefault
                0x02003de4       0xe4 /opt/blocksds/core/libs/libnds/lib/libnds9.a(video.c.o)
                0x02003de4                vramDefault
 .text.checkIfText
                0x02003ec8       0x6c /opt/blocksds/core/libs/libnds/lib/libnds9.a(background.c.o)
                0x02003ec8                checkIfText
 .text.bgUpdate
                0x02003f34       0xf4 /opt/blocksds/core/libs/libnds/lib/libnds9.a(background.c.o)
                0x02003f34                bgUpdate
 .text.bgInit_call
                0x02004028       0xb0 /opt/blocksds/core/libs/libnds/lib/libnds9.a(background.c.o)
                0x02004028                bgInit_call
 .text.bgInitSub_call
                0x020040d8       0xb8 /opt/blocksds/core/libs/libnds/lib/libnds9.a(background.c.o)
                0x020040d8                bgInitSub_call
 .text.cothread_delete_internal
                0x02004190       0x3c /opt/blocksds/core/libs/libnds/lib/libnds9.a(threads.c.o)
 .text.cothread_main
                0x020041cc       0x10 /opt/blocksds/core/libs/libnds/lib/libnds9.a(threads.c.o)
                0x020041cc                cothread_main
 .text.cothread_yield
                0x020041dc       0x14 /opt/blocksds/core/libs/libnds/lib/libnds9.a(threads.c.o)
                0x020041dc                cothread_yield
 .text.cothread_start
                0x020041f0       0xe8 /opt/blocksds/core/libs/libnds/lib/libnds9.a(threads.c.o)
                0x020041f0                cothread_start
 .text.__ndsabi_coro_make_noctx
                0x020042d8       0x24 /opt/blocksds/core/libs/libnds/lib/libnds9.a(coroutine.c.o)
                0x020042d8                __ndsabi_coro_make_noctx
 .text.irqDummy
                0x020042fc        0x4 /opt/blocksds/core/libs/libnds/lib/libnds9.a(interrupts.c.o)
                0x020042fc                irqDummy
 .text.irqSet   0x02004300       0x90 /opt/blocksds/core/libs/libnds/lib/libnds9.a(interrupts.c.o)
                0x02004300                irqSet
 .text.irqInit  0x02004390       0x4c /opt/blocksds/core/libs/libnds/lib/libnds9.a(interrupts.c.o)
                0x02004390                irqInit
 .text.irqEnable
                0x020043dc       0x64 /opt/blocksds/core/libs/libnds/lib/libnds9.a(interrupts.c.o)
                0x020043dc                irqEnable
 .text.__retarget_lock_acquire_recursive
                0x02004440       0x40 /opt/blocksds/core/libs/libnds/lib/libnds9.a(locks.c.o)
                0x02004440                __retarget_lock_acquire_recursive
 .text.__retarget_lock_release_recursive
                0x02004480       0x4c /opt/blocksds/core/libs/libnds/lib/libnds9.a(locks.c.o)
                0x02004480                __retarget_lock_release_recursive
 .text.__retarget_lock_acquire
                0x020044cc        0x8 /opt/blocksds/core/libs/libnds/lib/libnds9.a(locks.c.o)
                0x020044cc                __retarget_lock_acquire
 .text.__retarget_lock_release
                0x020044d4       0x4c /opt/blocksds/core/libs/libnds/lib/libnds9.a(locks.c.o)
                0x020044d4                __retarget_lock_release
 .text.systemErrorExit
                0x02004520        0x4 /opt/blocksds/core/libs/libnds/lib/libnds9.a(exit.c.o)
                0x02004520                systemErrorExit
 .text.__libnds_exit
                0x02004524        0x8 /opt/blocksds/core/libs/libnds/lib/libnds9.a(exit.c.o)
                0x02004524                __libnds_exit
 .text._exit    0x0200452c       0x78 /opt/blocksds/core/libs/libnds/lib/libnds9.a(exit.c.o)
                0x0200452c                _exit
 .text.sbrk     0x020045a4       0x5c /opt/blocksds/core/libs/libnds/lib/libnds9.a(sbrk.c.o)
                0x020045a4                sbrk
 .text.cpuStartTiming
                0x02004600       0x3c /opt/blocksds/core/libs/libnds/lib/libnds9.a(timers.c.o)
                0x02004600                cpuStartTiming
 .text.cpuGetTiming
                0x0200463c       0x3c /opt/blocksds/core/libs/libnds/lib/libnds9.a(timers.c.o)
                0x0200463c                cpuGetTiming
 .text.fifo_buffer_enqueue_block
                0x02004678       0x3c /opt/blocksds/core/libs/libnds/lib/libnds9.a(fifosystem.c.o)
 .text.fifo_buffer_wait_block
                0x020046b4       0x7c /opt/blocksds/core/libs/libnds/lib/libnds9.a(fifosystem.c.o)
 .text.fifoInternalSend.part.0
                0x02004730       0xc4 /opt/blocksds/core/libs/libnds/lib/libnds9.a(fifosystem.c.o)
 .text.fifoInternalSendInterrupt
                0x020047f4       0xb0 /opt/blocksds/core/libs/libnds/lib/libnds9.a(fifosystem.c.o)
 .text.fifoSetValue32Handler
                0x020048a4       0xd4 /opt/blocksds/core/libs/libnds/lib/libnds9.a(fifosystem.c.o)
                0x020048a4                fifoSetValue32Handler
 .text.fifoSendValue32
                0x02004978       0x54 /opt/blocksds/core/libs/libnds/lib/libnds9.a(fifosystem.c.o)
                0x02004978                fifoSendValue32
 .text.fifoGetDatamsg
                0x020049cc       0xe8 /opt/blocksds/core/libs/libnds/lib/libnds9.a(fifosystem.c.o)
                0x020049cc                fifoGetDatamsg
 .text.fifoInternalRecvInterrupt
                0x02004ab4      0x30c /opt/blocksds/core/libs/libnds/lib/libnds9.a(fifosystem.c.o)
 .text.fifoSetDatamsgHandler
                0x02004dc0       0x9c /opt/blocksds/core/libs/libnds/lib/libnds9.a(fifosystem.c.o)
                0x02004dc0                fifoSetDatamsgHandler
 .text.fifoInit
                0x02004e5c      0x114 /opt/blocksds/core/libs/libnds/lib/libnds9.a(fifosystem.c.o)
                0x02004e5c                fifoInit
 .text.enterException
                0x02004f70       0xd4 /opt/blocksds/core/libs/libnds/lib/libnds9.a(exceptionHandler.s.o)
                0x02004f70                enterException
                0x02004fe4                exceptionC
                0x02004fe8                exceptionStack
                0x02004fec                exceptionRegisters
 .text.__aeabi_read_tp
                0x02005044        0xc /opt/blocksds/core/libs/libnds/lib/libnds9.a(aeabi_read_tp.s.o)
                0x02005044                __aeabi_read_tp
 .text.__ndsabi_coro_resume
                0x02005050       0x18 /opt/blocksds/core/libs/libnds/lib/libnds9.a(coroutine.s.o)
                0x02005050                __ndsabi_coro_resume
 .text.__ndsabi_coro_yield
                0x02005068       0x1c /opt/blocksds/core/libs/libnds/lib/libnds9.a(coroutine.s.o)
                0x02005068                __ndsabi_coro_yield
 .text.__ndsabi_coro_pop_noctx
                0x02005084       0x34 /opt/blocksds/core/libs/libnds/lib/libnds9.a(coroutine.s.o)
                0x02005084                __ndsabi_coro_pop_noctx
 .text.__aeabi_memcpy
                0x020050b8       0xdc /opt/blocksds/core/libs/libnds/lib/libnds9.a(memcpy.s.o)
                0x020050b8                __aeabi_memcpy
                0x020050f0                __aeabi_memcpy4
                0x020050f0                __aeabi_memcpy8
                0x0200515c                __ndsabi_memcpy2
                0x02005180                __ndsabi_memcpy1
 .text.memcpy   0x02005194       0x10 /opt/blocksds/core/libs/libnds/lib/libnds9.a(memcpy.s.o)
                0x02005194                memcpy
 .text.dmaSetParams
                0x020051a4       0x1c /opt/blocksds/core/libs/libnds/lib/libnds9.a(dma.s.o)
                0x020051a4                dmaSetParams
 .text.getCPSR  0x020051c0        0x8 /opt/blocksds/core/libs/libnds/lib/libnds9.a(cpu.s.o)
                0x020051c0                getCPSR
 .text.setTransferInputData
                0x020051c8       0x20 /opt/blocksds/core/libs/libnds/lib/libnds9.a(keys.c.o)
                0x020051c8                setTransferInputData
 .text.sinLutLookup
                0x020051e8       0x4c /opt/blocksds/core/libs/libnds/lib/libnds9.a(trig.c.o)
                0x020051e8                sinLutLookup
 .text.sinLerp  0x02005234       0x38 /opt/blocksds/core/libs/libnds/lib/libnds9.a(trig.c.o)
                0x02005234                sinLerp
 .text.cosLerp  0x0200526c       0x48 /opt/blocksds/core/libs/libnds/lib/libnds9.a(trig.c.o)
                0x0200526c                cosLerp
 .text.calloc   0x020052b4       0xb4 /opt/wonderful/toolchain/gcc-arm-none-eabi/lib/gcc/arm-none-eabi/14.2.0/../../../../arm-none-eabi/lib/thumb/arm946e-s/libc.a(malloc-calloc.c.o)
                0x020052b4                calloc
 .text.malloc_trim
                0x02005368       0x9c /opt/wonderful/toolchain/gcc-arm-none-eabi/lib/gcc/arm-none-eabi/14.2.0/../../../../arm-none-eabi/lib/thumb/arm946e-s/libc.a(malloc-free.c.o)
                0x02005368                malloc_trim
 .text.free     0x02005404      0x164 /opt/wonderful/toolchain/gcc-arm-none-eabi/lib/gcc/arm-none-eabi/14.2.0/../../../../arm-none-eabi/lib/thumb/arm946e-s/libc.a(malloc-free.c.o)
                0x02005404                __malloc_free
                0x02005404                free
 .text.malloc   0x02005568      0x434 /opt/wonderful/toolchain/gcc-arm-none-eabi/lib/gcc/arm-none-eabi/14.2.0/../../../../arm-none-eabi/lib/thumb/arm946e-s/libc.a(malloc-malloc.c.o)
                0x02005568                malloc
 .text.__libc_init_array
                0x0200599c       0x54 /opt/wonderful/toolchain/gcc-arm-none-eabi/lib/gcc/arm-none-eabi/14.2.0/../../../../arm-none-eabi/lib/thumb/arm946e-s/libc.a(libc_misc_init.c.o)
                0x0200599c                __libc_init_array
 .text.rand     0x020059f0        0x8 /opt/wonderful/toolchain/gcc-arm-none-eabi/lib/gcc/arm-none-eabi/14.2.0/../../../../arm-none-eabi/lib/thumb/arm946e-s/libc.a(libc_stdlib_rand.c.o)
                0x020059f0                rand
 .text.random   0x020059f8       0x34 /opt/wonderful/toolchain/gcc-arm-none-eabi/lib/gcc/arm-none-eabi/14.2.0/../../../../arm-none-eabi/lib/thumb/arm946e-s/libc.a(libc_stdlib_random.c.o)
                0x020059f8                random
 .text.exit     0x02005a2c       0x20 /opt/wonderful/toolchain/gcc-arm-none-eabi/lib/gcc/arm-none-eabi/14.2.0/../../../../arm-none-eabi/lib/thumb/arm946e-s/libc.a(libc_stdlib_pico-exit.c.o)
                0x02005a2c                exit
 .text.fflush   0x02005a4c       0x12 /opt/wonderful/toolchain/gcc-arm-none-eabi/lib/gcc/arm-none-eabi/14.2.0/../../../../arm-none-eabi/lib/thumb/arm946e-s/libc.a(libc_tinystdio_fflush.c.o)
                0x02005a4c                fflush
 .text.fwrite   0x02005a5e      0x156 /opt/wonderful/toolchain/gcc-arm-none-eabi/lib/gcc/arm-none-eabi/14.2.0/../../../../arm-none-eabi/lib/thumb/arm946e-s/libc.a(libc_tinystdio_fwrite.c.o)
                0x02005a5e                fwrite
 .text.printf   0x02005bb4       0x20 /opt/wonderful/toolchain/gcc-arm-none-eabi/lib/gcc/arm-none-eabi/14.2.0/../../../../arm-none-eabi/lib/thumb/arm946e-s/libc.a(libc_tinystdio_printf.c.o)
                0x02005bb4                printf
 .text.puts     0x02005bd4       0x40 /opt/wonderful/toolchain/gcc-arm-none-eabi/lib/gcc/arm-none-eabi/14.2.0/../../../../arm-none-eabi/lib/thumb/arm946e-s/libc.a(libc_tinystdio_puts.c.o)
                0x02005bd4                puts
 .text.setvbuf  0x02005c14       0x18 /opt/wonderful/toolchain/gcc-arm-none-eabi/lib/gcc/arm-none-eabi/14.2.0/../../../../arm-none-eabi/lib/thumb/arm946e-s/libc.a(libc_tinystdio_setvbuf.c.o)
                0x02005c14                setvbuf
 .text.__ultoa_invert
                0x02005c2c       0x52 /opt/wonderful/toolchain/gcc-arm-none-eabi/lib/gcc/arm-none-eabi/14.2.0/../../../../arm-none-eabi/lib/thumb/arm946e-s/libc.a(libc_tinystdio_vfprintf.c.o)
 *fill*         0x02005c7e        0x2 ff
 .text.skip_to_arg
                0x02005c80      0x13c /opt/wonderful/toolchain/gcc-arm-none-eabi/lib/gcc/arm-none-eabi/14.2.0/../../../../arm-none-eabi/lib/thumb/arm946e-s/libc.a(libc_tinystdio_vfprintf.c.o)
 .text.vfprintf
                0x02005dbc      0x9b4 /opt/wonderful/toolchain/gcc-arm-none-eabi/lib/gcc/arm-none-eabi/14.2.0/../../../../arm-none-eabi/lib/thumb/arm946e-s/libc.a(libc_tinystdio_vfprintf.c.o)
                0x02005dbc                __d_vfprintf
                0x02005dbc                vfprintf
 .text.mulShiftAll64
                0x02006770      0x208 /opt/wonderful/toolchain/gcc-arm-none-eabi/lib/gcc/arm-none-eabi/14.2.0/../../../../arm-none-eabi/lib/thumb/arm946e-s/libc.a(libc_tinystdio_dtoa_ryu.c.o)
 .text.div10    0x02006978       0x28 /opt/wonderful/toolchain/gcc-arm-none-eabi/lib/gcc/arm-none-eabi/14.2.0/../../../../arm-none-eabi/lib/thumb/arm946e-s/libc.a(libc_tinystdio_dtoa_ryu.c.o)
 .text.__dtoa_engine
                0x020069a0      0x4a0 /opt/wonderful/toolchain/gcc-arm-none-eabi/lib/gcc/arm-none-eabi/14.2.0/../../../../arm-none-eabi/lib/thumb/arm946e-s/libc.a(libc_tinystdio_dtoa_ryu.c.o)
                0x020069a0                __dtoa_engine
 .text.__log10Pow2
                0x02006e40        0xc /opt/wonderful/toolchain/gcc-arm-none-eabi/lib/gcc/arm-none-eabi/14.2.0/../../../../arm-none-eabi/lib/thumb/arm946e-s/libc.a(libc_tinystdio_ryu_log10.c.o)
                0x02006e40                __log10Pow2
 .text.__log10Pow5
                0x02006e4c        0xc /opt/wonderful/toolchain/gcc-arm-none-eabi/lib/gcc/arm-none-eabi/14.2.0/../../../../arm-none-eabi/lib/thumb/arm946e-s/libc.a(libc_tinystdio_ryu_log10.c.o)
                0x02006e4c                __log10Pow5
 .text.__pow5bits
                0x02006e58       0x10 /opt/wonderful/toolchain/gcc-arm-none-eabi/lib/gcc/arm-none-eabi/14.2.0/../../../../arm-none-eabi/lib/thumb/arm946e-s/libc.a(libc_tinystdio_ryu_pow5bits.c.o)
                0x02006e58                __pow5bits
 .text.__pow5Factor
                0x02006e68       0x2c /opt/wonderful/toolchain/gcc-arm-none-eabi/lib/gcc/arm-none-eabi/14.2.0/../../../../arm-none-eabi/lib/thumb/arm946e-s/libc.a(libc_tinystdio_ryu_table.c.o)
                0x02006e68                __pow5Factor
 .text.__double_computePow5
                0x02006e94      0x104 /opt/wonderful/toolchain/gcc-arm-none-eabi/lib/gcc/arm-none-eabi/14.2.0/../../../../arm-none-eabi/lib/thumb/arm946e-s/libc.a(libc_tinystdio_ryu_table.c.o)
                0x02006e94                __double_computePow5
 .text.__double_computeInvPow5
                0x02006f98      0x100 /opt/wonderful/toolchain/gcc-arm-none-eabi/lib/gcc/arm-none-eabi/14.2.0/../../../../arm-none-eabi/lib/thumb/arm946e-s/libc.a(libc_tinystdio_ryu_table.c.o)
                0x02006f98                __double_computeInvPow5
 .text.__umul128
                0x02007098       0x6a /opt/wonderful/toolchain/gcc-arm-none-eabi/lib/gcc/arm-none-eabi/14.2.0/../../../../arm-none-eabi/lib/thumb/arm946e-s/libc.a(libc_tinystdio_ryu_umul128.c.o)
                0x02007098                __umul128
 .text.__shiftright128
                0x02007102       0x28 /opt/wonderful/toolchain/gcc-arm-none-eabi/lib/gcc/arm-none-eabi/14.2.0/../../../../arm-none-eabi/lib/thumb/arm946e-s/libc.a(libc_tinystdio_ryu_umul128.c.o)
                0x02007102                __shiftright128
 *fill*         0x0200712a        0x2 ff
 .text.cos      0x0200712c       0x80 /opt/wonderful/toolchain/gcc-arm-none-eabi/lib/gcc/arm-none-eabi/14.2.0/../../../../arm-none-eabi/lib/thumb/arm946e-s/libc.a(libm_math_s_cos.c.o)
                0x0200712c                cos
                0x0200712c                cosl
                0x0200712c                _cos
 .text.__rem_pio2
                0x020071ac      0x3d4 /opt/wonderful/toolchain/gcc-arm-none-eabi/lib/gcc/arm-none-eabi/14.2.0/../../../../arm-none-eabi/lib/thumb/arm946e-s/libc.a(libm_math_s_rem_pio2.c.o)
                0x020071ac                __rem_pio2
 .text.sin      0x02007580       0x84 /opt/wonderful/toolchain/gcc-arm-none-eabi/lib/gcc/arm-none-eabi/14.2.0/../../../../arm-none-eabi/lib/thumb/arm946e-s/libc.a(libm_math_s_sin.c.o)
                0x02007580                sinl
                0x02007580                sin
                0x02007580                _sin
 .text.__math_invalid
                0x02007604       0x10 /opt/wonderful/toolchain/gcc-arm-none-eabi/lib/gcc/arm-none-eabi/14.2.0/../../../../arm-none-eabi/lib/thumb/arm946e-s/libc.a(libm_common_math_err_invalid.c.o)
                0x02007604                __math_invalid
 .text.__libc_fini_array
                0x02007614       0x30 /opt/wonderful/toolchain/gcc-arm-none-eabi/lib/gcc/arm-none-eabi/14.2.0/../../../../arm-none-eabi/lib/thumb/arm946e-s/libc.a(libc_misc_fini.c.o)
                0x02007614                __libc_fini_array
 .text.strnlen  0x02007644       0x16 /opt/wonderful/toolchain/gcc-arm-none-eabi/lib/gcc/arm-none-eabi/14.2.0/../../../../arm-none-eabi/lib/thumb/arm946e-s/libc.a(libc_string_strnlen.c.o)
                0x02007644                strnlen
 .text.__bufio_flush_locked
                0x0200765a       0x64 /opt/wonderful/toolchain/gcc-arm-none-eabi/lib/gcc/arm-none-eabi/14.2.0/../../../../arm-none-eabi/lib/thumb/arm946e-s/libc.a(libc_tinystdio_bufio.c.o)
                0x0200765a                __bufio_flush_locked
 .text.__bufio_setdir_locked
                0x020076be       0x1a /opt/wonderful/toolchain/gcc-arm-none-eabi/lib/gcc/arm-none-eabi/14.2.0/../../../../arm-none-eabi/lib/thumb/arm946e-s/libc.a(libc_tinystdio_bufio.c.o)
                0x020076be                __bufio_setdir_locked
 .text.__dtox_engine
                0x020076d8      0x13c /opt/wonderful/toolchain/gcc-arm-none-eabi/lib/gcc/arm-none-eabi/14.2.0/../../../../arm-none-eabi/lib/thumb/arm946e-s/libc.a(libc_tinystdio_dtox_engine.c.o)
                0x020076d8                __dtox_engine
 .text.__kernel_cos
                0x02007814      0x174 /opt/wonderful/toolchain/gcc-arm-none-eabi/lib/gcc/arm-none-eabi/14.2.0/../../../../arm-none-eabi/lib/thumb/arm946e-s/libc.a(libm_math_k_cos.c.o)
                0x02007814                __kernel_cos
 .text.__kernel_rem_pio2
                0x02007988      0x69c /opt/wonderful/toolchain/gcc-arm-none-eabi/lib/gcc/arm-none-eabi/14.2.0/../../../../arm-none-eabi/lib/thumb/arm946e-s/libc.a(libm_math_k_rem_pio2.c.o)
                0x02007988                __kernel_rem_pio2
 .text.__kernel_sin
                0x02008024      0x150 /opt/wonderful/toolchain/gcc-arm-none-eabi/lib/gcc/arm-none-eabi/14.2.0/../../../../arm-none-eabi/lib/thumb/arm946e-s/libc.a(libm_math_k_sin.c.o)
                0x02008024                __kernel_sin
 .text.scalbn   0x02008174       0xa8 /opt/wonderful/toolchain/gcc-arm-none-eabi/lib/gcc/arm-none-eabi/14.2.0/../../../../arm-none-eabi/lib/thumb/arm946e-s/libc.a(libm_common_s_scalbn.c.o)
                0x02008174                ldexp
                0x02008174                scalbnl
                0x02008174                scalbn
                0x02008174                ldexpl
 .text.__fpclassifyd
                0x0200821c       0x38 /opt/wonderful/toolchain/gcc-arm-none-eabi/lib/gcc/arm-none-eabi/14.2.0/../../../../arm-none-eabi/lib/thumb/arm946e-s/libc.a(libm_common_s_fpclassify.c.o)
                0x0200821c                __fpclassifyl
                0x0200821c                __fpclassifyd
 .text.__math_uflow
                0x02008254       0x12 /opt/wonderful/toolchain/gcc-arm-none-eabi/lib/gcc/arm-none-eabi/14.2.0/../../../../arm-none-eabi/lib/thumb/arm946e-s/libc.a(libm_common_math_err_uflow.c.o)
                0x02008254                __math_uflow
 *fill*         0x02008266        0x2 ff
 .text.__math_oflow
                0x02008268       0x18 /opt/wonderful/toolchain/gcc-arm-none-eabi/lib/gcc/arm-none-eabi/14.2.0/../../../../arm-none-eabi/lib/thumb/arm946e-s/libc.a(libm_common_math_err_oflow.c.o)
                0x02008268                __math_oflow
 .text.floor    0x02008280       0xac /opt/wonderful/toolchain/gcc-arm-none-eabi/lib/gcc/arm-none-eabi/14.2.0/../../../../arm-none-eabi/lib/thumb/arm946e-s/libc.a(libm_machine_arm_s_floor.c.o)
                0x02008280                floor
                0x02008280                floorl
 *fill*         0x0200832c        0x4 ff
 .text.floor.__stub
                0x02008330       0x20 linker stubs
 *(EXCLUDE_FILE(*.twl*) .gnu.warning)
 *(EXCLUDE_FILE(*.twl*) .gnu.linkonce.t*)
 *(.glue_7)
 .glue_7        0x02008350        0x0 linker stubs
 *(.glue_7t)
 .glue_7t       0x02008350        0x0 linker stubs
                0x02008350                        . = ALIGN (0x4)

.vfp11_veneer   0x02008350        0x0
 .vfp11_veneer  0x02008350        0x0 linker stubs

.v4_bx          0x02008350        0x0
 .v4_bx         0x02008350        0x0 linker stubs

.iplt           0x02008350        0x0
 .iplt          0x02008350        0x0 /opt/blocksds/core/sys/crts/ds_arm9_crt0.o

.fini           0x02008350        0x8
 *(.fini)
 .fini          0x02008350        0x8 /opt/wonderful/toolchain/gcc-arm-none-eabi/lib/gcc/arm-none-eabi/14.2.0/thumb/arm946e-s/crtn.o
                0x02008358                        __text_end = .

.rodata         0x02008358      0xb44
 *(EXCLUDE_FILE(*.twl*) .rodata)
 .rodata        0x02008358      0x338 /opt/wonderful/toolchain/gcc-arm-none-eabi/lib/gcc/arm-none-eabi/14.2.0/../../../../arm-none-eabi/lib/thumb/arm946e-s/libc.a(libc_tinystdio_ryu_table.c.o)
 .rodata        0x02008690      0x188 /opt/wonderful/toolchain/gcc-arm-none-eabi/lib/gcc/arm-none-eabi/14.2.0/../../../../arm-none-eabi/lib/thumb/arm946e-s/libc.a(libm_math_s_rem_pio2.c.o)
 .rodata        0x02008818       0x50 /opt/wonderful/toolchain/gcc-arm-none-eabi/lib/gcc/arm-none-eabi/14.2.0/../../../../arm-none-eabi/lib/thumb/arm946e-s/libc.a(libm_math_k_rem_pio2.c.o)
 *all.rodata*(*)
 *(EXCLUDE_FILE(*.twl*) .roda)
 *(EXCLUDE_FILE(*.twl*) .rodata.*)
 .rodata.print_result.str1.4
                0x02008868       0xfd build/console_both_screens/source/bench.c.o
                                 0x12 (size before relaxing)
 .rodata.benchmark_fp32_matrix_mult.str1.4
                0x02008965       0x1b build/console_both_screens/source/bench.c.o
 .rodata.benchmark_bit_sieve.str1.4
                0x02008965       0x14 build/console_both_screens/source/bench.c.o
 .rodata.benchmark_sorting.str1.4
                0x02008965       0x2e build/console_both_screens/source/bench.c.o
 .rodata.benchmark_monte_carlo_pi.str1.4
                0x02008965       0x11 build/console_both_screens/source/bench.c.o
 .rodata.benchmark_dft.str1.4
                0x02008965        0xe build/console_both_screens/source/bench.c.o
 .rodata.main.str1.4
                0x02008965       0x23 build/console_both_screens/source/main.c.o
 .rodata.releaseCrashHandler.str1.4
                0x02008965       0x33 /opt/blocksds/core/libs/libnds/lib/libnds9.a(gurumeditation.c.o)
 *fill*         0x02008965        0x3 ff
 .rodata.con_write
                0x02008968      0x118 /opt/blocksds/core/libs/libnds/lib/libnds9.a(console.c.o)
 .rodata.stderr
                0x02008a80        0x4 /opt/blocksds/core/libs/libnds/lib/libnds9.a(iob.c.o)
                0x02008a80                stderr
 .rodata.stdout
                0x02008a84        0x4 /opt/blocksds/core/libs/libnds/lib/libnds9.a(iob.c.o)
                0x02008a84                stdout
 .rodata.__retarget_lock_release_recursive.str1.4
                0x02008a88        0xd /opt/blocksds/core/libs/libnds/lib/libnds9.a(locks.c.o)
 .rodata.default_fontTiles
                0x02008a88      0x300 /opt/blocksds/core/libs/libnds/lib/libnds9.a(default_font.png.o)
                0x02008a88                default_fontTiles
 .rodata.SIN_LUT
                0x02008d88      0x102 /opt/blocksds/core/libs/libnds/lib/libnds9.a(trig.c.o)
                0x02008d88                SIN_LUT
 .rodata.str1.1
                0x02008e8a        0xf /opt/wonderful/toolchain/gcc-arm-none-eabi/lib/gcc/arm-none-eabi/14.2.0/../../../../arm-none-eabi/lib/thumb/arm946e-s/libc.a(libc_tinystdio_vfprintf.c.o)
 *(EXCLUDE_FILE(*.twl*) .gnu.linkonce.r*)
                0x02008e9c                        . = ALIGN (0x4)
 *fill*         0x02008e99        0x3 ff

.ARM.extab
 *(.ARM.extab* .gnu.linkonce.armextab.*)
                0x02008e9c                        __exidx_start = .

ARM.exidx       0x02008e9c        0x8
 *(.ARM.exidx* .gnu.linkonce.armexidx.*)
 .ARM.exidx     0x02008e9c        0x8 /opt/wonderful/toolchain/gcc-arm-none-eabi/lib/gcc/arm-none-eabi/14.2.0/thumb/arm946e-s/libgcc.a(_udivmoddi4.o)
                0x02008ea4                        __exidx_end = .
                0x02008ea4                        . = ALIGN (0x4)

.preinit_array  0x02008ea4        0x0
                0x02008ea4                        PROVIDE (__preinit_array_start = .)
 *(.preinit_array)
                0x02008ea4                        PROVIDE (__preinit_array_end = .)

.init_array     0x02008ea4        0x0
                0x02008ea4                        PROVIDE (__init_array_start = .)
 *(SORT_BY_INIT_PRIORITY(.init_array.*) SORT_BY_INIT_PRIORITY(.ctors.*))
 *(.init_array EXCLUDE_FILE(*crtend?.o *crtend.o *crtbegin?.o *crtbegin.o) .ctors)
                0x02008ea4                        PROVIDE (__init_array_end = .)

.fini_array     0x02008ea4        0x0
                0x02008ea4                        PROVIDE (__fini_array_start = .)
 *(SORT_BY_INIT_PRIORITY(.fini_array.*) SORT_BY_INIT_PRIORITY(.dtors.*))
 *(.fini_array EXCLUDE_FILE(*crtend?.o *crtend.o *crtbegin?.o *crtbegin.o) .dtors)
                0x02008ea4                        PROVIDE (__fini_array_end = .)

.ctors          0x02008ea4        0x0
 *crtbegin.o(.ctors)
 *crtbegin?.o(.ctors)
 *(EXCLUDE_FILE(*crtend?.o *crtend.o) .ctors)
 *(SORT_BY_NAME(.ctors.*))
 *(.ctors)
                0x02008ea4                        . = ALIGN (0x4)

.dtors          0x02008ea4        0x0
 *crtbegin.o(.dtors)
 *crtbegin?.o(.dtors)
 *(EXCLUDE_FILE(*crtend?.o *crtend.o) .dtors)
 *(SORT_BY_NAME(.dtors.*))
 *(.dtors)
                0x02008ea4                        . = ALIGN (0x4)

.eh_frame       0x02008ea4        0x4
 *(.eh_frame)
 .eh_frame      0x02008ea4        0x4 /opt/wonderful/toolchain/gcc-arm-none-eabi/lib/gcc/arm-none-eabi/14.2.0/thumb/arm946e-s/crtend.o
                0x02008ea8                        . = ALIGN (0x4)

.rel.dyn        0x02008ea8        0x0
 .rel.iplt      0x02008ea8        0x0 /opt/blocksds/core/sys/crts/ds_arm9_crt0.o

.gcc_except_table
                0x02008ea8        0x0
 *(.gcc_except_table .gcc_except_table.*)
                0x02008ea8                        . = ALIGN (0x4)

.got            0x02008ea8       0x10
 *(.got.plt)
 .got.plt       0x02008ea8        0xc /opt/blocksds/core/sys/crts/ds_arm9_crt0.o
                0x02008ea8                _GLOBAL_OFFSET_TABLE_
 *(.got)
 .got           0x02008eb4        0x4 /opt/blocksds/core/sys/crts/ds_arm9_crt0.o
 *(.rel.got)
 .rel.got       0x02008eb8        0x0 /opt/blocksds/core/sys/crts/ds_arm9_crt0.o

.ewram          0x02008eb8        0x0
                0x02008eb8                        __ewram_start = ABSOLUTE (.)
 *(.ewram)
 *ewram.*(.text)
                0x02008eb8                        . = ALIGN (0x4)

.data           0x02008eb8      0x4d8
                0x02008eb8                        __data_start = ABSOLUTE (.)
 *(EXCLUDE_FILE(*.twl*) .data)
 .data          0x02008eb8       0x28 /opt/blocksds/core/libs/libnds/lib/libnds9.a(mpu_setup.s.o)
 .data          0x02008ee0      0x410 /opt/wonderful/toolchain/gcc-arm-none-eabi/lib/gcc/arm-none-eabi/14.2.0/../../../../arm-none-eabi/lib/thumb/arm946e-s/libc.a(malloc-malloc.c.o)
                0x02008ee0                __malloc_sbrk_base
                0x02008ee4                __malloc_trim_threshold
                0x02008ee8                __malloc_av_
 *(EXCLUDE_FILE(*.twl*) .data.*)
 .data.i        0x020092f0        0x4 build/console_both_screens/source/bench.c.o
                0x020092f0                i
 .data.firstConsoleInit.0
                0x020092f4        0x1 /opt/blocksds/core/libs/libnds/lib/libnds9.a(console.c.o)
 *fill*         0x020092f5        0x3 ff
 .data.currentConsole
                0x020092f8        0x4 /opt/blocksds/core/libs/libnds/lib/libnds9.a(console.c.o)
 .data.__stderr
                0x020092fc       0x10 /opt/blocksds/core/libs/libnds/lib/libnds9.a(iob.c.o)
 .data.__stdout
                0x0200930c       0x10 /opt/blocksds/core/libs/libnds/lib/libnds9.a(iob.c.o)
 .data.bgTransform
                0x0200931c       0x20 /opt/blocksds/core/libs/libnds/lib/libnds9.a(background.c.o)
                0x0200931c                bgTransform
 .data.bgScrollTable
                0x0200933c       0x20 /opt/blocksds/core/libs/libnds/lib/libnds9.a(background.c.o)
                0x0200933c                bgScrollTable
 .data.bgControl
                0x0200935c       0x20 /opt/blocksds/core/libs/libnds/lib/libnds9.a(background.c.o)
                0x0200935c                bgControl
 .data.fifo_freewords
                0x0200937c        0x4 /opt/blocksds/core/libs/libnds/lib/libnds9.a(fifosystem.c.o)
 .data.fifo_receive_queue
                0x02009380        0x4 /opt/blocksds/core/libs/libnds/lib/libnds9.a(fifosystem.c.o)
 .data.fifo_send_queue
                0x02009384        0x4 /opt/blocksds/core/libs/libnds/lib/libnds9.a(fifosystem.c.o)
 .data.fifo_buffer_free
                0x02009388        0x4 /opt/blocksds/core/libs/libnds/lib/libnds9.a(fifosystem.c.o)
 .data.receivedArm7Buttons
                0x0200938c        0x2 /opt/blocksds/core/libs/libnds/lib/libnds9.a(keys.c.o)
 *(EXCLUDE_FILE(*.twl*) .gnu.linkonce.d*)
                0x02009390                        . = ALIGN (0x4)
 *fill*         0x0200938e        0x2 ff

.igot.plt       0x02009390        0x0
 .igot.plt      0x02009390        0x0 /opt/blocksds/core/sys/crts/ds_arm9_crt0.o

.tdata          0x02009390        0x8
                0x02009390                        __tdata_start = ABSOLUTE (.)
 *(.tdata .tdata.* .gnu.linkonce.td.*)
 .tdata         0x02009390        0x8 /opt/wonderful/toolchain/gcc-arm-none-eabi/lib/gcc/arm-none-eabi/14.2.0/../../../../arm-none-eabi/lib/thumb/arm946e-s/libc.a(libc_stdlib_random.c.o)
                0x02009390                _rand_next
                0x02009398                        . = ALIGN (0x4)
                0x02009398                        __tdata_end = ABSOLUTE (.)
                0x02009398                        __data_end = .
                0x00000008                        __tdata_size = (__tdata_end - __tdata_start)

.tbss           0x02009398        0x4
                0x02009398                        __tbss_start = ABSOLUTE (.)
 *(.tbss .tbss.* .gnu.linkonce.tb.*)
 .tbss          0x02009398        0x4 /opt/wonderful/toolchain/gcc-arm-none-eabi/lib/gcc/arm-none-eabi/14.2.0/../../../../arm-none-eabi/lib/thumb/arm946e-s/libc.a(libc_errno_errno.c.o)
                0x02009398                errno
 *(.tcommon)
                0x0200939c                        . = ALIGN (0x4)
                0x0200939c                        __tbss_end = ABSOLUTE (.)
                0x00000004                        __tbss_size = (__tbss_end - __tbss_start)
                0x02009398                        __bss_vma = .

.dtcm           0x02ff0000        0x0 load address 0x02009398
                0x02009398                        __dtcm_lma = LOADADDR (.dtcm)
 *(.dtcm)
 *(.dtcm.*)
                0x02ff0000                        . = ALIGN (0x4)
                0x02ff0000                        __dtcm_end = ABSOLUTE (.)

.itcm           0x01000000      0x258 load address 0x02009398
                0x02009398                        __itcm_lma = LOADADDR (.itcm)
                0x01000000                        __itcm_start = ABSOLUTE (.)
 *(.vectors .vectors.*)
 *(.itcm)
 *(.itcm.*)
 .itcm.text     0x01000000       0x3c /opt/blocksds/core/libs/libnds/lib/libnds9.a(threads.c.o)
                0x01000000                cothread_scheduler_refresh_irq_flags
 .itcm.data     0x0100003c       0x80 /opt/blocksds/core/libs/libnds/lib/libnds9.a(interrupts.c.o)
                0x0100003c                irqTable
 .itcm.setCpuClock
                0x010000bc       0x50 /opt/blocksds/core/libs/libnds/lib/libnds9.a(cpu_clock.s.o)
                0x010000bc                setCpuClock
 .itcm.IntrMain
                0x0100010c       0xc0 /opt/blocksds/core/libs/libnds/lib/libnds9.a(interruptDispatcher.s.o)
                0x0100010c                IntrMain
 .itcm.text     0x010001cc       0x8c /opt/blocksds/core/libs/libnds/lib/libnds9.a(cache.c.o)
                0x010001cc                CP15_CleanAndFlushDCacheRange
                0x01000200                CP15_FlushDCacheRange
                0x0100022c                CP15_FlushICacheRange
 *.itcm*(.text .stub .text.*)
                0x01000258                        . = ALIGN (0x4)
                0x01000258                        __itcm_end = ABSOLUTE (.)

.sbss           0x02ff0000        0x4
                0x02ff0000                        __sbss_start = ABSOLUTE (.)
                0x02ff0000                        __sbss_start__ = ABSOLUTE (.)
 *(.sbss)
 .sbss          0x02ff0000        0x4 /opt/blocksds/core/libs/libnds/lib/libnds9.a(threads.c.o)
                0x02ff0000                cothread_irq_flags
 *(.sbss.*)
                0x02ff0004                        . = ALIGN (0x4)
                0x02ff0004                        __sbss_end = ABSOLUTE (.)

.bss            0x02009398      0xca0
                0x02009398                        __bss_start = ABSOLUTE (.)
                0x02009398                        __bss_start__ = ABSOLUTE (.)
 *(EXCLUDE_FILE(*.twl*) .dynbss)
 *(EXCLUDE_FILE(*.twl*) .gnu.linkonce.b*)
 *(EXCLUDE_FILE(*.twl*) .bss*)
 .bss.punixTime
                0x02009398        0x4 /opt/blocksds/core/libs/libnds/lib/libnds9.a(initSystem.c.o)
                0x02009398                punixTime
 .bss.__debugger_unit
                0x0200939c        0x1 /opt/blocksds/core/libs/libnds/lib/libnds9.a(initSystem.c.o)
                0x0200939c                __debugger_unit
 .bss.__dsimode
                0x0200939d        0x1 /opt/blocksds/core/libs/libnds/lib/libnds9.a(initSystem.c.o)
                0x0200939d                __dsimode
 *fill*         0x0200939e        0x2 
 .bss.exceptionMsg
                0x020093a0        0x4 /opt/blocksds/core/libs/libnds/lib/libnds9.a(gurumeditation.c.o)
                0x020093a0                exceptionMsg
 .bss.SDcallback
                0x020093a4        0x4 /opt/blocksds/core/libs/libnds/lib/libnds9.a(system.c.o)
 .bss.libnds_stderr_write
                0x020093a8        0x4 /opt/blocksds/core/libs/libnds/lib/libnds9.a(console.c.o)
                0x020093a8                libnds_stderr_write
 .bss.libnds_stdout_write
                0x020093ac        0x4 /opt/blocksds/core/libs/libnds/lib/libnds9.a(console.c.o)
                0x020093ac                libnds_stdout_write
 .bss.currentCopy
                0x020093b0       0x40 /opt/blocksds/core/libs/libnds/lib/libnds9.a(console.c.o)
 .bss.stderr_buf_len
                0x020093f0        0x2 /opt/blocksds/core/libs/libnds/lib/libnds9.a(iob.c.o)
 .bss.stdout_buf_len
                0x020093f2        0x2 /opt/blocksds/core/libs/libnds/lib/libnds9.a(iob.c.o)
 .bss.stderr_buf
                0x020093f4       0x11 /opt/blocksds/core/libs/libnds/lib/libnds9.a(iob.c.o)
 *fill*         0x02009405        0x3 
 .bss.stdout_buf
                0x02009408       0x11 /opt/blocksds/core/libs/libnds/lib/libnds9.a(iob.c.o)
 *fill*         0x02009419        0x3 
 .bss.bgIsTextLut
                0x0200941c        0x8 /opt/blocksds/core/libs/libnds/lib/libnds9.a(background.c.o)
                0x0200941c                bgIsTextLut
 .bss.bgState   0x02009424      0x140 /opt/blocksds/core/libs/libnds/lib/libnds9.a(background.c.o)
                0x02009424                bgState
 .bss.main_args
                0x02009564        0x8 /opt/blocksds/core/libs/libnds/lib/libnds9.a(threads.c.o)
 .bss.__tls     0x0200956c        0x4 /opt/blocksds/core/libs/libnds/lib/libnds9.a(threads.c.o)
                0x0200956c                __tls
 .bss.cothread_list
                0x02009570       0x1c /opt/blocksds/core/libs/libnds/lib/libnds9.a(threads.c.o)
 .bss.cothread_active_thread
                0x0200958c        0x4 /opt/blocksds/core/libs/libnds/lib/libnds9.a(threads.c.o)
 .bss.free_fn   0x02009590        0x4 /opt/blocksds/core/libs/libnds/lib/libnds9.a(threads.c.o)
 .bss.__lock___libc_recursive_mutex
                0x02009594       0x10 /opt/blocksds/core/libs/libnds/lib/libnds9.a(locks.c.o)
                0x02009594                __lock___libc_recursive_mutex
 .bss.heap_start.0
                0x020095a4        0x4 /opt/blocksds/core/libs/libnds/lib/libnds9.a(sbrk.c.o)
 .bss.fake_heap_start
                0x020095a8        0x4 /opt/blocksds/core/libs/libnds/lib/libnds9.a(sbrk.c.o)
                0x020095a8                fake_heap_start
 .bss.fake_heap_end
                0x020095ac        0x4 /opt/blocksds/core/libs/libnds/lib/libnds9.a(sbrk.c.o)
                0x020095ac                fake_heap_end
 .bss.localTimer
                0x020095b0        0x4 /opt/blocksds/core/libs/libnds/lib/libnds9.a(timers.c.o)
 .bss.processing
                0x020095b4        0x4 /opt/blocksds/core/libs/libnds/lib/libnds9.a(fifosystem.c.o)
 .bss.fifo_datamsg_data
                0x020095b8       0x40 /opt/blocksds/core/libs/libnds/lib/libnds9.a(fifosystem.c.o)
 .bss.fifo_value32_data
                0x020095f8       0x40 /opt/blocksds/core/libs/libnds/lib/libnds9.a(fifosystem.c.o)
 .bss.fifo_address_data
                0x02009638       0x40 /opt/blocksds/core/libs/libnds/lib/libnds9.a(fifosystem.c.o)
 .bss.fifo_datamsg_func
                0x02009678       0x40 /opt/blocksds/core/libs/libnds/lib/libnds9.a(fifosystem.c.o)
 .bss.fifo_value32_func
                0x020096b8       0x40 /opt/blocksds/core/libs/libnds/lib/libnds9.a(fifosystem.c.o)
 .bss.fifo_address_func
                0x020096f8       0x40 /opt/blocksds/core/libs/libnds/lib/libnds9.a(fifosystem.c.o)
 .bss.fifo_value32_queue
                0x02009738       0x40 /opt/blocksds/core/libs/libnds/lib/libnds9.a(fifosystem.c.o)
 .bss.fifo_data_queue
                0x02009778       0x40 /opt/blocksds/core/libs/libnds/lib/libnds9.a(fifosystem.c.o)
 .bss.fifo_address_queue
                0x020097b8       0x40 /opt/blocksds/core/libs/libnds/lib/libnds9.a(fifosystem.c.o)
 .bss.fifo_buffer
                0x020097f8      0x800 /opt/blocksds/core/libs/libnds/lib/libnds9.a(fifosystem.c.o)
 .bss.receivedTouchPosition
                0x02009ff8        0xc /opt/blocksds/core/libs/libnds/lib/libnds9.a(keys.c.o)
 .bss           0x0200a004       0x34 /opt/wonderful/toolchain/gcc-arm-none-eabi/lib/gcc/arm-none-eabi/14.2.0/../../../../arm-none-eabi/lib/thumb/arm946e-s/libc.a(malloc-malloc.c.o)
                0x0200a004                __malloc_top_pad
                0x0200a008                __malloc_current_mallinfo
                0x0200a030                __malloc_max_sbrked_mem
                0x0200a034                __malloc_max_total_mem
 *(EXCLUDE_FILE(*.twl*) COMMON)
                0x0200a038                        . = ALIGN (0x4)
                0x0200a038                        __bss_end__ = ABSOLUTE (.)

.noinit         0x0200a038        0x0
                0x0200a038                        __noinit_start = ABSOLUTE (.)
 *(EXCLUDE_FILE(*.twl*) .noinit)
 *(EXCLUDE_FILE(*.twl*) .noinit.*)
 *(EXCLUDE_FILE(*.twl*) .gnu.linkonce.n.*)
                0x0200a038                        . = ALIGN (0x4)
                0x0200a038                        __noinit_end = ABSOLUTE (.)

.tls            0x0200a038        0xc
                0x0200a038                        __tls_start = ABSOLUTE (.)
                0x0200a044                        . = ((. + __tdata_size) + __tbss_size)
 *fill*         0x0200a038        0xc 
                0x0200a044                        __tls_end = ABSOLUTE (.)
                0x0200a044                        __end__ = ABSOLUTE (.)
                0x0000000c                        __tls_size = (__tls_end - __tls_start)

.twl            0x0200a044        0x0 load address 0x02400000
                0x02400000                        __arm9i_lma__ = LOADADDR (.twl)
                0x0200a044                        __arm9i_start__ = ABSOLUTE (.)
 *(.twl)
 *(.twl.text .twl.text.*)
 *(.twl.rodata .twl.rodata.*)
 *(.twl.data .twl.data.*)
 *.twl*(.text .stub .text.* .gnu.linkonce.t.*)
 *.twl*(.rodata)
 *.twl*(.roda)
 *.twl*(.rodata.*)
 *.twl*(.data)
 *.twl*(.data.*)
 *.twl*(.gnu.linkonce.d*)
                0x0200a044                        __arm9i_end__ = ABSOLUTE (.)

.twl_bss        0x0200a044        0x0
                0x0200a044                        __twl_bss_start__ = ABSOLUTE (.)
 *(.twl_bss .twl_bss.*)
 *(.twl.bss .twl.bss.*)
 *.twl*(.dynbss)
 *.twl*(.gnu.linkonce.b*)
 *.twl*(.bss*)
 *.twl*(COMMON)
                0x0200a044                        . = ALIGN (0x4)
                0x0200a044                        __twl_bss_end__ = ABSOLUTE (.)

.twl_noinit     0x0200a044        0x0
                0x0200a044                        __twl_noinit_start__ = ABSOLUTE (.)
 *(.twl_noinit .twl_noinit.*)
 *(.twl.noinit .twl.noinit.*)
 *.twl*(.noinit)
 *.twl*(.noinit.*)
 *.twl*(.gnu.linkonce.n.*)
                0x0200a044                        . = ALIGN (0x4)
                0x0200a044                        __twl_noinit_end__ = ABSOLUTE (.)
                0x0200a044                        __twl_end__ = ABSOLUTE (.)
                0x00000258                        __itcm_size = (__itcm_end - __itcm_start)
                0x00000000                        __dtcm_size = (__dtcm_end - __dtcm_data_start)
                0x00000000                        __arm9i_size__ = (__arm9i_end__ - __arm9i_start__)
                0x00000ca0                        __bss_size__ = (__bss_end__ - __bss_start__)
                0x00000004                        __sbss_size = (__sbss_end - __sbss_start)
                0x00000000                        __twl_bss_size__ = (__twl_bss_end__ - __twl_bss_start__)

.stab
 *(.stab)

.stabstr
 *(.stabstr)

.stab.excl
 *(.stab.excl)

.stab.exclstr
 *(.stab.exclstr)

.stab.index
 *(.stab.index)

.stab.indexstr
 *(.stab.indexstr)

.comment        0x00000000       0x22
 *(.comment)
 .comment       0x00000000       0x22 build/console_both_screens/source/bench.c.o
                                 0x23 (size before relaxing)
 .comment       0x00000022       0x23 build/console_both_screens/source/main.c.o
 .comment       0x00000022       0x23 /opt/blocksds/core/libs/libnds/lib/libnds9.a(initSystem.c.o)
 .comment       0x00000022       0x23 /opt/blocksds/core/libs/libnds/lib/libnds9.a(gurumeditation.c.o)
 .comment       0x00000022       0x23 /opt/blocksds/core/libs/libnds/lib/libnds9.a(exceptions.c.o)
 .comment       0x00000022       0x23 /opt/blocksds/core/libs/libnds/lib/libnds9.a(securearea.c.o)
 .comment       0x00000022       0x23 /opt/blocksds/core/libs/libnds/lib/libnds9.a(system.c.o)
 .comment       0x00000022       0x23 /opt/blocksds/core/libs/libnds/lib/libnds9.a(console.c.o)
 .comment       0x00000022       0x23 /opt/blocksds/core/libs/libnds/lib/libnds9.a(crt0_argv.c.o)
 .comment       0x00000022       0x23 /opt/blocksds/core/libs/libnds/lib/libnds9.a(iob.c.o)
 .comment       0x00000022       0x23 /opt/blocksds/core/libs/libnds/lib/libnds9.a(video.c.o)
 .comment       0x00000022       0x23 /opt/blocksds/core/libs/libnds/lib/libnds9.a(background.c.o)
 .comment       0x00000022       0x23 /opt/blocksds/core/libs/libnds/lib/libnds9.a(threads.c.o)
 .comment       0x00000022       0x23 /opt/blocksds/core/libs/libnds/lib/libnds9.a(coroutine.c.o)
 .comment       0x00000022       0x23 /opt/blocksds/core/libs/libnds/lib/libnds9.a(interrupts.c.o)
 .comment       0x00000022       0x23 /opt/blocksds/core/libs/libnds/lib/libnds9.a(locks.c.o)
 .comment       0x00000022       0x23 /opt/blocksds/core/libs/libnds/lib/libnds9.a(exit.c.o)
 .comment       0x00000022       0x23 /opt/blocksds/core/libs/libnds/lib/libnds9.a(sbrk.c.o)
 .comment       0x00000022       0x23 /opt/blocksds/core/libs/libnds/lib/libnds9.a(timers.c.o)
 .comment       0x00000022       0x23 /opt/blocksds/core/libs/libnds/lib/libnds9.a(fifosystem.c.o)
 .comment       0x00000022       0x23 /opt/blocksds/core/libs/libnds/lib/libnds9.a(default_font.png.o)
 .comment       0x00000022       0x23 /opt/blocksds/core/libs/libnds/lib/libnds9.a(cache.c.o)
 .comment       0x00000022       0x23 /opt/blocksds/core/libs/libnds/lib/libnds9.a(keys.c.o)
 .comment       0x00000022       0x23 /opt/blocksds/core/libs/libnds/lib/libnds9.a(trig.c.o)
 .comment       0x00000022       0x23 /opt/wonderful/toolchain/gcc-arm-none-eabi/lib/gcc/arm-none-eabi/14.2.0/../../../../arm-none-eabi/lib/thumb/arm946e-s/libc.a(malloc-calloc.c.o)
 .comment       0x00000022       0x23 /opt/wonderful/toolchain/gcc-arm-none-eabi/lib/gcc/arm-none-eabi/14.2.0/../../../../arm-none-eabi/lib/thumb/arm946e-s/libc.a(malloc-free.c.o)
 .comment       0x00000022       0x23 /opt/wonderful/toolchain/gcc-arm-none-eabi/lib/gcc/arm-none-eabi/14.2.0/../../../../arm-none-eabi/lib/thumb/arm946e-s/libc.a(malloc-malloc.c.o)
 .comment       0x00000022       0x23 /opt/wonderful/toolchain/gcc-arm-none-eabi/lib/gcc/arm-none-eabi/14.2.0/../../../../arm-none-eabi/lib/thumb/arm946e-s/libc.a(libc_errno_errno.c.o)
 .comment       0x00000022       0x23 /opt/wonderful/toolchain/gcc-arm-none-eabi/lib/gcc/arm-none-eabi/14.2.0/../../../../arm-none-eabi/lib/thumb/arm946e-s/libc.a(libc_misc_init.c.o)
 .comment       0x00000022       0x23 /opt/wonderful/toolchain/gcc-arm-none-eabi/lib/gcc/arm-none-eabi/14.2.0/../../../../arm-none-eabi/lib/thumb/arm946e-s/libc.a(libc_stdlib_rand.c.o)
 .comment       0x00000022       0x23 /opt/wonderful/toolchain/gcc-arm-none-eabi/lib/gcc/arm-none-eabi/14.2.0/../../../../arm-none-eabi/lib/thumb/arm946e-s/libc.a(libc_stdlib_random.c.o)
 .comment       0x00000022       0x23 /opt/wonderful/toolchain/gcc-arm-none-eabi/lib/gcc/arm-none-eabi/14.2.0/../../../../arm-none-eabi/lib/thumb/arm946e-s/libc.a(libc_stdlib_pico-exit.c.o)
 .comment       0x00000022       0x23 /opt/wonderful/toolchain/gcc-arm-none-eabi/lib/gcc/arm-none-eabi/14.2.0/../../../../arm-none-eabi/lib/thumb/arm946e-s/libc.a(libc_tinystdio_fflush.c.o)
 .comment       0x00000022       0x23 /opt/wonderful/toolchain/gcc-arm-none-eabi/lib/gcc/arm-none-eabi/14.2.0/../../../../arm-none-eabi/lib/thumb/arm946e-s/libc.a(libc_tinystdio_fwrite.c.o)
 .comment       0x00000022       0x23 /opt/wonderful/toolchain/gcc-arm-none-eabi/lib/gcc/arm-none-eabi/14.2.0/../../../../arm-none-eabi/lib/thumb/arm946e-s/libc.a(libc_tinystdio_printf.c.o)
 .comment       0x00000022       0x23 /opt/wonderful/toolchain/gcc-arm-none-eabi/lib/gcc/arm-none-eabi/14.2.0/../../../../arm-none-eabi/lib/thumb/arm946e-s/libc.a(libc_tinystdio_puts.c.o)
 .comment       0x00000022       0x23 /opt/wonderful/toolchain/gcc-arm-none-eabi/lib/gcc/arm-none-eabi/14.2.0/../../../../arm-none-eabi/lib/thumb/arm946e-s/libc.a(libc_tinystdio_setvbuf.c.o)
 .comment       0x00000022       0x23 /opt/wonderful/toolchain/gcc-arm-none-eabi/lib/gcc/arm-none-eabi/14.2.0/../../../../arm-none-eabi/lib/thumb/arm946e-s/libc.a(libc_tinystdio_vfprintf.c.o)
 .comment       0x00000022       0x23 /opt/wonderful/toolchain/gcc-arm-none-eabi/lib/gcc/arm-none-eabi/14.2.0/../../../../arm-none-eabi/lib/thumb/arm946e-s/libc.a(libc_tinystdio_dtoa_ryu.c.o)
 .comment       0x00000022       0x23 /opt/wonderful/toolchain/gcc-arm-none-eabi/lib/gcc/arm-none-eabi/14.2.0/../../../../arm-none-eabi/lib/thumb/arm946e-s/libc.a(libc_tinystdio_ryu_log10.c.o)
 .comment       0x00000022       0x23 /opt/wonderful/toolchain/gcc-arm-none-eabi/lib/gcc/arm-none-eabi/14.2.0/../../../../arm-none-eabi/lib/thumb/arm946e-s/libc.a(libc_tinystdio_ryu_pow5bits.c.o)
 .comment       0x00000022       0x23 /opt/wonderful/toolchain/gcc-arm-none-eabi/lib/gcc/arm-none-eabi/14.2.0/../../../../arm-none-eabi/lib/thumb/arm946e-s/libc.a(libc_tinystdio_ryu_table.c.o)
 .comment       0x00000022       0x23 /opt/wonderful/toolchain/gcc-arm-none-eabi/lib/gcc/arm-none-eabi/14.2.0/../../../../arm-none-eabi/lib/thumb/arm946e-s/libc.a(libc_tinystdio_ryu_umul128.c.o)
 .comment       0x00000022       0x23 /opt/wonderful/toolchain/gcc-arm-none-eabi/lib/gcc/arm-none-eabi/14.2.0/../../../../arm-none-eabi/lib/thumb/arm946e-s/libc.a(libm_math_s_cos.c.o)
 .comment       0x00000022       0x23 /opt/wonderful/toolchain/gcc-arm-none-eabi/lib/gcc/arm-none-eabi/14.2.0/../../../../arm-none-eabi/lib/thumb/arm946e-s/libc.a(libm_math_s_rem_pio2.c.o)
 .comment       0x00000022       0x23 /opt/wonderful/toolchain/gcc-arm-none-eabi/lib/gcc/arm-none-eabi/14.2.0/../../../../arm-none-eabi/lib/thumb/arm946e-s/libc.a(libm_math_s_sin.c.o)
 .comment       0x00000022       0x23 /opt/wonderful/toolchain/gcc-arm-none-eabi/lib/gcc/arm-none-eabi/14.2.0/../../../../arm-none-eabi/lib/thumb/arm946e-s/libc.a(libm_common_math_err_invalid.c.o)
 .comment       0x00000022       0x23 /opt/wonderful/toolchain/gcc-arm-none-eabi/lib/gcc/arm-none-eabi/14.2.0/../../../../arm-none-eabi/lib/thumb/arm946e-s/libc.a(libc_misc_fini.c.o)
 .comment       0x00000022       0x23 /opt/wonderful/toolchain/gcc-arm-none-eabi/lib/gcc/arm-none-eabi/14.2.0/../../../../arm-none-eabi/lib/thumb/arm946e-s/libc.a(libc_string_strnlen.c.o)
 .comment       0x00000022       0x23 /opt/wonderful/toolchain/gcc-arm-none-eabi/lib/gcc/arm-none-eabi/14.2.0/../../../../arm-none-eabi/lib/thumb/arm946e-s/libc.a(libc_tinystdio_bufio.c.o)
 .comment       0x00000022       0x23 /opt/wonderful/toolchain/gcc-arm-none-eabi/lib/gcc/arm-none-eabi/14.2.0/../../../../arm-none-eabi/lib/thumb/arm946e-s/libc.a(libc_tinystdio_dtox_engine.c.o)
 .comment       0x00000022       0x23 /opt/wonderful/toolchain/gcc-arm-none-eabi/lib/gcc/arm-none-eabi/14.2.0/../../../../arm-none-eabi/lib/thumb/arm946e-s/libc.a(libm_math_k_cos.c.o)
 .comment       0x00000022       0x23 /opt/wonderful/toolchain/gcc-arm-none-eabi/lib/gcc/arm-none-eabi/14.2.0/../../../../arm-none-eabi/lib/thumb/arm946e-s/libc.a(libm_math_k_rem_pio2.c.o)
 .comment       0x00000022       0x23 /opt/wonderful/toolchain/gcc-arm-none-eabi/lib/gcc/arm-none-eabi/14.2.0/../../../../arm-none-eabi/lib/thumb/arm946e-s/libc.a(libm_math_k_sin.c.o)
 .comment       0x00000022       0x23 /opt/wonderful/toolchain/gcc-arm-none-eabi/lib/gcc/arm-none-eabi/14.2.0/../../../../arm-none-eabi/lib/thumb/arm946e-s/libc.a(libm_common_s_scalbn.c.o)
 .comment       0x00000022       0x23 /opt/wonderful/toolchain/gcc-arm-none-eabi/lib/gcc/arm-none-eabi/14.2.0/../../../../arm-none-eabi/lib/thumb/arm946e-s/libc.a(libm_common_s_fpclassify.c.o)
 .comment       0x00000022       0x23 /opt/wonderful/toolchain/gcc-arm-none-eabi/lib/gcc/arm-none-eabi/14.2.0/../../../../arm-none-eabi/lib/thumb/arm946e-s/libc.a(libm_common_math_err_uflow.c.o)
 .comment       0x00000022       0x23 /opt/wonderful/toolchain/gcc-arm-none-eabi/lib/gcc/arm-none-eabi/14.2.0/../../../../arm-none-eabi/lib/thumb/arm946e-s/libc.a(libm_common_math_err_oflow.c.o)
 .comment       0x00000022       0x23 /opt/wonderful/toolchain/gcc-arm-none-eabi/lib/gcc/arm-none-eabi/14.2.0/../../../../arm-none-eabi/lib/thumb/arm946e-s/libc.a(libm_machine_arm_s_floor.c.o)
 .comment       0x00000022       0x23 /opt/wonderful/toolchain/gcc-arm-none-eabi/lib/gcc/arm-none-eabi/14.2.0/thumb/arm946e-s/libgcc.a(_muldi3.o)
 .comment       0x00000022       0x23 /opt/wonderful/toolchain/gcc-arm-none-eabi/lib/gcc/arm-none-eabi/14.2.0/thumb/arm946e-s/libgcc.a(_udivmoddi4.o)
 .comment       0x00000022       0x23 /opt/wonderful/toolchain/gcc-arm-none-eabi/lib/gcc/arm-none-eabi/14.2.0/thumb/arm946e-s/crtend.o

.gnu.build.attributes
 *(.gnu.build.attributes .gnu.build.attributes.*)

.debug
 *(.debug)

.line
 *(.line)

.debug_srcinfo
 *(.debug_srcinfo)

.debug_sfnames
 *(.debug_sfnames)

.debug_aranges  0x00000000      0x760
 *(.debug_aranges)
 .debug_aranges
                0x00000000       0x20 /opt/wonderful/toolchain/gcc-arm-none-eabi/lib/gcc/arm-none-eabi/14.2.0/../../../../arm-none-eabi/lib/thumb/arm946e-s/libc.a(malloc-calloc.c.o)
 .debug_aranges
                0x00000020       0x28 /opt/wonderful/toolchain/gcc-arm-none-eabi/lib/gcc/arm-none-eabi/14.2.0/../../../../arm-none-eabi/lib/thumb/arm946e-s/libc.a(malloc-free.c.o)
 .debug_aranges
                0x00000048       0x20 /opt/wonderful/toolchain/gcc-arm-none-eabi/lib/gcc/arm-none-eabi/14.2.0/../../../../arm-none-eabi/lib/thumb/arm946e-s/libc.a(malloc-malloc.c.o)
 .debug_aranges
                0x00000068       0x18 /opt/wonderful/toolchain/gcc-arm-none-eabi/lib/gcc/arm-none-eabi/14.2.0/../../../../arm-none-eabi/lib/thumb/arm946e-s/libc.a(libc_errno_errno.c.o)
 .debug_aranges
                0x00000080       0x20 /opt/wonderful/toolchain/gcc-arm-none-eabi/lib/gcc/arm-none-eabi/14.2.0/../../../../arm-none-eabi/lib/thumb/arm946e-s/libc.a(libc_misc_init.c.o)
 .debug_aranges
                0x000000a0       0x20 /opt/wonderful/toolchain/gcc-arm-none-eabi/lib/gcc/arm-none-eabi/14.2.0/../../../../arm-none-eabi/lib/thumb/arm946e-s/libc.a(libc_stdlib_rand.c.o)
 .debug_aranges
                0x000000c0       0x20 /opt/wonderful/toolchain/gcc-arm-none-eabi/lib/gcc/arm-none-eabi/14.2.0/../../../../arm-none-eabi/lib/thumb/arm946e-s/libc.a(libc_stdlib_random.c.o)
 .debug_aranges
                0x000000e0       0x20 /opt/wonderful/toolchain/gcc-arm-none-eabi/lib/gcc/arm-none-eabi/14.2.0/../../../../arm-none-eabi/lib/thumb/arm946e-s/libc.a(libc_stdlib_pico-exit.c.o)
 .debug_aranges
                0x00000100       0x20 /opt/wonderful/toolchain/gcc-arm-none-eabi/lib/gcc/arm-none-eabi/14.2.0/../../../../arm-none-eabi/lib/thumb/arm946e-s/libc.a(libc_tinystdio_fflush.c.o)
 .debug_aranges
                0x00000120       0x20 /opt/wonderful/toolchain/gcc-arm-none-eabi/lib/gcc/arm-none-eabi/14.2.0/../../../../arm-none-eabi/lib/thumb/arm946e-s/libc.a(libc_tinystdio_fwrite.c.o)
 .debug_aranges
                0x00000140       0x20 /opt/wonderful/toolchain/gcc-arm-none-eabi/lib/gcc/arm-none-eabi/14.2.0/../../../../arm-none-eabi/lib/thumb/arm946e-s/libc.a(libc_tinystdio_printf.c.o)
 .debug_aranges
                0x00000160       0x20 /opt/wonderful/toolchain/gcc-arm-none-eabi/lib/gcc/arm-none-eabi/14.2.0/../../../../arm-none-eabi/lib/thumb/arm946e-s/libc.a(libc_tinystdio_puts.c.o)
 .debug_aranges
                0x00000180       0x20 /opt/wonderful/toolchain/gcc-arm-none-eabi/lib/gcc/arm-none-eabi/14.2.0/../../../../arm-none-eabi/lib/thumb/arm946e-s/libc.a(libc_tinystdio_setvbuf.c.o)
 .debug_aranges
                0x000001a0       0x30 /opt/wonderful/toolchain/gcc-arm-none-eabi/lib/gcc/arm-none-eabi/14.2.0/../../../../arm-none-eabi/lib/thumb/arm946e-s/libc.a(libc_tinystdio_vfprintf.c.o)
 .debug_aranges
                0x000001d0       0x30 /opt/wonderful/toolchain/gcc-arm-none-eabi/lib/gcc/arm-none-eabi/14.2.0/../../../../arm-none-eabi/lib/thumb/arm946e-s/libc.a(libc_tinystdio_dtoa_ryu.c.o)
 .debug_aranges
                0x00000200       0x28 /opt/wonderful/toolchain/gcc-arm-none-eabi/lib/gcc/arm-none-eabi/14.2.0/../../../../arm-none-eabi/lib/thumb/arm946e-s/libc.a(libc_tinystdio_ryu_log10.c.o)
 .debug_aranges
                0x00000228       0x20 /opt/wonderful/toolchain/gcc-arm-none-eabi/lib/gcc/arm-none-eabi/14.2.0/../../../../arm-none-eabi/lib/thumb/arm946e-s/libc.a(libc_tinystdio_ryu_pow5bits.c.o)
 .debug_aranges
                0x00000248       0x30 /opt/wonderful/toolchain/gcc-arm-none-eabi/lib/gcc/arm-none-eabi/14.2.0/../../../../arm-none-eabi/lib/thumb/arm946e-s/libc.a(libc_tinystdio_ryu_table.c.o)
 .debug_aranges
                0x00000278       0x28 /opt/wonderful/toolchain/gcc-arm-none-eabi/lib/gcc/arm-none-eabi/14.2.0/../../../../arm-none-eabi/lib/thumb/arm946e-s/libc.a(libc_tinystdio_ryu_umul128.c.o)
 .debug_aranges
                0x000002a0       0x20 /opt/wonderful/toolchain/gcc-arm-none-eabi/lib/gcc/arm-none-eabi/14.2.0/../../../../arm-none-eabi/lib/thumb/arm946e-s/libc.a(libm_math_s_cos.c.o)
 .debug_aranges
                0x000002c0       0x20 /opt/wonderful/toolchain/gcc-arm-none-eabi/lib/gcc/arm-none-eabi/14.2.0/../../../../arm-none-eabi/lib/thumb/arm946e-s/libc.a(libm_math_s_rem_pio2.c.o)
 .debug_aranges
                0x000002e0       0x20 /opt/wonderful/toolchain/gcc-arm-none-eabi/lib/gcc/arm-none-eabi/14.2.0/../../../../arm-none-eabi/lib/thumb/arm946e-s/libc.a(libm_math_s_sin.c.o)
 .debug_aranges
                0x00000300       0x20 /opt/wonderful/toolchain/gcc-arm-none-eabi/lib/gcc/arm-none-eabi/14.2.0/../../../../arm-none-eabi/lib/thumb/arm946e-s/libc.a(libm_common_math_err_invalid.c.o)
 .debug_aranges
                0x00000320       0x20 /opt/wonderful/toolchain/gcc-arm-none-eabi/lib/gcc/arm-none-eabi/14.2.0/../../../../arm-none-eabi/lib/thumb/arm946e-s/libc.a(libc_misc_fini.c.o)
 .debug_aranges
                0x00000340       0x20 /opt/wonderful/toolchain/gcc-arm-none-eabi/lib/gcc/arm-none-eabi/14.2.0/../../../../arm-none-eabi/lib/thumb/arm946e-s/libc.a(libc_string_strnlen.c.o)
 .debug_aranges
                0x00000360       0x60 /opt/wonderful/toolchain/gcc-arm-none-eabi/lib/gcc/arm-none-eabi/14.2.0/../../../../arm-none-eabi/lib/thumb/arm946e-s/libc.a(libc_tinystdio_bufio.c.o)
 .debug_aranges
                0x000003c0       0x20 /opt/wonderful/toolchain/gcc-arm-none-eabi/lib/gcc/arm-none-eabi/14.2.0/../../../../arm-none-eabi/lib/thumb/arm946e-s/libc.a(libc_tinystdio_dtox_engine.c.o)
 .debug_aranges
                0x000003e0       0x20 /opt/wonderful/toolchain/gcc-arm-none-eabi/lib/gcc/arm-none-eabi/14.2.0/../../../../arm-none-eabi/lib/thumb/arm946e-s/libc.a(libm_math_k_cos.c.o)
 .debug_aranges
                0x00000400       0x20 /opt/wonderful/toolchain/gcc-arm-none-eabi/lib/gcc/arm-none-eabi/14.2.0/../../../../arm-none-eabi/lib/thumb/arm946e-s/libc.a(libm_math_k_rem_pio2.c.o)
 .debug_aranges
                0x00000420       0x20 /opt/wonderful/toolchain/gcc-arm-none-eabi/lib/gcc/arm-none-eabi/14.2.0/../../../../arm-none-eabi/lib/thumb/arm946e-s/libc.a(libm_math_k_sin.c.o)
 .debug_aranges
                0x00000440       0x20 /opt/wonderful/toolchain/gcc-arm-none-eabi/lib/gcc/arm-none-eabi/14.2.0/../../../../arm-none-eabi/lib/thumb/arm946e-s/libc.a(libm_common_s_scalbn.c.o)
 .debug_aranges
                0x00000460       0x20 /opt/wonderful/toolchain/gcc-arm-none-eabi/lib/gcc/arm-none-eabi/14.2.0/../../../../arm-none-eabi/lib/thumb/arm946e-s/libc.a(libm_common_s_fpclassify.c.o)
 .debug_aranges
                0x00000480       0x20 /opt/wonderful/toolchain/gcc-arm-none-eabi/lib/gcc/arm-none-eabi/14.2.0/../../../../arm-none-eabi/lib/thumb/arm946e-s/libc.a(libm_common_math_err_uflow.c.o)
 .debug_aranges
                0x000004a0       0x20 /opt/wonderful/toolchain/gcc-arm-none-eabi/lib/gcc/arm-none-eabi/14.2.0/../../../../arm-none-eabi/lib/thumb/arm946e-s/libc.a(libm_common_math_err_oflow.c.o)
 .debug_aranges
                0x000004c0       0x20 /opt/wonderful/toolchain/gcc-arm-none-eabi/lib/gcc/arm-none-eabi/14.2.0/../../../../arm-none-eabi/lib/thumb/arm946e-s/libc.a(libm_machine_arm_s_floor.c.o)
 .debug_aranges
                0x000004e0       0x20 /opt/wonderful/toolchain/gcc-arm-none-eabi/lib/gcc/arm-none-eabi/14.2.0/thumb/arm946e-s/libgcc.a(_thumb1_case_uqi.o)
 .debug_aranges
                0x00000500       0x20 /opt/wonderful/toolchain/gcc-arm-none-eabi/lib/gcc/arm-none-eabi/14.2.0/thumb/arm946e-s/libgcc.a(_thumb1_case_uhi.o)
 .debug_aranges
                0x00000520       0x20 /opt/wonderful/toolchain/gcc-arm-none-eabi/lib/gcc/arm-none-eabi/14.2.0/thumb/arm946e-s/libgcc.a(_udivsi3.o)
 .debug_aranges
                0x00000540       0x20 /opt/wonderful/toolchain/gcc-arm-none-eabi/lib/gcc/arm-none-eabi/14.2.0/thumb/arm946e-s/libgcc.a(_divsi3.o)
 .debug_aranges
                0x00000560       0x20 /opt/wonderful/toolchain/gcc-arm-none-eabi/lib/gcc/arm-none-eabi/14.2.0/thumb/arm946e-s/libgcc.a(_dvmd_tls.o)
 .debug_aranges
                0x00000580       0x20 /opt/wonderful/toolchain/gcc-arm-none-eabi/lib/gcc/arm-none-eabi/14.2.0/thumb/arm946e-s/libgcc.a(_lshrdi3.o)
 .debug_aranges
                0x000005a0       0x20 /opt/wonderful/toolchain/gcc-arm-none-eabi/lib/gcc/arm-none-eabi/14.2.0/thumb/arm946e-s/libgcc.a(_ashrdi3.o)
 .debug_aranges
                0x000005c0       0x20 /opt/wonderful/toolchain/gcc-arm-none-eabi/lib/gcc/arm-none-eabi/14.2.0/thumb/arm946e-s/libgcc.a(_ashldi3.o)
 .debug_aranges
                0x000005e0       0x20 /opt/wonderful/toolchain/gcc-arm-none-eabi/lib/gcc/arm-none-eabi/14.2.0/thumb/arm946e-s/libgcc.a(_arm_addsubdf3.o)
 .debug_aranges
                0x00000600       0x20 /opt/wonderful/toolchain/gcc-arm-none-eabi/lib/gcc/arm-none-eabi/14.2.0/thumb/arm946e-s/libgcc.a(_arm_muldivdf3.o)
 .debug_aranges
                0x00000620       0x20 /opt/wonderful/toolchain/gcc-arm-none-eabi/lib/gcc/arm-none-eabi/14.2.0/thumb/arm946e-s/libgcc.a(_arm_cmpdf2.o)
 .debug_aranges
                0x00000640       0x20 /opt/wonderful/toolchain/gcc-arm-none-eabi/lib/gcc/arm-none-eabi/14.2.0/thumb/arm946e-s/libgcc.a(_arm_fixdfsi.o)
 .debug_aranges
                0x00000660       0x20 /opt/wonderful/toolchain/gcc-arm-none-eabi/lib/gcc/arm-none-eabi/14.2.0/thumb/arm946e-s/libgcc.a(_arm_truncdfsf2.o)
 .debug_aranges
                0x00000680       0x20 /opt/wonderful/toolchain/gcc-arm-none-eabi/lib/gcc/arm-none-eabi/14.2.0/thumb/arm946e-s/libgcc.a(_arm_addsubsf3.o)
 .debug_aranges
                0x000006a0       0x20 /opt/wonderful/toolchain/gcc-arm-none-eabi/lib/gcc/arm-none-eabi/14.2.0/thumb/arm946e-s/libgcc.a(_arm_muldivsf3.o)
 .debug_aranges
                0x000006c0       0x20 /opt/wonderful/toolchain/gcc-arm-none-eabi/lib/gcc/arm-none-eabi/14.2.0/thumb/arm946e-s/libgcc.a(_clzsi2.o)
 .debug_aranges
                0x000006e0       0x20 /opt/wonderful/toolchain/gcc-arm-none-eabi/lib/gcc/arm-none-eabi/14.2.0/thumb/arm946e-s/libgcc.a(_aeabi_uldivmod.o)
 .debug_aranges
                0x00000700       0x20 /opt/wonderful/toolchain/gcc-arm-none-eabi/lib/gcc/arm-none-eabi/14.2.0/thumb/arm946e-s/libgcc.a(_muldi3.o)
 .debug_aranges
                0x00000720       0x20 /opt/wonderful/toolchain/gcc-arm-none-eabi/lib/gcc/arm-none-eabi/14.2.0/thumb/arm946e-s/libgcc.a(_udivmoddi4.o)
 .debug_aranges
                0x00000740       0x20 /opt/wonderful/toolchain/gcc-arm-none-eabi/lib/gcc/arm-none-eabi/14.2.0/thumb/arm946e-s/libgcc.a(_clzdi2.o)

.debug_pubnames
 *(.debug_pubnames)

.debug_info     0x00000000     0x8ed8
 *(.debug_info .gnu.linkonce.wi.*)
 .debug_info    0x00000000      0x20a /opt/wonderful/toolchain/gcc-arm-none-eabi/lib/gcc/arm-none-eabi/14.2.0/../../../../arm-none-eabi/lib/thumb/arm946e-s/libc.a(malloc-calloc.c.o)
 .debug_info    0x0000020a      0x431 /opt/wonderful/toolchain/gcc-arm-none-eabi/lib/gcc/arm-none-eabi/14.2.0/../../../../arm-none-eabi/lib/thumb/arm946e-s/libc.a(malloc-free.c.o)
 .debug_info    0x0000063b      0x573 /opt/wonderful/toolchain/gcc-arm-none-eabi/lib/gcc/arm-none-eabi/14.2.0/../../../../arm-none-eabi/lib/thumb/arm946e-s/libc.a(malloc-malloc.c.o)
 .debug_info    0x00000bae       0x80 /opt/wonderful/toolchain/gcc-arm-none-eabi/lib/gcc/arm-none-eabi/14.2.0/../../../../arm-none-eabi/lib/thumb/arm946e-s/libc.a(libc_errno_errno.c.o)
 .debug_info    0x00000c2e      0x104 /opt/wonderful/toolchain/gcc-arm-none-eabi/lib/gcc/arm-none-eabi/14.2.0/../../../../arm-none-eabi/lib/thumb/arm946e-s/libc.a(libc_misc_init.c.o)
 .debug_info    0x00000d32       0xa0 /opt/wonderful/toolchain/gcc-arm-none-eabi/lib/gcc/arm-none-eabi/14.2.0/../../../../arm-none-eabi/lib/thumb/arm946e-s/libc.a(libc_stdlib_rand.c.o)
 .debug_info    0x00000dd2       0xb4 /opt/wonderful/toolchain/gcc-arm-none-eabi/lib/gcc/arm-none-eabi/14.2.0/../../../../arm-none-eabi/lib/thumb/arm946e-s/libc.a(libc_stdlib_random.c.o)
 .debug_info    0x00000e86      0x113 /opt/wonderful/toolchain/gcc-arm-none-eabi/lib/gcc/arm-none-eabi/14.2.0/../../../../arm-none-eabi/lib/thumb/arm946e-s/libc.a(libc_stdlib_pico-exit.c.o)
 .debug_info    0x00000f99      0x182 /opt/wonderful/toolchain/gcc-arm-none-eabi/lib/gcc/arm-none-eabi/14.2.0/../../../../arm-none-eabi/lib/thumb/arm946e-s/libc.a(libc_tinystdio_fflush.c.o)
 .debug_info    0x0000111b      0x75c /opt/wonderful/toolchain/gcc-arm-none-eabi/lib/gcc/arm-none-eabi/14.2.0/../../../../arm-none-eabi/lib/thumb/arm946e-s/libc.a(libc_tinystdio_fwrite.c.o)
 .debug_info    0x00001877      0x20e /opt/wonderful/toolchain/gcc-arm-none-eabi/lib/gcc/arm-none-eabi/14.2.0/../../../../arm-none-eabi/lib/thumb/arm946e-s/libc.a(libc_tinystdio_printf.c.o)
 .debug_info    0x00001a85      0x1f2 /opt/wonderful/toolchain/gcc-arm-none-eabi/lib/gcc/arm-none-eabi/14.2.0/../../../../arm-none-eabi/lib/thumb/arm946e-s/libc.a(libc_tinystdio_puts.c.o)
 .debug_info    0x00001c77      0x2b3 /opt/wonderful/toolchain/gcc-arm-none-eabi/lib/gcc/arm-none-eabi/14.2.0/../../../../arm-none-eabi/lib/thumb/arm946e-s/libc.a(libc_tinystdio_setvbuf.c.o)
 .debug_info    0x00001f2a      0xbdd /opt/wonderful/toolchain/gcc-arm-none-eabi/lib/gcc/arm-none-eabi/14.2.0/../../../../arm-none-eabi/lib/thumb/arm946e-s/libc.a(libc_tinystdio_vfprintf.c.o)
 .debug_info    0x00002b07     0x11ee /opt/wonderful/toolchain/gcc-arm-none-eabi/lib/gcc/arm-none-eabi/14.2.0/../../../../arm-none-eabi/lib/thumb/arm946e-s/libc.a(libc_tinystdio_dtoa_ryu.c.o)
 .debug_info    0x00003cf5       0xf4 /opt/wonderful/toolchain/gcc-arm-none-eabi/lib/gcc/arm-none-eabi/14.2.0/../../../../arm-none-eabi/lib/thumb/arm946e-s/libc.a(libc_tinystdio_ryu_log10.c.o)
 .debug_info    0x00003de9       0xcb /opt/wonderful/toolchain/gcc-arm-none-eabi/lib/gcc/arm-none-eabi/14.2.0/../../../../arm-none-eabi/lib/thumb/arm946e-s/libc.a(libc_tinystdio_ryu_pow5bits.c.o)
 .debug_info    0x00003eb4      0x59d /opt/wonderful/toolchain/gcc-arm-none-eabi/lib/gcc/arm-none-eabi/14.2.0/../../../../arm-none-eabi/lib/thumb/arm946e-s/libc.a(libc_tinystdio_ryu_table.c.o)
 .debug_info    0x00004451      0x2b3 /opt/wonderful/toolchain/gcc-arm-none-eabi/lib/gcc/arm-none-eabi/14.2.0/../../../../arm-none-eabi/lib/thumb/arm946e-s/libc.a(libc_tinystdio_ryu_umul128.c.o)
 .debug_info    0x00004704      0x339 /opt/wonderful/toolchain/gcc-arm-none-eabi/lib/gcc/arm-none-eabi/14.2.0/../../../../arm-none-eabi/lib/thumb/arm946e-s/libc.a(libm_math_s_cos.c.o)
 .debug_info    0x00004a3d      0x807 /opt/wonderful/toolchain/gcc-arm-none-eabi/lib/gcc/arm-none-eabi/14.2.0/../../../../arm-none-eabi/lib/thumb/arm946e-s/libc.a(libm_math_s_rem_pio2.c.o)
 .debug_info    0x00005244      0x33d /opt/wonderful/toolchain/gcc-arm-none-eabi/lib/gcc/arm-none-eabi/14.2.0/../../../../arm-none-eabi/lib/thumb/arm946e-s/libc.a(libm_math_s_sin.c.o)
 .debug_info    0x00005581       0xf9 /opt/wonderful/toolchain/gcc-arm-none-eabi/lib/gcc/arm-none-eabi/14.2.0/../../../../arm-none-eabi/lib/thumb/arm946e-s/libc.a(libm_common_math_err_invalid.c.o)
 .debug_info    0x0000567a       0xf0 /opt/wonderful/toolchain/gcc-arm-none-eabi/lib/gcc/arm-none-eabi/14.2.0/../../../../arm-none-eabi/lib/thumb/arm946e-s/libc.a(libc_misc_fini.c.o)
 .debug_info    0x0000576a       0xde /opt/wonderful/toolchain/gcc-arm-none-eabi/lib/gcc/arm-none-eabi/14.2.0/../../../../arm-none-eabi/lib/thumb/arm946e-s/libc.a(libc_string_strnlen.c.o)
 .debug_info    0x00005848      0xe82 /opt/wonderful/toolchain/gcc-arm-none-eabi/lib/gcc/arm-none-eabi/14.2.0/../../../../arm-none-eabi/lib/thumb/arm946e-s/libc.a(libc_tinystdio_bufio.c.o)
 .debug_info    0x000066ca      0x2c8 /opt/wonderful/toolchain/gcc-arm-none-eabi/lib/gcc/arm-none-eabi/14.2.0/../../../../arm-none-eabi/lib/thumb/arm946e-s/libc.a(libc_tinystdio_dtox_engine.c.o)
 .debug_info    0x00006992      0x408 /opt/wonderful/toolchain/gcc-arm-none-eabi/lib/gcc/arm-none-eabi/14.2.0/../../../../arm-none-eabi/lib/thumb/arm946e-s/libc.a(libm_math_k_cos.c.o)
 .debug_info    0x00006d9a      0x5be /opt/wonderful/toolchain/gcc-arm-none-eabi/lib/gcc/arm-none-eabi/14.2.0/../../../../arm-none-eabi/lib/thumb/arm946e-s/libc.a(libm_math_k_rem_pio2.c.o)
 .debug_info    0x00007358      0x373 /opt/wonderful/toolchain/gcc-arm-none-eabi/lib/gcc/arm-none-eabi/14.2.0/../../../../arm-none-eabi/lib/thumb/arm946e-s/libc.a(libm_math_k_sin.c.o)
 .debug_info    0x000076cb      0x402 /opt/wonderful/toolchain/gcc-arm-none-eabi/lib/gcc/arm-none-eabi/14.2.0/../../../../arm-none-eabi/lib/thumb/arm946e-s/libc.a(libm_common_s_scalbn.c.o)
 .debug_info    0x00007acd      0x1c5 /opt/wonderful/toolchain/gcc-arm-none-eabi/lib/gcc/arm-none-eabi/14.2.0/../../../../arm-none-eabi/lib/thumb/arm946e-s/libc.a(libm_common_s_fpclassify.c.o)
 .debug_info    0x00007c92       0xf5 /opt/wonderful/toolchain/gcc-arm-none-eabi/lib/gcc/arm-none-eabi/14.2.0/../../../../arm-none-eabi/lib/thumb/arm946e-s/libc.a(libm_common_math_err_uflow.c.o)
 .debug_info    0x00007d87       0xf5 /opt/wonderful/toolchain/gcc-arm-none-eabi/lib/gcc/arm-none-eabi/14.2.0/../../../../arm-none-eabi/lib/thumb/arm946e-s/libc.a(libm_common_math_err_oflow.c.o)
 .debug_info    0x00007e7c      0x29d /opt/wonderful/toolchain/gcc-arm-none-eabi/lib/gcc/arm-none-eabi/14.2.0/../../../../arm-none-eabi/lib/thumb/arm946e-s/libc.a(libm_machine_arm_s_floor.c.o)
 .debug_info    0x00008119       0x31 /opt/wonderful/toolchain/gcc-arm-none-eabi/lib/gcc/arm-none-eabi/14.2.0/thumb/arm946e-s/libgcc.a(_thumb1_case_uqi.o)
 .debug_info    0x0000814a       0x31 /opt/wonderful/toolchain/gcc-arm-none-eabi/lib/gcc/arm-none-eabi/14.2.0/thumb/arm946e-s/libgcc.a(_thumb1_case_uhi.o)
 .debug_info    0x0000817b       0x3e /opt/wonderful/toolchain/gcc-arm-none-eabi/lib/gcc/arm-none-eabi/14.2.0/thumb/arm946e-s/libgcc.a(_udivsi3.o)
 .debug_info    0x000081b9       0x3e /opt/wonderful/toolchain/gcc-arm-none-eabi/lib/gcc/arm-none-eabi/14.2.0/thumb/arm946e-s/libgcc.a(_divsi3.o)
 .debug_info    0x000081f7       0x3c /opt/wonderful/toolchain/gcc-arm-none-eabi/lib/gcc/arm-none-eabi/14.2.0/thumb/arm946e-s/libgcc.a(_dvmd_tls.o)
 .debug_info    0x00008233       0x3c /opt/wonderful/toolchain/gcc-arm-none-eabi/lib/gcc/arm-none-eabi/14.2.0/thumb/arm946e-s/libgcc.a(_lshrdi3.o)
 .debug_info    0x0000826f       0x3c /opt/wonderful/toolchain/gcc-arm-none-eabi/lib/gcc/arm-none-eabi/14.2.0/thumb/arm946e-s/libgcc.a(_ashrdi3.o)
 .debug_info    0x000082ab       0x3c /opt/wonderful/toolchain/gcc-arm-none-eabi/lib/gcc/arm-none-eabi/14.2.0/thumb/arm946e-s/libgcc.a(_ashldi3.o)
 .debug_info    0x000082e7       0xd3 /opt/wonderful/toolchain/gcc-arm-none-eabi/lib/gcc/arm-none-eabi/14.2.0/thumb/arm946e-s/libgcc.a(_arm_addsubdf3.o)
 .debug_info    0x000083ba       0x57 /opt/wonderful/toolchain/gcc-arm-none-eabi/lib/gcc/arm-none-eabi/14.2.0/thumb/arm946e-s/libgcc.a(_arm_muldivdf3.o)
 .debug_info    0x00008411       0xe2 /opt/wonderful/toolchain/gcc-arm-none-eabi/lib/gcc/arm-none-eabi/14.2.0/thumb/arm946e-s/libgcc.a(_arm_cmpdf2.o)
 .debug_info    0x000084f3       0x3c /opt/wonderful/toolchain/gcc-arm-none-eabi/lib/gcc/arm-none-eabi/14.2.0/thumb/arm946e-s/libgcc.a(_arm_fixdfsi.o)
 .debug_info    0x0000852f       0x3f /opt/wonderful/toolchain/gcc-arm-none-eabi/lib/gcc/arm-none-eabi/14.2.0/thumb/arm946e-s/libgcc.a(_arm_truncdfsf2.o)
 .debug_info    0x0000856e       0xca /opt/wonderful/toolchain/gcc-arm-none-eabi/lib/gcc/arm-none-eabi/14.2.0/thumb/arm946e-s/libgcc.a(_arm_addsubsf3.o)
 .debug_info    0x00008638       0x57 /opt/wonderful/toolchain/gcc-arm-none-eabi/lib/gcc/arm-none-eabi/14.2.0/thumb/arm946e-s/libgcc.a(_arm_muldivsf3.o)
 .debug_info    0x0000868f       0x31 /opt/wonderful/toolchain/gcc-arm-none-eabi/lib/gcc/arm-none-eabi/14.2.0/thumb/arm946e-s/libgcc.a(_clzsi2.o)
 .debug_info    0x000086c0       0x24 /opt/wonderful/toolchain/gcc-arm-none-eabi/lib/gcc/arm-none-eabi/14.2.0/thumb/arm946e-s/libgcc.a(_aeabi_uldivmod.o)
 .debug_info    0x000086e4      0x420 /opt/wonderful/toolchain/gcc-arm-none-eabi/lib/gcc/arm-none-eabi/14.2.0/thumb/arm946e-s/libgcc.a(_muldi3.o)
 .debug_info    0x00008b04      0x3a3 /opt/wonderful/toolchain/gcc-arm-none-eabi/lib/gcc/arm-none-eabi/14.2.0/thumb/arm946e-s/libgcc.a(_udivmoddi4.o)
 .debug_info    0x00008ea7       0x31 /opt/wonderful/toolchain/gcc-arm-none-eabi/lib/gcc/arm-none-eabi/14.2.0/thumb/arm946e-s/libgcc.a(_clzdi2.o)

.debug_abbrev   0x00000000     0x3547
 *(.debug_abbrev)
 .debug_abbrev  0x00000000      0x18a /opt/wonderful/toolchain/gcc-arm-none-eabi/lib/gcc/arm-none-eabi/14.2.0/../../../../arm-none-eabi/lib/thumb/arm946e-s/libc.a(malloc-calloc.c.o)
 .debug_abbrev  0x0000018a      0x1d9 /opt/wonderful/toolchain/gcc-arm-none-eabi/lib/gcc/arm-none-eabi/14.2.0/../../../../arm-none-eabi/lib/thumb/arm946e-s/libc.a(malloc-free.c.o)
 .debug_abbrev  0x00000363      0x237 /opt/wonderful/toolchain/gcc-arm-none-eabi/lib/gcc/arm-none-eabi/14.2.0/../../../../arm-none-eabi/lib/thumb/arm946e-s/libc.a(malloc-malloc.c.o)
 .debug_abbrev  0x0000059a       0x48 /opt/wonderful/toolchain/gcc-arm-none-eabi/lib/gcc/arm-none-eabi/14.2.0/../../../../arm-none-eabi/lib/thumb/arm946e-s/libc.a(libc_errno_errno.c.o)
 .debug_abbrev  0x000005e2       0xc9 /opt/wonderful/toolchain/gcc-arm-none-eabi/lib/gcc/arm-none-eabi/14.2.0/../../../../arm-none-eabi/lib/thumb/arm946e-s/libc.a(libc_misc_init.c.o)
 .debug_abbrev  0x000006ab       0x63 /opt/wonderful/toolchain/gcc-arm-none-eabi/lib/gcc/arm-none-eabi/14.2.0/../../../../arm-none-eabi/lib/thumb/arm946e-s/libc.a(libc_stdlib_rand.c.o)
 .debug_abbrev  0x0000070e       0x70 /opt/wonderful/toolchain/gcc-arm-none-eabi/lib/gcc/arm-none-eabi/14.2.0/../../../../arm-none-eabi/lib/thumb/arm946e-s/libc.a(libc_stdlib_random.c.o)
 .debug_abbrev  0x0000077e       0xd4 /opt/wonderful/toolchain/gcc-arm-none-eabi/lib/gcc/arm-none-eabi/14.2.0/../../../../arm-none-eabi/lib/thumb/arm946e-s/libc.a(libc_stdlib_pico-exit.c.o)
 .debug_abbrev  0x00000852       0xca /opt/wonderful/toolchain/gcc-arm-none-eabi/lib/gcc/arm-none-eabi/14.2.0/../../../../arm-none-eabi/lib/thumb/arm946e-s/libc.a(libc_tinystdio_fflush.c.o)
 .debug_abbrev  0x0000091c      0x24c /opt/wonderful/toolchain/gcc-arm-none-eabi/lib/gcc/arm-none-eabi/14.2.0/../../../../arm-none-eabi/lib/thumb/arm946e-s/libc.a(libc_tinystdio_fwrite.c.o)
 .debug_abbrev  0x00000b68      0x147 /opt/wonderful/toolchain/gcc-arm-none-eabi/lib/gcc/arm-none-eabi/14.2.0/../../../../arm-none-eabi/lib/thumb/arm946e-s/libc.a(libc_tinystdio_printf.c.o)
 .debug_abbrev  0x00000caf      0x113 /opt/wonderful/toolchain/gcc-arm-none-eabi/lib/gcc/arm-none-eabi/14.2.0/../../../../arm-none-eabi/lib/thumb/arm946e-s/libc.a(libc_tinystdio_puts.c.o)
 .debug_abbrev  0x00000dc2       0xfb /opt/wonderful/toolchain/gcc-arm-none-eabi/lib/gcc/arm-none-eabi/14.2.0/../../../../arm-none-eabi/lib/thumb/arm946e-s/libc.a(libc_tinystdio_setvbuf.c.o)
 .debug_abbrev  0x00000ebd      0x2d4 /opt/wonderful/toolchain/gcc-arm-none-eabi/lib/gcc/arm-none-eabi/14.2.0/../../../../arm-none-eabi/lib/thumb/arm946e-s/libc.a(libc_tinystdio_vfprintf.c.o)
 .debug_abbrev  0x00001191      0x386 /opt/wonderful/toolchain/gcc-arm-none-eabi/lib/gcc/arm-none-eabi/14.2.0/../../../../arm-none-eabi/lib/thumb/arm946e-s/libc.a(libc_tinystdio_dtoa_ryu.c.o)
 .debug_abbrev  0x00001517       0x8e /opt/wonderful/toolchain/gcc-arm-none-eabi/lib/gcc/arm-none-eabi/14.2.0/../../../../arm-none-eabi/lib/thumb/arm946e-s/libc.a(libc_tinystdio_ryu_log10.c.o)
 .debug_abbrev  0x000015a5       0x6f /opt/wonderful/toolchain/gcc-arm-none-eabi/lib/gcc/arm-none-eabi/14.2.0/../../../../arm-none-eabi/lib/thumb/arm946e-s/libc.a(libc_tinystdio_ryu_pow5bits.c.o)
 .debug_abbrev  0x00001614      0x16f /opt/wonderful/toolchain/gcc-arm-none-eabi/lib/gcc/arm-none-eabi/14.2.0/../../../../arm-none-eabi/lib/thumb/arm946e-s/libc.a(libc_tinystdio_ryu_table.c.o)
 .debug_abbrev  0x00001783       0xe2 /opt/wonderful/toolchain/gcc-arm-none-eabi/lib/gcc/arm-none-eabi/14.2.0/../../../../arm-none-eabi/lib/thumb/arm946e-s/libc.a(libc_tinystdio_ryu_umul128.c.o)
 .debug_abbrev  0x00001865      0x1e1 /opt/wonderful/toolchain/gcc-arm-none-eabi/lib/gcc/arm-none-eabi/14.2.0/../../../../arm-none-eabi/lib/thumb/arm946e-s/libc.a(libm_math_s_cos.c.o)
 .debug_abbrev  0x00001a46      0x23c /opt/wonderful/toolchain/gcc-arm-none-eabi/lib/gcc/arm-none-eabi/14.2.0/../../../../arm-none-eabi/lib/thumb/arm946e-s/libc.a(libm_math_s_rem_pio2.c.o)
 .debug_abbrev  0x00001c82      0x1d8 /opt/wonderful/toolchain/gcc-arm-none-eabi/lib/gcc/arm-none-eabi/14.2.0/../../../../arm-none-eabi/lib/thumb/arm946e-s/libc.a(libm_math_s_sin.c.o)
 .debug_abbrev  0x00001e5a       0xb0 /opt/wonderful/toolchain/gcc-arm-none-eabi/lib/gcc/arm-none-eabi/14.2.0/../../../../arm-none-eabi/lib/thumb/arm946e-s/libc.a(libm_common_math_err_invalid.c.o)
 .debug_abbrev  0x00001f0a       0xc9 /opt/wonderful/toolchain/gcc-arm-none-eabi/lib/gcc/arm-none-eabi/14.2.0/../../../../arm-none-eabi/lib/thumb/arm946e-s/libc.a(libc_misc_fini.c.o)
 .debug_abbrev  0x00001fd3       0x8f /opt/wonderful/toolchain/gcc-arm-none-eabi/lib/gcc/arm-none-eabi/14.2.0/../../../../arm-none-eabi/lib/thumb/arm946e-s/libc.a(libc_string_strnlen.c.o)
 .debug_abbrev  0x00002062      0x35a /opt/wonderful/toolchain/gcc-arm-none-eabi/lib/gcc/arm-none-eabi/14.2.0/../../../../arm-none-eabi/lib/thumb/arm946e-s/libc.a(libc_tinystdio_bufio.c.o)
 .debug_abbrev  0x000023bc      0x1a1 /opt/wonderful/toolchain/gcc-arm-none-eabi/lib/gcc/arm-none-eabi/14.2.0/../../../../arm-none-eabi/lib/thumb/arm946e-s/libc.a(libc_tinystdio_dtox_engine.c.o)
 .debug_abbrev  0x0000255d      0x1ab /opt/wonderful/toolchain/gcc-arm-none-eabi/lib/gcc/arm-none-eabi/14.2.0/../../../../arm-none-eabi/lib/thumb/arm946e-s/libc.a(libm_math_k_cos.c.o)
 .debug_abbrev  0x00002708      0x181 /opt/wonderful/toolchain/gcc-arm-none-eabi/lib/gcc/arm-none-eabi/14.2.0/../../../../arm-none-eabi/lib/thumb/arm946e-s/libc.a(libm_math_k_rem_pio2.c.o)